[    0.000000] Booting Linux on physical CPU 0x0000000000 [0x611f0221]
[    0.000000] Linux version 6.5.0-asahi-14-1-ARCH (linux-asahi@archlinux) (gcc (GCC) 12.1.0, GNU ld (GNU Binutils) 2.38) #7 SMP PREEMPT_DYNAMIC Tue, 30 Apr 2024 17:52:40 +0000
[    0.000000] random: crng init done
[    0.000000] Machine model: Apple MacBook Air (M1, 2020)
[    0.000000] efi: EFI v2.10 by Das U-Boot
[    0.000000] efi: RTPROP=0xbd9dd1040 INITRD=0xbd9da1040 MEMRESERVE=0xbd9da0040 
[    0.000000] OF: reserved mem: 0x0000000800a10000..0x0000000801433fff (10384 KiB) nomap non-reusable asc-firmware@800a10000
[    0.000000] OF: reserved mem: 0x0000000801a54000..0x0000000801e83fff (4288 KiB) nomap non-reusable asc-firmware@801a54000
[    0.000000] OF: reserved mem: 0x0000000bdeef8000..0x0000000bdf0a3fff (1712 KiB) nomap non-reusable isp-heap
[    0.000000] OF: reserved mem: 0x0000000be20e4000..0x0000000be4e3ffff (46448 KiB) nomap non-reusable framebuffer@be20e4000
[    0.000000] OF: reserved mem: 0x0000000be4e40000..0x0000000be4efffff (768 KiB) nomap non-reusable region95@be4e40000
[    0.000000] OF: reserved mem: 0x0000000be4f00000..0x0000000be4f03fff (16 KiB) nomap non-reusable region94@be4f00000
[    0.000000] OF: reserved mem: 0x0000000be4f04000..0x0000000be5f03fff (16384 KiB) nomap non-reusable region57@be4f04000
[    0.000000] OF: reserved mem: 0x0000000be5f04000..0x0000000be6203fff (3072 KiB) nomap non-reusable dcp_data@be5f04000
[    0.000000] OF: reserved mem: 0x0000000bfff74000..0x0000000bfff77fff (16 KiB) nomap non-reusable uat-handoff
[    0.000000] OF: reserved mem: 0x0000000bfff78000..0x0000000bfffb7fff (256 KiB) nomap non-reusable uat-pagetables
[    0.000000] OF: reserved mem: 0x0000000bfffb8000..0x0000000bfffbbfff (16 KiB) nomap non-reusable uat-ttbs
[    0.000000] Zone ranges:
[    0.000000]   DMA      [mem 0x0000000800a10000-0x0000000bfffbbfff]
[    0.000000]   DMA32    empty
[    0.000000]   Normal   empty
[    0.000000] Movable zone start for each node
[    0.000000] Early memory node ranges
[    0.000000]   node   0: [mem 0x0000000800a10000-0x0000000801433fff]
[    0.000000]   node   0: [mem 0x0000000801a54000-0x0000000801e83fff]
[    0.000000]   node   0: [mem 0x0000000801f7c000-0x0000000803063fff]
[    0.000000]   node   0: [mem 0x0000000803064000-0x000000080313ffff]
[    0.000000]   node   0: [mem 0x0000000803140000-0x0000000804d97fff]
[    0.000000]   node   0: [mem 0x0000000804d98000-0x0000000804db7fff]
[    0.000000]   node   0: [mem 0x0000000804db8000-0x0000000bd9dcffff]
[    0.000000]   node   0: [mem 0x0000000bd9dd0000-0x0000000bd9ddbfff]
[    0.000000]   node   0: [mem 0x0000000bd9ddc000-0x0000000bdee1ffff]
[    0.000000]   node   0: [mem 0x0000000bdee20000-0x0000000bdee2ffff]
[    0.000000]   node   0: [mem 0x0000000bdee30000-0x0000000bdeef3fff]
[    0.000000]   node   0: [mem 0x0000000bdeef8000-0x0000000bdf0a3fff]
[    0.000000]   node   0: [mem 0x0000000be20e4000-0x0000000be6203fff]
[    0.000000]   node   0: [mem 0x0000000bfff74000-0x0000000bfffbbfff]
[    0.000000] Initmem setup node 0 [mem 0x0000000800a10000-0x0000000bfffbbfff]
[    0.000000] On node 0, zone DMA: 644 pages in unavailable ranges
[    0.000000] On node 0, zone DMA: 392 pages in unavailable ranges
[    0.000000] On node 0, zone DMA: 62 pages in unavailable ranges
[    0.000000] On node 0, zone DMA: 1 pages in unavailable ranges
[    0.000000] On node 0, zone DMA: 3088 pages in unavailable ranges
[    0.000000] On node 0, zone DMA: 10076 pages in unavailable ranges
[    0.000000] On node 0, zone DMA: 17 pages in unavailable ranges
[    0.000000] cma: Reserved 64 MiB at 0x0000000806000000
[    0.000000] percpu: Embedded 6 pages/cpu s49576 r8192 d40536 u98304
[    0.000000] pcpu-alloc: s49576 r8192 d40536 u98304 alloc=6*16384
[    0.000000] pcpu-alloc: [0] 0 [0] 1 [0] 2 [0] 3 [0] 4 [0] 5 [0] 6 [0] 7 
[    0.000000] Detected VIPT I-cache on CPU0
[    0.000000] CPU features: detected: Address authentication (IMP DEF algorithm)
[    0.000000] CPU features: detected: Virtualization Host Extensions
[    0.000000] CPU features: detected: Spectre-v4
[    0.000000] alternatives: applying boot alternatives
[    0.000000] Kernel command line: BOOT_IMAGE=/boot/vmlinuz-linux-asahi root=UUID=837a64e2-c465-4282-a4b5-32016d866b2e rw loglevel=3 quiet
[    0.000000] Unknown kernel command line parameters "BOOT_IMAGE=/boot/vmlinuz-linux-asahi", will be passed to user space.
[    0.000000] Dentry cache hash table entries: 2097152 (order: 10, 16777216 bytes, linear)
[    0.000000] Inode-cache hash table entries: 1048576 (order: 9, 8388608 bytes, linear)
[    0.000000] Built 1 zonelists, mobility grouping on.  Total pages: 1013818
[    0.000000] mem auto-init: stack:off, heap alloc:off, heap free:off
[    0.000000] software IO TLB: area num 8.
[    0.000000] software IO TLB: mapped [mem 0x0000000bd5d9c000-0x0000000bd9d9c000] (64MB)
[    0.000000] Memory: 15942144K/16286592K available (11648K kernel code, 1612K rwdata, 4048K rodata, 2560K init, 657K bss, 278912K reserved, 65536K cma-reserved)
[    0.000000] SLUB: HWalign=64, Order=0-3, MinObjects=0, CPUs=8, Nodes=1
[    0.000000] Dynamic Preempt: full
[    0.000000] rcu: Preemptible hierarchical RCU implementation.
[    0.000000] rcu: 	RCU restricting CPUs from NR_CPUS=64 to nr_cpu_ids=8.
[    0.000000] 	Trampoline variant of Tasks RCU enabled.
[    0.000000] 	Tracing variant of Tasks RCU enabled.
[    0.000000] rcu: RCU calculated value of scheduler-enlistment delay is 100 jiffies.
[    0.000000] rcu: Adjusting geometry for rcu_fanout_leaf=16, nr_cpu_ids=8
[    0.000000] NR_IRQS: 64, nr_irqs: 64, preallocated irqs: 0
[    0.000000] Root IRQ handler: aic_handle_irq
[    0.000000] Root FIQ handler: aic_handle_fiq
[    0.000000] irq_apple_aic: Using Fast IPIs
[    0.000000] irq_apple_aic: Initialized with 896/1024 IRQs * 1/1 die(s), 7 FIQs, 32 vIPIs
[    0.000000] rcu: srcu_init: Setting srcu_struct sizes based on contention.
[    0.000000] arch_timer: cp15 timer(s) running at 24.00MHz (phys).
[    0.000000] clocksource: arch_sys_counter: mask: 0xffffffffffffff max_cycles: 0x588fe9dc0, max_idle_ns: 440795202592 ns
[    0.000000] sched_clock: 56 bits at 24MHz, resolution 41ns, wraps every 4398046511097ns
[    0.000127] Console: colour dummy device 80x25
[    0.000130] printk: console [tty0] enabled
[    0.000146] Calibrating delay loop (skipped), value calculated using timer frequency.. 48.00 BogoMIPS (lpj=24000)
[    0.000149] pid_max: default: 32768 minimum: 301
[    0.000208] LSM: initializing lsm=capability,yama,apparmor
[    0.000240] Yama: becoming mindful.
[    0.000256] AppArmor: AppArmor initialized
[    0.000283] Mount-cache hash table entries: 32768 (order: 4, 262144 bytes, linear)
[    0.000289] Mountpoint-cache hash table entries: 32768 (order: 4, 262144 bytes, linear)
[    0.000490] I'm just testing EMERG level
[    0.000491] I'm just testing ALERT level
[    0.000492] I'm just testing CRIT level
[    0.000492] I'm just testing ERR level
[    0.000492] I'm just testing WARN level
[    0.000493] I'm just testing NOTICE level
[    0.000493] I'm just testing INFO level
[    0.000493] I'm just testing DEBUG level
[    0.000494] init_task->cred=0xffff800081235ad0, init_task->real_cred=0xffff800081235ad0, init_task->sac_cred->value=52d1641f, init_task->sac_real_cred->value=52d1641f
[    0.000503] taskcred: ***OKOKOK1*** pid=0
[    0.000530] taskcred: ***OKOKOK1*** pid=0
[    0.000670] taskcred: ***OKOKOK1*** pid=2
[    0.000686] taskcred: ***OKOKOK1*** pid=2
[    0.000702] taskcred: ***OKOKOK1*** pid=2
[    0.000714] taskcred: ***OKOKOK1*** pid=2
[    0.000727] taskcred: ***OKOKOK1*** pid=2
[    0.000740] taskcred: ***OKOKOK1*** pid=2
[    0.000750] taskcred: ***OKOKOK1*** pid=2
[    0.000774] taskcred: ***OKOKOK1*** pid=2
[    0.000789] taskcred: ***OKOKOK1*** pid=2
[    0.000804] RCU Tasks: Setting shift to 3 and lim to 1 rcu_task_cb_adjust=1.
[    0.000817] taskcred: ***OKOKOK1*** pid=2
[    0.000828] RCU Tasks Trace: Setting shift to 3 and lim to 1 rcu_task_cb_adjust=1.
[    0.000833] taskcred: ***OKOKOK1*** pid=2
[    0.000847] taskcred: ***OKOKOK1*** pid=2
[    0.000861] rcu: Hierarchical SRCU implementation.
[    0.000862] rcu: 	Max phase no-delay instances is 400.
[    0.000867] taskcred: ***OKOKOK1*** pid=2
[    0.000881] taskcred: ***OKOKOK1*** pid=2
[    0.001120] Remapping and enabling EFI services.
[    0.001146] taskcred: ***OKOKOK1*** pid=1
[    0.001156] taskcred: ***OKOKOK1*** pid=1
[    0.001161] taskcred: ***OKOKOK1*** pid=1
[    0.001166] taskcred: ***OKOKOK1*** pid=1
[    0.001171] taskcred: ***OKOKOK1*** pid=1
[    0.001177] taskcred: ***OKOKOK1*** pid=1
[    0.001182] taskcred: ***OKOKOK1*** pid=1
[    0.001190] taskcred: ***OKOKOK1*** pid=2
[    0.001204] smp: Bringing up secondary CPUs ...
[    0.001214] taskcred: ***OKOKOK1*** pid=2
[    0.001227] taskcred: ***OKOKOK1*** pid=2
[    0.001240] taskcred: ***OKOKOK1*** pid=2
[    0.001254] taskcred: ***OKOKOK1*** pid=2
[    0.001265] taskcred: ***OKOKOK1*** pid=2
[    0.001289] Detected VIPT I-cache on CPU1
[    0.001305] CPU1: Booted secondary processor 0x0000000001 [0x611f0221]
[    0.001343] taskcred: ***OKOKOK1*** pid=2
[    0.001357] taskcred: ***OKOKOK1*** pid=2
[    0.001370] taskcred: ***OKOKOK1*** pid=2
[    0.001386] taskcred: ***OKOKOK1*** pid=2
[    0.001398] taskcred: ***OKOKOK1*** pid=2
[    0.001415] Detected VIPT I-cache on CPU2
[    0.001428] CPU2: Booted secondary processor 0x0000000002 [0x611f0221]
[    0.001458] taskcred: ***OKOKOK1*** pid=2
[    0.001472] taskcred: ***OKOKOK1*** pid=2
[    0.001486] taskcred: ***OKOKOK1*** pid=2
[    0.001500] taskcred: ***OKOKOK1*** pid=2
[    0.001512] taskcred: ***OKOKOK1*** pid=2
[    0.001529] Detected VIPT I-cache on CPU3
[    0.001543] CPU3: Booted secondary processor 0x0000000003 [0x611f0221]
[    0.001572] taskcred: ***OKOKOK1*** pid=2
[    0.001585] taskcred: ***OKOKOK1*** pid=2
[    0.001598] taskcred: ***OKOKOK1*** pid=2
[    0.001611] taskcred: ***OKOKOK1*** pid=2
[    0.001622] taskcred: ***OKOKOK1*** pid=2
[    0.001642] Detected VIPT I-cache on CPU4
[    0.001661] CPU4: Booted secondary processor 0x0000010100 [0x611f0231]
[    0.001702] taskcred: ***OKOKOK1*** pid=2
[    0.001716] taskcred: ***OKOKOK1*** pid=2
[    0.001730] taskcred: ***OKOKOK1*** pid=2
[    0.001744] taskcred: ***OKOKOK1*** pid=2
[    0.001755] taskcred: ***OKOKOK1*** pid=2
[    0.001772] Detected VIPT I-cache on CPU5
[    0.001785] CPU5: Booted secondary processor 0x0000010101 [0x611f0231]
[    0.001819] taskcred: ***OKOKOK1*** pid=2
[    0.001832] taskcred: ***OKOKOK1*** pid=2
[    0.001845] taskcred: ***OKOKOK1*** pid=2
[    0.001858] taskcred: ***OKOKOK1*** pid=2
[    0.001869] taskcred: ***OKOKOK1*** pid=2
[    0.001886] Detected VIPT I-cache on CPU6
[    0.001899] CPU6: Booted secondary processor 0x0000010102 [0x611f0231]
[    0.001933] taskcred: ***OKOKOK1*** pid=2
[    0.001946] taskcred: ***OKOKOK1*** pid=2
[    0.001959] taskcred: ***OKOKOK1*** pid=2
[    0.001974] taskcred: ***OKOKOK1*** pid=2
[    0.001999] taskcred: ***OKOKOK1*** pid=2
[    0.002017] Detected VIPT I-cache on CPU7
[    0.002030] CPU7: Booted secondary processor 0x0000010103 [0x611f0231]
[    0.002059] smp: Brought up 1 node, 8 CPUs
[    0.002062] SMP: Total of 8 processors activated.
[    0.002063] CPU features: detected: ARMv8.4 Translation Table Level
[    0.002064] CPU features: detected: Data cache clean to the PoU not required for I/D coherence
[    0.002065] CPU features: detected: Common not Private translations
[    0.002066] CPU features: detected: CRC32 instructions
[    0.002067] CPU features: detected: Data independent timing control (DIT)
[    0.002068] CPU features: detected: E0PD
[    0.002069] CPU features: detected: Enhanced Virtualization Traps
[    0.002070] CPU features: detected: Generic authentication (IMP DEF algorithm)
[    0.002071] CPU features: detected: RCpc load-acquire (LDAPR)
[    0.002072] CPU features: detected: LSE atomic instructions
[    0.002073] CPU features: detected: Privileged Access Never
[    0.002074] CPU features: detected: RAS Extension Support
[    0.002075] CPU features: detected: Speculation barrier (SB)
[    0.002076] CPU features: detected: Stage-2 Force Write-Back
[    0.002077] CPU features: detected: TLB range maintenance instructions
[    0.002078] CPU features: detected: TSO memory model (Apple)
[    0.002079] CPU features: detected: Speculative Store Bypassing Safe (SSBS)
[    0.002103] CPU: All CPU(s) started at EL2
[    0.002104] alternatives: applying system-wide alternatives
[    0.002680] taskcred: ***OKOKOK1*** pid=2
[    0.002762] devtmpfs: initialized
[    0.004570] taskcred: ***OKOKOK1*** pid=2
[    0.004622] clocksource: jiffies: mask: 0xffffffff max_cycles: 0xffffffff, max_idle_ns: 1911260446275000 ns
[    0.004625] futex hash table entries: 2048 (order: 3, 131072 bytes, linear)
[    0.004744] pinctrl core: initialized pinctrl subsystem
[    0.004826] DMI not present or invalid.
[    0.004836] taskcred: ***OKOKOK1*** pid=2
[    0.004934] NET: Registered PF_NETLINK/PF_ROUTE protocol family
[    0.005437] DMA: preallocated 2048 KiB GFP_KERNEL pool for atomic allocations
[    0.005467] DMA: preallocated 2048 KiB GFP_KERNEL|GFP_DMA pool for atomic allocations
[    0.005495] DMA: preallocated 2048 KiB GFP_KERNEL|GFP_DMA32 pool for atomic allocations
[    0.005505] audit: initializing netlink subsys (disabled)
[    0.005514] taskcred: ***OKOKOK1*** pid=2
[    0.005540] audit: type=2000 audit(0.005:1): state=initialized audit_enabled=0 res=1
[    0.005615] thermal_sys: Registered thermal governor 'fair_share'
[    0.005617] thermal_sys: Registered thermal governor 'bang_bang'
[    0.005618] thermal_sys: Registered thermal governor 'step_wise'
[    0.005619] thermal_sys: Registered thermal governor 'user_space'
[    0.005620] thermal_sys: Registered thermal governor 'power_allocator'
[    0.005627] cpuidle: using governor ladder
[    0.005632] cpuidle: using governor menu
[    0.005650] hw-breakpoint: found 6 breakpoint and 4 watchpoint registers.
[    0.005700] ASID allocator initialised with 256 entries
[    0.013656] Modules: 6888 pages in range for non-PLT usage
[    0.013657] Modules: 129768 pages in range for PLT usage
[    0.013718] taskcred: ***OKOKOK1*** pid=2
[    0.013743] taskcred: ***OKOKOK1*** pid=2
[    0.013766] taskcred: ***OKOKOK1*** pid=2
[    0.013799] taskcred: ***OKOKOK1*** pid=2
[    0.013819] HugeTLB: registered 1.00 GiB page size, pre-allocated 0 pages
[    0.013821] HugeTLB: 0 KiB vmemmap can be freed for a 1.00 GiB page
[    0.013822] HugeTLB: registered 32.0 MiB page size, pre-allocated 0 pages
[    0.013823] HugeTLB: 0 KiB vmemmap can be freed for a 32.0 MiB page
[    0.013824] HugeTLB: registered 2.00 MiB page size, pre-allocated 0 pages
[    0.013825] HugeTLB: 0 KiB vmemmap can be freed for a 2.00 MiB page
[    0.013893] taskcred: ***OKOKOK1*** pid=2
[    0.013937] taskcred: ***OKOKOK1*** pid=2
[    0.013951] cryptd: max_cpu_qlen set to 1000
[    0.014004] taskcred: ***OKOKOK1*** pid=2
[    0.014046] taskcred: ***OKOKOK1*** pid=2
[    0.014073] taskcred: ***OKOKOK1*** pid=2
[    0.014199] iommu: Default domain type: Translated
[    0.014201] iommu: DMA domain TLB invalidation policy: strict mode
[    0.014216] taskcred: ***OKOKOK1*** pid=2
[    0.014281] SCSI subsystem initialized
[    0.014316] usbcore: registered new interface driver usbfs
[    0.014322] usbcore: registered new interface driver hub
[    0.014329] usbcore: registered new device driver usb
[    0.014341] pps_core: LinuxPPS API ver. 1 registered
[    0.014342] pps_core: Software ver. 5.3.6 - Copyright 2005-2007 Rodolfo Giometti <giometti@linux.it>
[    0.014356] taskcred: ***OKOKOK1*** pid=2
[    0.014378] taskcred: ***OKOKOK1*** pid=2
[    0.014458] efivars: Registered efivars operations
[    0.014481] taskcred: ***OKOKOK1*** pid=2
[    0.014522] Advanced Linux Sound Architecture Driver Initialized.
[    0.014682] NetLabel: Initializing
[    0.014683] NetLabel:  domain hash size = 128
[    0.014684] NetLabel:  protocols = UNLABELED CIPSOv4 CALIPSO
[    0.014698] NetLabel:  unlabeled traffic allowed by default
[    0.014730] vgaarb: loaded
[    0.014736] taskcred: ***OKOKOK1*** pid=2
[    0.014781] clocksource: Switched to clocksource arch_sys_counter
[    0.014814] taskcred: ***OKOKOK1*** pid=2
[    0.014837] VFS: Disk quotas dquot_6.6.0
[    0.014844] VFS: Dquot-cache hash table entries: 2048 (order 0, 16384 bytes)
[    0.014993] AppArmor: AppArmor Filesystem Enabled
[    0.016412] NET: Registered PF_INET protocol family
[    0.016464] IP idents hash table entries: 262144 (order: 7, 2097152 bytes, linear)
[    0.019685] taskcred: ***OKOKOK1*** pid=2
[    0.019695] tcp_listen_portaddr_hash hash table entries: 8192 (order: 3, 131072 bytes, linear)
[    0.019719] Table-perturb hash table entries: 65536 (order: 4, 262144 bytes, linear)
[    0.019723] TCP established hash table entries: 131072 (order: 6, 1048576 bytes, linear)
[    0.019883] TCP bind hash table entries: 65536 (order: 7, 2097152 bytes, linear)
[    0.020058] TCP: Hash tables configured (established 131072 bind 65536)
[    0.020108] MPTCP token hash table entries: 16384 (order: 4, 393216 bytes, linear)
[    0.020141] UDP hash table entries: 8192 (order: 4, 262144 bytes, linear)
[    0.020176] UDP-Lite hash table entries: 8192 (order: 4, 262144 bytes, linear)
[    0.020248] NET: Registered PF_UNIX/PF_LOCAL protocol family
[    0.020268] taskcred: ***OKOKOK1*** pid=2
[    0.020294] taskcred: ***OKOKOK1*** pid=2
[    0.020348] RPC: Registered named UNIX socket transport module.
[    0.020351] RPC: Registered udp transport module.
[    0.020352] RPC: Registered tcp transport module.
[    0.020352] RPC: Registered tcp-with-tls transport module.
[    0.020353] RPC: Registered tcp NFSv4.1 backchannel transport module.
[    0.020356] PCI: CLS 0 bytes, default 64
[    0.020401] Trying to unpack rootfs image as initramfs...
[    0.028792] taskcred: ***OKOKOK1*** pid=2
[    0.031899] kvm [1]: IPA Size Limit: 36 bits (Reduced IPA size, limited VM/VMM compatibility)
[    0.031907] kvm [1]: Non-architectural vgic, tainting kernel
[    0.031909] kvm [1]: GICv3: no GICV resource entry
[    0.031910] kvm [1]: disabling GICv2 emulation
[    0.031911] kvm [1]: GICv3 with broken locally generated SEI
[    0.031912] kvm [1]: GICv3 sysreg trapping enabled ([G0G1D], reduced performance)
[    0.031928] kvm [1]: GIC system register CPU interface enabled
[    0.031935] kvm [1]: vgic interrupt IRQ33
[    0.031950] kvm [1]: VHE mode initialized successfully
[    0.032403] Initialise system trusted keyrings
[    0.032416] taskcred: ***OKOKOK1*** pid=2
[    0.032439] workingset: timestamp_bits=46 max_order=20 bucket_order=0
[    0.032454] zbud: loaded
[    0.032691] taskcred: ***OKOKOK1*** pid=2
[    0.032756] NFS: Registering the id_resolver key type
[    0.032760] Key type id_resolver registered
[    0.032761] Key type id_legacy registered
[    0.032766] nfs4filelayout_init: NFSv4 File Layout Driver Registering...
[    0.032769] nfs4flexfilelayout_init: NFSv4 Flexfile Layout Driver Registering...
[    0.032859] taskcred: ***OKOKOK1*** pid=2
[    0.032894] taskcred: ***OKOKOK1*** pid=2
[    0.037798] taskcred: ***OKOKOK1*** pid=2
[    0.040330] NET: Registered PF_ALG protocol family
[    0.040335] Key type asymmetric registered
[    0.040337] Asymmetric key parser 'x509' registered
[    0.040339] Asymmetric key parser 'pkcs8' registered
[    0.040357] taskcred: ***OKOKOK1*** pid=2
[    0.040380] taskcred: ***OKOKOK1*** pid=55
[    0.040398] taskcred: ***OKOKOK1*** pid=82
[    0.081800] taskcred: ***OKOKOK1*** pid=2
[    0.134110] Freeing initrd memory: 8784K
[    0.134143] taskcred: ***OKOKOK1*** pid=82
[    0.134144] taskcred: ***OKOKOK4*** pid=82
[    0.134949] taskcred: ***OKOKOK1*** pid=55
[    0.134968] taskcred: ***OKOKOK1*** pid=84
[    0.134977] taskcred: ***OKOKOK1*** pid=84
[    0.134977] taskcred: ***OKOKOK4*** pid=84
[    0.135508] taskcred: ***OKOKOK1*** pid=2
[    0.135546] taskcred: ***OKOKOK1*** pid=2
[    0.135632] taskcred: ***OKOKOK1*** pid=2
[    0.135832] Block layer SCSI generic (bsg) driver version 0.4 loaded (major 250)
[    0.135848] taskcred: ***OKOKOK1*** pid=2
[    0.135877] io scheduler mq-deadline registered
[    0.135879] io scheduler kyber registered
[    0.135900] io scheduler bfq registered
[    0.136502] taskcred: ***OKOKOK1*** pid=2
[    0.136573] taskcred: ***OKOKOK1*** pid=2
[    0.136582] taskcred: ***OKOKOK1*** pid=2
[    0.136729] taskcred: ***OKOKOK1*** pid=2
[    0.140913] apple-pmgr-pwrstate 23d280000.power-management:power-controller@78: always-on domain msg is not on at boot
[    0.141257] 235200000.serial: ttySAC0 at MMIO 0x235200000 (irq = 38, base_baud = 0) is a APPLE S5L
[    0.141259] taskcred: ***OKOKOK1*** pid=2
[    0.141420] 235208000.serial: ttySAC2 at MMIO 0x235208000 (irq = 39, base_baud = 0) is a APPLE S5L
[    0.141751] [drm] Initialized vgem 1.0.0 20120112 for vgem on minor 0
[    0.142110] taskcred: ***OKOKOK1*** pid=2
[    0.142143] taskcred: ***OKOKOK1*** pid=2
[    0.142173] taskcred: ***OKOKOK1*** pid=2
[    0.142741] mousedev: PS/2 mouse device common for all mice
[    0.142884] device-mapper: uevent: version 1.0.3
[    0.142914] device-mapper: ioctl: 4.48.0-ioctl (2023-03-01) initialised: dm-devel@redhat.com
[    0.142923] taskcred: ***OKOKOK1*** pid=2
[    0.143253] ledtrig-cpu: registered to indicate activity on CPUs
[    0.143269] hid: raw HID events driver (C) Jiri Kosina
[    0.143664] watchdog: Delayed init of the lockup detector failed: -19
[    0.143665] watchdog: Hard watchdog permanently disabled
[    0.143776] hw perfevents: enabled with apple_icestorm_pmu PMU driver, 10 counters available
[    0.143881] hw perfevents: enabled with apple_firestorm_pmu PMU driver, 10 counters available
[    0.144126] taskcred: ***OKOKOK1*** pid=2
[    0.144176] Initializing XFRM netlink socket
[    0.144199] NET: Registered PF_INET6 protocol family
[    0.144253] taskcred: ***OKOKOK1*** pid=2
[    0.144325] taskcred: ***OKOKOK1*** pid=2
[    0.144412] taskcred: ***OKOKOK1*** pid=55
[    0.144424] taskcred: ***OKOKOK1*** pid=101
[    0.144432] taskcred: ***OKOKOK1*** pid=101
[    0.144433] taskcred: ***OKOKOK4*** pid=101
[    0.144942] taskcred: ***OKOKOK1*** pid=55
[    0.144954] taskcred: ***OKOKOK1*** pid=102
[    0.144962] taskcred: ***OKOKOK1*** pid=102
[    0.144962] taskcred: ***OKOKOK4*** pid=102
[    0.145459] taskcred: ***OKOKOK1*** pid=2
[    0.145487] taskcred: ***OKOKOK1*** pid=2
[    0.145575] taskcred: ***OKOKOK1*** pid=2
[    0.145727] Segment Routing with IPv6
[    0.145734] In-situ OAM (IOAM) with IPv6
[    0.145749] mip6: Mobile IPv6
[    0.145753] NET: Registered PF_PACKET protocol family
[    0.145761] taskcred: ***OKOKOK1*** pid=2
[    0.145786] Key type dns_resolver registered
[    0.147307] registered taskstats version 1
[    0.147356] Loading compiled-in X.509 certificates
[    0.148628] taskcred: ***OKOKOK1*** pid=2
[    0.148647] Key type .fscrypt registered
[    0.148648] Key type fscrypt-provisioning registered
[    0.148676] taskcred: ***OKOKOK1*** pid=2
[    0.148769] Key type encrypted registered
[    0.148774] AppArmor: AppArmor sha1 policy hashing enabled
[    0.148787] taskcred: ***OKOKOK1*** pid=2
[    0.148821] taskcred: ***OKOKOK1*** pid=2
[    0.149074] taskcred: ***OKOKOK1*** pid=2
[    0.149267] taskcred: ***OKOKOK1*** pid=2
[    0.149520] taskcred: ***OKOKOK1*** pid=2
[    0.149668] taskcred: ***OKOKOK1*** pid=2
[    0.149713] taskcred: ***OKOKOK1*** pid=2
[    0.149815] taskcred: ***OKOKOK1*** pid=2
[    0.149909] taskcred: ***OKOKOK1*** pid=2
[    0.150057] taskcred: ***OKOKOK1*** pid=2
[    0.150240] taskcred: ***OKOKOK1*** pid=2
[    0.150350] taskcred: ***OKOKOK1*** pid=2
[    0.150486] taskcred: ***OKOKOK1*** pid=2
[    0.150619] taskcred: ***OKOKOK1*** pid=2
[    0.150791] taskcred: ***OKOKOK1*** pid=2
[    0.150954] taskcred: ***OKOKOK1*** pid=2
[    0.151102] taskcred: ***OKOKOK1*** pid=2
[    0.151249] taskcred: ***OKOKOK1*** pid=2
[    0.151370] taskcred: ***OKOKOK1*** pid=2
[    0.151554] taskcred: ***OKOKOK1*** pid=2
[    0.151719] taskcred: ***OKOKOK1*** pid=2
[    0.152051] taskcred: ***OKOKOK1*** pid=2
[    0.152217] taskcred: ***OKOKOK1*** pid=2
[    0.152286] taskcred: ***OKOKOK1*** pid=2
[    0.152385] taskcred: ***OKOKOK1*** pid=2
[    0.152473] taskcred: ***OKOKOK1*** pid=2
[    0.152591] taskcred: ***OKOKOK1*** pid=2
[    0.152680] taskcred: ***OKOKOK1*** pid=2
[    0.152784] taskcred: ***OKOKOK1*** pid=2
[    0.152993] taskcred: ***OKOKOK1*** pid=2
[    0.153082] taskcred: ***OKOKOK1*** pid=2
[    0.153153] taskcred: ***OKOKOK1*** pid=2
[    0.153417] taskcred: ***OKOKOK1*** pid=2
[    0.153458] taskcred: ***OKOKOK1*** pid=2
[    0.153546] taskcred: ***OKOKOK1*** pid=2
[    0.154409] taskcred: ***OKOKOK1*** pid=2
[    0.154956] taskcred: ***OKOKOK1*** pid=2
[    0.155071] taskcred: ***OKOKOK1*** pid=2
[    0.155186] taskcred: ***OKOKOK1*** pid=2
[    0.155278] taskcred: ***OKOKOK1*** pid=2
[    0.155457] taskcred: ***OKOKOK1*** pid=2
[    0.155596] taskcred: ***OKOKOK1*** pid=2
[    0.155714] taskcred: ***OKOKOK1*** pid=2
[    0.155838] taskcred: ***OKOKOK1*** pid=2
[    0.155941] taskcred: ***OKOKOK1*** pid=2
[    0.156041] taskcred: ***OKOKOK1*** pid=2
[    0.156137] taskcred: ***OKOKOK1*** pid=2
[    0.156208] taskcred: ***OKOKOK1*** pid=2
[    0.156433] taskcred: ***OKOKOK1*** pid=2
[    0.156468] taskcred: ***OKOKOK1*** pid=55
[    0.156479] taskcred: ***OKOKOK1*** pid=158
[    0.156488] taskcred: ***OKOKOK1*** pid=158
[    0.156488] taskcred: ***OKOKOK4*** pid=158
[    0.156996] taskcred: ***OKOKOK1*** pid=55
[    0.157008] taskcred: ***OKOKOK1*** pid=159
[    0.157015] taskcred: ***OKOKOK1*** pid=159
[    0.157016] taskcred: ***OKOKOK4*** pid=159
[    0.157513] taskcred: ***OKOKOK1*** pid=2
[    0.157542] taskcred: ***OKOKOK1*** pid=2
[    0.157724] taskcred: ***OKOKOK1*** pid=2
[    0.157821] taskcred: ***OKOKOK1*** pid=2
[    0.157865] taskcred: ***OKOKOK1*** pid=2
[    0.157900] taskcred: ***OKOKOK1*** pid=2
[    0.157952] taskcred: ***OKOKOK1*** pid=2
[    0.157985] taskcred: ***OKOKOK1*** pid=2
[    0.158019] taskcred: ***OKOKOK1*** pid=2
[    0.158052] taskcred: ***OKOKOK1*** pid=2
[    0.158093] taskcred: ***OKOKOK1*** pid=2
[    0.158131] taskcred: ***OKOKOK1*** pid=2
[    0.158187] taskcred: ***OKOKOK1*** pid=2
[    0.158220] taskcred: ***OKOKOK1*** pid=2
[    0.158294] taskcred: ***OKOKOK1*** pid=2
[    0.158327] taskcred: ***OKOKOK1*** pid=2
[    0.158360] taskcred: ***OKOKOK1*** pid=2
[    0.158415] taskcred: ***OKOKOK1*** pid=2
[    0.158447] taskcred: ***OKOKOK1*** pid=2
[    0.158479] taskcred: ***OKOKOK1*** pid=2
[    0.158511] taskcred: ***OKOKOK1*** pid=2
[    0.158543] taskcred: ***OKOKOK1*** pid=2
[    0.158576] taskcred: ***OKOKOK1*** pid=2
[    0.158636] taskcred: ***OKOKOK1*** pid=2
[    0.158700] taskcred: ***OKOKOK1*** pid=2
[    0.158767] taskcred: ***OKOKOK1*** pid=2
[    0.158825] taskcred: ***OKOKOK1*** pid=2
[    0.158913] taskcred: ***OKOKOK1*** pid=2
[    0.158945] taskcred: ***OKOKOK1*** pid=2
[    0.159153] taskcred: ***OKOKOK1*** pid=2
[    0.159159] taskcred: ***OKOKOK1*** pid=2
[    0.159252] taskcred: ***OKOKOK1*** pid=2
[    0.159411] taskcred: ***OKOKOK1*** pid=2
[    0.159547] taskcred: ***OKOKOK1*** pid=2
[    0.159620] taskcred: ***OKOKOK1*** pid=2
[    0.159750] taskcred: ***OKOKOK1*** pid=2
[    0.159981] taskcred: ***OKOKOK1*** pid=2
[    0.160252] taskcred: ***OKOKOK1*** pid=2
[    0.160433] taskcred: ***OKOKOK1*** pid=2
[    0.160484] taskcred: ***OKOKOK1*** pid=2
[    0.160629] taskcred: ***OKOKOK1*** pid=2
[    0.160766] taskcred: ***OKOKOK1*** pid=2
[    0.160907] taskcred: ***OKOKOK1*** pid=2
[    0.161035] taskcred: ***OKOKOK1*** pid=2
[    0.161164] taskcred: ***OKOKOK1*** pid=2
[    0.161426] taskcred: ***OKOKOK1*** pid=2
[    0.161634] taskcred: ***OKOKOK1*** pid=2
[    0.161827] taskcred: ***OKOKOK1*** pid=2
[    0.162071] taskcred: ***OKOKOK1*** pid=2
[    0.162313] taskcred: ***OKOKOK1*** pid=2
[    0.162537] taskcred: ***OKOKOK1*** pid=2
[    0.162758] taskcred: ***OKOKOK1*** pid=2
[    0.162974] taskcred: ***OKOKOK1*** pid=2
[    0.163069] taskcred: ***OKOKOK1*** pid=2
[    0.163097] taskcred: ***OKOKOK1*** pid=2
[    0.163128] taskcred: ***OKOKOK1*** pid=2
[    0.163155] taskcred: ***OKOKOK1*** pid=2
[    0.163186] taskcred: ***OKOKOK1*** pid=2
[    0.232696] taskcred: ***OKOKOK1*** pid=2
[    0.323672] [drm] Initialized simpledrm 1.0.0 20200625 for be20e4000.framebuffer on minor 1
[    0.337535] Console: switching to colour frame buffer device 160x50
[    0.362063] simple-framebuffer be20e4000.framebuffer: [drm] fb0: simpledrmdrmfb frame buffer device
[    0.376792] clk: Disabling unused clocks
[    0.376799] ALSA device list:
[    0.376801]   No soundcards found.
[    0.377006] Freeing unused kernel memory: 2560K
[    0.388093] Checked W+X mappings: passed, no W+X pages found
[    0.388099] Run /init as init process
[    0.388100]   with arguments:
[    0.388102]     /init
[    0.388103]   with environment:
[    0.388104]     HOME=/
[    0.388104]     TERM=linux
[    0.388105]     BOOT_IMAGE=/boot/vmlinuz-linux-asahi
[    0.388164] taskcred: ***OKOKOK1*** pid=1
[    0.388166] taskcred: ***OKOKOK4*** pid=1
[    0.389401] taskcred: ***OKOKOK1*** pid=1
[    0.389504] taskcred: ***OKOKOK1*** pid=219
[    0.389510] taskcred: ***OKOKOK4*** pid=219
[    0.390005] taskcred: ***OKOKOK1*** pid=1
[    0.390083] taskcred: ***OKOKOK1*** pid=220
[    0.390085] taskcred: ***OKOKOK4*** pid=220
[    0.390448] taskcred: ***OKOKOK1*** pid=1
[    0.390522] taskcred: ***OKOKOK1*** pid=221
[    0.390523] taskcred: ***OKOKOK4*** pid=221
[    0.390879] taskcred: ***OKOKOK1*** pid=1
[    0.390951] taskcred: ***OKOKOK1*** pid=222
[    0.390952] taskcred: ***OKOKOK4*** pid=222
[    0.391313] taskcred: ***OKOKOK1*** pid=1
[    0.391382] taskcred: ***OKOKOK1*** pid=223
[    0.391383] taskcred: ***OKOKOK4*** pid=223
[    0.391596] taskcred: ***OKOKOK1*** pid=1
[    0.391669] taskcred: ***OKOKOK1*** pid=224
[    0.391670] taskcred: ***OKOKOK4*** pid=224
[    0.392352] taskcred: ***OKOKOK1*** pid=1
[    0.392423] taskcred: ***OKOKOK1*** pid=225
[    0.392424] taskcred: ***OKOKOK4*** pid=225
[    0.392606] taskcred: ***OKOKOK1*** pid=1
[    0.392676] taskcred: ***OKOKOK1*** pid=226
[    0.392677] taskcred: ***OKOKOK4*** pid=226
[    0.392860] taskcred: ***OKOKOK1*** pid=1
[    0.392928] taskcred: ***OKOKOK1*** pid=227
[    0.392929] taskcred: ***OKOKOK4*** pid=227
[    0.393104] taskcred: ***OKOKOK1*** pid=1
[    0.393174] taskcred: ***OKOKOK1*** pid=228
[    0.393175] taskcred: ***OKOKOK4*** pid=228
[    0.393352] taskcred: ***OKOKOK1*** pid=1
[    0.393423] taskcred: ***OKOKOK1*** pid=229
[    0.393424] taskcred: ***OKOKOK4*** pid=229
[    0.394097] taskcred: ***OKOKOK1*** pid=1
[    0.394168] taskcred: ***OKOKOK1*** pid=230
[    0.394170] taskcred: ***OKOKOK4*** pid=230
[    0.394940] taskcred: ***OKOKOK1*** pid=2
[    0.395172] taskcred: ***OKOKOK1*** pid=1
[    0.395244] taskcred: ***OKOKOK1*** pid=232
[    0.395246] taskcred: ***OKOKOK4*** pid=232
[    0.395721] taskcred: ***OKOKOK1*** pid=2
[    0.395932] taskcred: ***OKOKOK1*** pid=2
[    0.396533] taskcred: ***OKOKOK1*** pid=2
[    0.396616] taskcred: ***OKOKOK1*** pid=2
[    0.396704] nvme-apple 27bcc0000.nvme: RTKit: Initializing (protocol version 12)
[    0.396736] nvme-apple 27bcc0000.nvme: RTKit: Unknown system endpoint: 0x0a
[    0.450399] nvme-apple 27bcc0000.nvme: RTKit: syslog message: cmd.c:6416:  boot mode normal
[    0.451670] taskcred: ***OKOKOK1*** pid=2
[    0.454158]  nvme0n1: p1 p2 p3 p4 p5 p6
[    0.460585] taskcred: ***OKOKOK1*** pid=1
[    0.460677] taskcred: ***OKOKOK1*** pid=238
[    0.460678] taskcred: ***OKOKOK4*** pid=238
[    0.461081] taskcred: ***OKOKOK1*** pid=1
[    0.461299] taskcred: ***OKOKOK1*** pid=239
[    0.461387] taskcred: ***OKOKOK1*** pid=240
[    0.461389] taskcred: ***OKOKOK4*** pid=240
[    0.461714] taskcred: ***OKOKOK1*** pid=239
[    0.461796] taskcred: ***OKOKOK1*** pid=241
[    0.461797] taskcred: ***OKOKOK4*** pid=241
[    0.462150] taskcred: ***OKOKOK1*** pid=239
[    0.462230] taskcred: ***OKOKOK1*** pid=242
[    0.462303] taskcred: ***OKOKOK1*** pid=242
[    0.462330] taskcred: ***OKOKOK1*** pid=243
[    0.462332] taskcred: ***OKOKOK4*** pid=243
[    0.462445] taskcred: ***OKOKOK1*** pid=244
[    0.462447] taskcred: ***OKOKOK4*** pid=244
[    0.462528] taskcred: ***OKOKOK1*** pid=2
[    0.462891] taskcred: ***OKOKOK1*** pid=239
[    0.462960] taskcred: ***OKOKOK1*** pid=246
[    0.462961] taskcred: ***OKOKOK4*** pid=246
[    0.482940] FAT-fs (nvme0n1p4): Volume was not properly unmounted. Some data may be corrupt. Please run fsck.
[    0.483011] taskcred: ***OKOKOK1*** pid=239
[    0.483085] taskcred: ***OKOKOK1*** pid=247
[    0.483133] taskcred: ***OKOKOK1*** pid=247
[    0.483181] taskcred: ***OKOKOK1*** pid=248
[    0.483183] taskcred: ***OKOKOK4*** pid=248
[    0.483219] taskcred: ***OKOKOK1*** pid=249
[    0.483221] taskcred: ***OKOKOK4*** pid=249
[    0.483989] taskcred: ***OKOKOK1*** pid=1
[    0.484092] taskcred: ***OKOKOK1*** pid=250
[    0.484093] taskcred: ***OKOKOK4*** pid=250
[    0.508764] taskcred: ***OKOKOK1*** pid=1
[    0.508857] taskcred: ***OKOKOK1*** pid=251
[    0.508858] taskcred: ***OKOKOK4*** pid=251
[    0.509645] taskcred: ***OKOKOK1*** pid=1
[    0.509722] taskcred: ***OKOKOK1*** pid=252
[    0.509723] taskcred: ***OKOKOK4*** pid=252
[    0.510235] taskcred: ***OKOKOK1*** pid=1
[    0.510309] taskcred: ***OKOKOK1*** pid=253
[    0.510310] taskcred: ***OKOKOK4*** pid=253
[    0.512231] taskcred: ***OKOKOK1*** pid=1
[    0.512303] taskcred: ***OKOKOK1*** pid=254
[    0.512305] taskcred: ***OKOKOK4*** pid=254
[    0.513997] taskcred: ***OKOKOK1*** pid=254
[    0.514361] taskcred: ***OKOKOK1*** pid=1
[    0.514441] taskcred: ***OKOKOK1*** pid=256
[    0.514442] taskcred: ***OKOKOK4*** pid=256
[    0.523170] taskcred: ***OKOKOK1*** pid=255
[    0.523428] taskcred: ***OKOKOK1*** pid=255
[    0.523639] taskcred: ***OKOKOK1*** pid=255
[    0.523866] taskcred: ***OKOKOK1*** pid=255
[    0.524347] taskcred: ***OKOKOK1*** pid=255
[    0.524431] taskcred: ***OKOKOK1*** pid=1
[    0.524508] taskcred: ***OKOKOK1*** pid=261
[    0.524510] taskcred: ***OKOKOK4*** pid=261
[    0.525537] taskcred: ***OKOKOK1*** pid=255
[    0.562111] taskcred: ***OKOKOK1*** pid=2
[    0.562118] taskcred: ***OKOKOK1*** pid=255
[    0.562174] taskcred: ***OKOKOK1*** pid=2
[    0.562245] taskcred: ***OKOKOK1*** pid=2
[    0.562476] taskcred: ***OKOKOK1*** pid=255
[    0.563409] taskcred: ***OKOKOK1*** pid=255
[    0.563413] apple-dart 228304000.iommu: DART [pagesize 4000, 16 streams, bypass support: 0, bypass forced: 0, locked: 0, AS 32 -> 36] initialized
[    0.563517] apple-dart 231304000.iommu: DART [pagesize 4000, 16 streams, bypass support: 1, bypass forced: 0, locked: 1, AS 32 -> 36] initialized
[    0.563605] apple-dart 23130c000.iommu: DART [pagesize 4000, 16 streams, bypass support: 1, bypass forced: 0, locked: 1, AS 32 -> 36] initialized
[    0.563667] taskcred: ***OKOKOK1*** pid=255
[    0.563705] apple-dart 22c0e8000.iommu: DART [pagesize 4000, 16 streams, bypass support: 1, bypass forced: 0, locked: 0, AS 32 -> 36] initialized
[    0.563818] apple-dart 22c0f4000.iommu: DART [pagesize 4000, 16 streams, bypass support: 0, bypass forced: 0, locked: 0, AS 32 -> 36] initialized
[    0.563914] apple-dart 22c0fc000.iommu: DART [pagesize 4000, 16 streams, bypass support: 0, bypass forced: 0, locked: 0, AS 32 -> 36] initialized
[    0.563926] taskcred: ***OKOKOK1*** pid=255
[    0.564049] apple-dart 235004000.iommu: DART [pagesize 4000, 16 streams, bypass support: 1, bypass forced: 0, locked: 0, AS 32 -> 36] initialized
[    0.564146] taskcred: ***OKOKOK1*** pid=255
[    0.564273] apple-dart 382f00000.iommu: DART [pagesize 4000, 16 streams, bypass support: 1, bypass forced: 0, locked: 0, AS 32 -> 36] initialized
[    0.564354] taskcred: ***OKOKOK1*** pid=255
[    0.564433] apple-dart 382f80000.iommu: DART [pagesize 4000, 16 streams, bypass support: 1, bypass forced: 0, locked: 0, AS 32 -> 36] initialized
[    0.564559] apple-dart 502f00000.iommu: DART [pagesize 4000, 16 streams, bypass support: 1, bypass forced: 0, locked: 0, AS 32 -> 36] initialized
[    0.564684] apple-dart 502f80000.iommu: DART [pagesize 4000, 16 streams, bypass support: 1, bypass forced: 0, locked: 0, AS 32 -> 36] initialized
[    0.564723] taskcred: ***OKOKOK1*** pid=2
[    0.564803] apple-dart 681008000.iommu: DART [pagesize 4000, 16 streams, bypass support: 0, bypass forced: 0, locked: 0, AS 32 -> 36] initialized
[    0.565650] taskcred: ***OKOKOK1*** pid=1
[    0.565772] taskcred: ***OKOKOK1*** pid=275
[    0.565773] taskcred: ***OKOKOK4*** pid=275
[    0.571967] apple-gpio-pinctrl 23c100000.pinctrl: No cache defaults, reading back from HW
[    0.572921] taskcred: ***OKOKOK1*** pid=2
[    0.573120] macsmc-rtkit 23e400000.smc: RTKit: Initializing (protocol version 12)
[    0.573596] taskcred: ***OKOKOK1*** pid=255
[    0.573881] apple-gpio-pinctrl 23d1f0000.pinctrl: No cache defaults, reading back from HW
[    0.574396] taskcred: ***OKOKOK1*** pid=255
[    0.574641] taskcred: ***OKOKOK1*** pid=255
[    0.574936] taskcred: ***OKOKOK1*** pid=255
[    0.575204] macsmc-rtkit 23e400000.smc: Initialized (1525 keys #KEY (0x234b4559)..zSPp (0x7a535070))
[    0.575213] taskcred: ***OKOKOK1*** pid=255
[    0.575434] taskcred: ***OKOKOK1*** pid=255
[    0.575738] taskcred: ***OKOKOK1*** pid=255
[    0.575862] apple-gpio-pinctrl 23e820000.pinctrl: No cache defaults, reading back from HW
[    0.576879] taskcred: ***OKOKOK1*** pid=255
[    0.576910] apple-gpio-pinctrl 24a820000.pinctrl: No cache defaults, reading back from HW
[    0.576936] taskcred: ***OKOKOK1*** pid=2
[    0.577163] taskcred: ***OKOKOK1*** pid=2
[    0.577271] taskcred: ***OKOKOK1*** pid=255
[    0.577823] taskcred: ***OKOKOK1*** pid=2
[    0.577852] taskcred: ***OKOKOK1*** pid=2
[    0.587445] taskcred: ***OKOKOK1*** pid=2
[    0.587774] macsmc-gpio macsmc-gpio: First GPIO key: gP01 (0x67503031)
[    0.588120] macsmc-rtkit 23e400000.smc: Failed to create device link (0x180) with 23d0d9300.spmi:pmu@f:rtc_nvmem@d000
[    0.588727] macsmc-rtkit 23e400000.smc: Failed to create device link (0x180) with 23d0d9300.spmi:pmu@f:rtc_nvmem@d000
[    0.588817] macsmc-rtkit 23e400000.smc: Failed to create device link (0x180) with 23d0d9300.spmi:pmu@f:legacy_nvmem@9f00
[    0.602727] gpio gpiochip4: (macsmc-pmu-gpio): not an immutable chip, please consider fixing it!
[    0.612835] macsmc-rtc macsmc-rtc: registered as rtc0
[    0.636813] macsmc-rtc macsmc-rtc: setting system clock to 2024-04-30T18:39:11 UTC (1714502351)
[    0.637592] dwc3 382280000.usb: Adding to iommu group 0
[    0.657338] spi-hid-apple-of spi1.0: limiting the number of devices to mngt, kbd and mouse
[    0.664350] input: Apple Internal Keyboard / Trackpad Keyboard as /devices/platform/soc/23510c000.spi/spi_master/spi1/spi1.0/001C:05AC:0281.0001/input/input0
[    0.664444] hid-generic 001C:05AC:0281.0001: input,hidraw0: SPI HID v9.35 Keyboard [Apple Internal Keyboard / Trackpad] on spi1.0 (1)
[    0.666188] input: Apple Internal Keyboard / Trackpad Mouse as /devices/platform/soc/23510c000.spi/spi_master/spi1/spi1.0/001C:05AC:0281.0002/input/input2
[    0.666245] hid-generic 001C:05AC:0281.0002: input,hidraw1: SPI HID v9.35 Mouse [Apple Internal Keyboard / Trackpad] on spi1.0 (2)
[    0.713888] input: Apple Internal Keyboard / Trackpad as /devices/platform/soc/23510c000.spi/spi_master/spi1/spi1.0/001C:05AC:0281.0001/input/input5
[    0.713966] apple 001C:05AC:0281.0001: input,hidraw0: SPI HID v9.35 Keyboard [Apple Internal Keyboard / Trackpad] on spi1.0 (1)
[    0.726076] input: Apple Internal Keyboard / Trackpad as /devices/platform/soc/23510c000.spi/spi_master/spi1/spi1.0/001C:05AC:0281.0002/input/input6
[    0.726131] magicmouse 001C:05AC:0281.0002: input,hidraw1: SPI HID v9.35 Mouse [Apple Internal Keyboard / Trackpad] on spi1.0 (2)
[    0.727726] taskcred: ***OKOKOK1*** pid=1
[    0.727831] taskcred: ***OKOKOK1*** pid=291
[    0.727833] taskcred: ***OKOKOK4*** pid=291
[    0.728126] taskcred: ***OKOKOK1*** pid=1
[    0.728203] taskcred: ***OKOKOK1*** pid=292
[    0.728205] taskcred: ***OKOKOK4*** pid=292
[    0.728822] taskcred: ***OKOKOK1*** pid=1
[    0.728922] taskcred: ***OKOKOK1*** pid=293
[    0.729031] taskcred: ***OKOKOK1*** pid=294
[    0.729032] taskcred: ***OKOKOK4*** pid=294
[    0.729610] taskcred: ***OKOKOK1*** pid=1
[    0.729692] taskcred: ***OKOKOK1*** pid=295
[    0.729805] taskcred: ***OKOKOK1*** pid=296
[    0.729806] taskcred: ***OKOKOK4*** pid=296
[    0.730290] taskcred: ***OKOKOK1*** pid=1
[    0.730362] taskcred: ***OKOKOK1*** pid=297
[    0.730363] taskcred: ***OKOKOK4*** pid=297
[    0.734197] taskcred: ***OKOKOK1*** pid=297
[    0.734258] taskcred: ***OKOKOK1*** pid=298
[    0.734260] taskcred: ***OKOKOK4*** pid=298
[    0.738244] taskcred: ***OKOKOK1*** pid=1
[    0.738321] taskcred: ***OKOKOK1*** pid=299
[    0.738322] taskcred: ***OKOKOK4*** pid=299
[    0.741364] taskcred: ***OKOKOK1*** pid=2
[    0.741534] taskcred: ***OKOKOK1*** pid=2
[    0.741831] taskcred: ***OKOKOK1*** pid=2
[    0.751292] EXT4-fs (nvme0n1p5): mounted filesystem 837a64e2-c465-4282-a4b5-32016d866b2e r/w with ordered data mode. Quota mode: none.
[    0.751509] taskcred: ***OKOKOK1*** pid=1
[    0.751593] taskcred: ***OKOKOK1*** pid=303
[    0.751594] taskcred: ***OKOKOK4*** pid=303
[    0.753037] taskcred: ***OKOKOK1*** pid=1
[    0.753119] taskcred: ***OKOKOK1*** pid=304
[    0.753121] taskcred: ***OKOKOK4*** pid=304
[    0.753513] taskcred: ***OKOKOK1*** pid=1
[    0.753590] taskcred: ***OKOKOK1*** pid=305
[    0.753591] taskcred: ***OKOKOK4*** pid=305
[    0.764136] taskcred: ***OKOKOK1*** pid=1
[    0.764227] taskcred: ***OKOKOK1*** pid=306
[    0.764228] taskcred: ***OKOKOK4*** pid=306
[    0.766176] taskcred: ***OKOKOK1*** pid=1
[    0.766296] taskcred: ***OKOKOK1*** pid=307
[    0.766297] taskcred: ***OKOKOK4*** pid=307
[    0.771388] taskcred: ***OKOKOK1*** pid=1
[    0.771498] taskcred: ***OKOKOK1*** pid=308
[    0.771499] taskcred: ***OKOKOK4*** pid=308
[    0.771713] taskcred: ***OKOKOK1*** pid=1
[    0.771832] taskcred: ***OKOKOK1*** pid=309
[    0.771834] taskcred: ***OKOKOK4*** pid=309
[    0.773165] taskcred: ***OKOKOK1*** pid=1
[    0.773166] taskcred: ***OKOKOK4*** pid=1
[    0.773185] taskcred: ***OKOKOK1*** pid=1
[    0.773186] taskcred: ***OKOKOK4*** pid=1
[    0.773200] taskcred: ***OKOKOK1*** pid=1
[    0.773201] taskcred: ***OKOKOK4*** pid=1
[    0.773464] taskcred: ***OKOKOK1*** pid=1
[    0.773465] taskcred: ***OKOKOK4*** pid=1
[    0.774161] taskcred: ***OKOKOK1*** pid=1
[    0.774205] taskcred: ***OKOKOK1*** pid=1
[    0.774206] taskcred: ***OKOKOK4*** pid=1
[    0.802262] taskcred: ***OKOKOK1*** pid=236
[    0.802275] taskcred: ***OKOKOK1*** pid=311
[    0.802291] taskcred: ***OKOKOK1*** pid=311
[    0.802292] taskcred: ***OKOKOK4*** pid=311
[    0.805481] systemd[1]: systemd 255.4-2-arch running in system mode (+PAM +AUDIT -SELINUX -APPARMOR -IMA +SMACK +SECCOMP +GCRYPT +GNUTLS +OPENSSL +ACL +BLKID +CURL +ELFUTILS +FIDO2 +IDN2 -IDN +IPTC +KMOD +LIBCRYPTSETUP +LIBFDISK +PCRE2 +PWQUALITY +P11KIT +QRENCODE +TPM2 +BZIP2 +LZ4 +XZ +ZLIB +ZSTD +BPF_FRAMEWORK +XKBCOMMON +UTMP -SYSVINIT default-hierarchy=unified)
[    0.805487] systemd[1]: Detected architecture arm64.
[    0.806292] systemd[1]: Hostname set to <gao-mac>.
[    0.848536] systemd[1]: bpf-lsm: BPF LSM hook not enabled in the kernel, BPF LSM not supported
[    0.848825] taskcred: ***OKOKOK1*** pid=1
[    0.849069] taskcred: ***OKOKOK1*** pid=312
[    0.849289] taskcred: ***OKOKOK1*** pid=313
[    0.849291] taskcred: ***OKOKOK4*** pid=313
[    0.860528] taskcred: ***OKOKOK1*** pid=1
[    0.861390] taskcred: ***OKOKOK1*** pid=314
[    0.861579] taskcred: ***OKOKOK1*** pid=315
[    0.861763] taskcred: ***OKOKOK1*** pid=315
[    0.861835] taskcred: ***OKOKOK1*** pid=316
[    0.861836] taskcred: ***OKOKOK4*** pid=316
[    0.861903] taskcred: ***OKOKOK1*** pid=315
[    0.861958] taskcred: ***OKOKOK1*** pid=317
[    0.861960] taskcred: ***OKOKOK4*** pid=317
[    0.862069] taskcred: ***OKOKOK1*** pid=315
[    0.862186] taskcred: ***OKOKOK1*** pid=318
[    0.862188] taskcred: ***OKOKOK4*** pid=318
[    0.862277] taskcred: ***OKOKOK1*** pid=315
[    0.862391] taskcred: ***OKOKOK1*** pid=319
[    0.862392] taskcred: ***OKOKOK4*** pid=319
[    0.862437] taskcred: ***OKOKOK1*** pid=315
[    0.862530] taskcred: ***OKOKOK1*** pid=320
[    0.862532] taskcred: ***OKOKOK4*** pid=320
[    0.862594] taskcred: ***OKOKOK1*** pid=315
[    0.862665] taskcred: ***OKOKOK1*** pid=321
[    0.862666] taskcred: ***OKOKOK4*** pid=321
[    0.862835] taskcred: ***OKOKOK1*** pid=315
[    0.862922] taskcred: ***OKOKOK1*** pid=322
[    0.862923] taskcred: ***OKOKOK4*** pid=322
[    0.863037] taskcred: ***OKOKOK1*** pid=315
[    0.863175] taskcred: ***OKOKOK1*** pid=315
[    0.863320] taskcred: ***OKOKOK1*** pid=315
[    0.863549] taskcred: ***OKOKOK1*** pid=323
[    0.863550] taskcred: ***OKOKOK4*** pid=323
[    0.863662] taskcred: ***OKOKOK1*** pid=324
[    0.863663] taskcred: ***OKOKOK4*** pid=324
[    0.864493] taskcred: ***OKOKOK1*** pid=325
[    0.864494] taskcred: ***OKOKOK4*** pid=325
[    0.864580] taskcred: ***OKOKOK1*** pid=326
[    0.864581] taskcred: ***OKOKOK4*** pid=326
[    0.951031] systemd[1]: Queued start job for default target Graphical Interface.
[    0.951185] taskcred: ***OKOKOK1*** pid=236
[    0.951201] taskcred: ***OKOKOK1*** pid=327
[    0.951218] taskcred: ***OKOKOK1*** pid=327
[    0.951219] taskcred: ***OKOKOK4*** pid=327
[    0.962046] taskcred: ***OKOKOK1*** pid=2
[    0.962434] systemd[1]: Created slice Slice /system/dirmngr.
[    0.962645] systemd[1]: Created slice Slice /system/getty.
[    0.962828] systemd[1]: Created slice Slice /system/gpg-agent.
[    0.963008] systemd[1]: Created slice Slice /system/gpg-agent-browser.
[    0.963185] systemd[1]: Created slice Slice /system/gpg-agent-extra.
[    0.963356] systemd[1]: Created slice Slice /system/gpg-agent-ssh.
[    0.963536] systemd[1]: Created slice Slice /system/keyboxd.
[    0.963711] systemd[1]: Created slice Slice /system/modprobe.
[    0.963838] systemd[1]: Created slice User and Session Slice.
[    0.963876] systemd[1]: Started Dispatch Password Requests to Console Directory Watch.
[    0.963906] systemd[1]: Started Forward Password Requests to Wall Directory Watch.
[    0.963998] systemd[1]: Set up automount Arbitrary Executable File Formats File System Automount Point.
[    0.964012] systemd[1]: Expecting device /dev/disk/by-uuid/1E50-8F1C...
[    0.964018] systemd[1]: Reached target Local Encrypted Volumes.
[    0.964028] systemd[1]: Reached target Login Prompts.
[    0.964037] systemd[1]: Reached target Local Integrity Protected Volumes.
[    0.964054] systemd[1]: Reached target Path Units.
[    0.964063] systemd[1]: Reached target Remote Encrypted Volumes.
[    0.964069] systemd[1]: Reached target Remote File Systems.
[    0.964077] systemd[1]: Reached target Slice Units.
[    0.964090] systemd[1]: Reached target Swaps.
[    0.964107] systemd[1]: Reached target Local Verity Protected Volumes.
[    0.964159] systemd[1]: Listening on Device-mapper event daemon FIFOs.
[    0.964373] systemd[1]: Listening on LVM2 poll daemon socket.
[    0.966617] systemd[1]: Listening on Process Core Dump Socket.
[    0.966680] taskcred: ***OKOKOK1*** pid=2
[    0.966744] systemd[1]: Listening on Journal Audit Socket.
[    0.966804] systemd[1]: Listening on Journal Socket (/dev/log).
[    0.966865] systemd[1]: Listening on Journal Socket.
[    0.966941] systemd[1]: Listening on Network Service Netlink Socket.
[    0.966953] systemd[1]: TPM2 PCR Extension (Varlink) was skipped because of an unmet condition check (ConditionSecurity=measured-uki).
[    0.967302] systemd[1]: Listening on udev Control Socket.
[    0.967354] systemd[1]: Listening on udev Kernel Socket.
[    0.967407] systemd[1]: Listening on User Database Manager Socket.
[    0.967750] taskcred: ***OKOKOK1*** pid=1
[    0.967827] taskcred: ***OKOKOK1*** pid=330
[    0.967830] taskcred: ***OKOKOK4*** pid=330
[    0.968034] systemd[1]: Mounting Huge Pages File System...
[    0.968285] taskcred: ***OKOKOK1*** pid=1
[    0.968352] taskcred: ***OKOKOK1*** pid=331
[    0.968354] taskcred: ***OKOKOK4*** pid=331
[    0.968397] systemd[1]: Mounting POSIX Message Queue File System...
[    0.968645] taskcred: ***OKOKOK1*** pid=1
[    0.968718] taskcred: ***OKOKOK1*** pid=332
[    0.968721] taskcred: ***OKOKOK4*** pid=332
[    0.968776] systemd[1]: Mounting Kernel Debug File System...
[    0.968822] systemd[1]: Kernel Trace File System was skipped because of an unmet condition check (ConditionPathExists=/sys/kernel/tracing).
[    0.969230] taskcred: ***OKOKOK1*** pid=1
[    0.969289] taskcred: ***OKOKOK1*** pid=333
[    0.969290] taskcred: ***OKOKOK4*** pid=333
[    0.969331] systemd[1]: Mounting Temporary Directory /tmp...
[    0.969640] taskcred: ***OKOKOK1*** pid=1
[    0.969732] taskcred: ***OKOKOK1*** pid=334
[    0.969735] taskcred: ***OKOKOK4*** pid=334
[    0.969832] systemd[1]: Starting Create List of Static Device Nodes...
[    0.970083] taskcred: ***OKOKOK1*** pid=1
[    0.970149] taskcred: ***OKOKOK1*** pid=335
[    0.970150] taskcred: ***OKOKOK4*** pid=335
[    0.970207] systemd[1]: Starting Monitoring of LVM2 mirrors, snapshots etc. using dmeventd or progress polling...
[    0.970503] taskcred: ***OKOKOK1*** pid=1
[    0.970591] taskcred: ***OKOKOK1*** pid=336
[    0.970595] taskcred: ***OKOKOK4*** pid=336
[    0.970688] systemd[1]: Starting Load Kernel Module configfs...
[    0.970775] taskcred: ***OKOKOK1*** pid=331
[    0.970983] taskcred: ***OKOKOK1*** pid=1
[    0.971037] taskcred: ***OKOKOK1*** pid=337
[    0.971037] taskcred: ***OKOKOK4*** pid=337
[    0.971093] systemd[1]: Starting Load Kernel Module dm_mod...
[    0.971251] taskcred: ***PANIC1*** pid=331
[    0.971252] taskcred: ***OKOKOK4*** pid=331
[    0.971380] taskcred: ***OKOKOK1*** pid=1
[    0.971428] taskcred: ***OKOKOK1*** pid=338
[    0.971430] taskcred: ***OKOKOK4*** pid=338
[    0.971486] systemd[1]: Starting Load Kernel Module drm...
[    0.971587] taskcred: ***OKOKOK1*** pid=333
[    0.971638] taskcred: ***PANIC1*** pid=333
[    0.971639] taskcred: ***OKOKOK4*** pid=333
[    0.971784] taskcred: ***OKOKOK1*** pid=1
[    0.971980] taskcred: ***OKOKOK1*** pid=330
[    0.972066] taskcred: ***PANIC1*** pid=330
[    0.972068] taskcred: ***OKOKOK4*** pid=330
[    0.972130] taskcred: ***OKOKOK1*** pid=339
[    0.972131] taskcred: ***OKOKOK4*** pid=339
[    0.972192] systemd[1]: Starting Load Kernel Module efi_pstore...
[    0.972204] taskcred: ***OKOKOK1*** pid=332
[    0.972277] taskcred: ***PANIC1*** pid=332
[    0.972278] taskcred: ***OKOKOK4*** pid=332
[    0.972498] taskcred: ***OKOKOK1*** pid=1
[    0.972502] taskcred: ***OKOKOK1*** pid=335
[    0.972569] taskcred: ***OKOKOK1*** pid=340
[    0.972570] taskcred: ***OKOKOK4*** pid=340
[    0.972626] systemd[1]: Starting Load Kernel Module fuse...
[    0.972735] taskcred: ***PANIC1*** pid=335
[    0.972735] taskcred: ***OKOKOK4*** pid=335
[    0.972946] taskcred: ***OKOKOK1*** pid=1
[    0.973019] taskcred: ***OKOKOK1*** pid=341
[    0.973022] taskcred: ***OKOKOK4*** pid=341
[    0.973099] systemd[1]: Starting Load Kernel Module loop...
[    0.973138] systemd[1]: File System Check on Root Device was skipped because of an unmet condition check (ConditionPathIsReadWrite=!/).
[    0.973599] taskcred: ***OKOKOK1*** pid=334
[    0.973686] taskcred: ***PANIC1*** pid=334
[    0.973688] taskcred: ***OKOKOK4*** pid=334
[    0.973905] taskcred: ***OKOKOK1*** pid=1
[    0.973973] taskcred: ***OKOKOK1*** pid=342
[    0.973975] taskcred: ***OKOKOK4*** pid=342
[    0.974101] taskcred: ***OKOKOK1*** pid=337
[    0.974147] systemd[1]: Starting Journal Service...
[    0.974152] taskcred: ***PANIC1*** pid=337
[    0.974153] taskcred: ***OKOKOK4*** pid=337
[    0.974315] taskcred: ***OKOKOK1*** pid=336
[    0.974402] taskcred: ***PANIC1*** pid=336
[    0.974403] taskcred: ***OKOKOK4*** pid=336
[    0.974566] taskcred: ***OKOKOK1*** pid=339
[    0.974620] taskcred: ***PANIC1*** pid=339
[    0.974620] taskcred: ***OKOKOK4*** pid=339
[    0.974994] taskcred: ***OKOKOK1*** pid=340
[    0.975047] taskcred: ***PANIC1*** pid=340
[    0.975048] taskcred: ***OKOKOK4*** pid=340
[    0.975716] taskcred: ***OKOKOK1*** pid=1
[    0.975822] taskcred: ***OKOKOK1*** pid=343
[    0.975823] taskcred: ***OKOKOK4*** pid=343
[    0.975904] taskcred: ***OKOKOK1*** pid=338
[    0.975953] taskcred: ***PANIC1*** pid=338
[    0.975953] taskcred: ***OKOKOK4*** pid=338
[    0.976041] systemd[1]: Starting Load Kernel Modules...
[    0.976583] taskcred: ***OKOKOK1*** pid=1
[    0.976671] taskcred: ***OKOKOK1*** pid=344
[    0.976673] taskcred: ***OKOKOK4*** pid=344
[    0.976799] systemd[1]: Starting Generate network units from Kernel command line...
[    0.976826] systemd[1]: TPM2 PCR Machine ID Measurement was skipped because of an unmet condition check (ConditionSecurity=measured-uki).
[    0.977099] taskcred: ***OKOKOK1*** pid=341
[    0.977118] fuse: init (API version 7.38)
[    0.977182] taskcred: ***PANIC1*** pid=341
[    0.977184] taskcred: ***OKOKOK4*** pid=341
[    0.977432] taskcred: ***OKOKOK1*** pid=1
[    0.977503] taskcred: ***OKOKOK1*** pid=345
[    0.977505] taskcred: ***OKOKOK4*** pid=345
[    0.977623] systemd[1]: Starting Remount Root and Kernel File Systems...
[    0.977681] systemd[1]: TPM2 SRK Setup (Early) was skipped because of an unmet condition check (ConditionSecurity=measured-uki).
[    0.978182] taskcred: ***OKOKOK1*** pid=343
[    0.978247] taskcred: ***PANIC1*** pid=343
[    0.978247] taskcred: ***OKOKOK4*** pid=343
[    0.978280] taskcred: ***OKOKOK1*** pid=1
[    0.978361] taskcred: ***OKOKOK1*** pid=346
[    0.978363] taskcred: ***OKOKOK4*** pid=346
[    0.978505] systemd[1]: Starting Coldplug All udev Devices...
[    0.979804] taskcred: ***OKOKOK1*** pid=342
[    0.979964] taskcred: ***OKOKOK1*** pid=345
[    0.980028] taskcred: ***PANIC1*** pid=345
[    0.980029] taskcred: ***OKOKOK4*** pid=345
[    0.980153] loop: module loaded
[    0.980393] systemd[1]: Mounted Huge Pages File System.
[    0.980510] systemd[1]: Mounted POSIX Message Queue File System.
[    0.980585] taskcred: ***OKOKOK1*** pid=344
[    0.980606] systemd[1]: Mounted Kernel Debug File System.
[    0.980695] taskcred: ***PANIC1*** pid=344
[    0.980696] taskcred: ***OKOKOK4*** pid=344
[    0.980700] systemd[1]: Mounted Temporary Directory /tmp.
[    0.980850] taskcred: ***OKOKOK1*** pid=346
[    0.980913] taskcred: ***PANIC1*** pid=346
[    0.980914] taskcred: ***OKOKOK4*** pid=346
[    0.980969] systemd[1]: Finished Create List of Static Device Nodes.
[    0.981273] systemd[1]: modprobe@configfs.service: Deactivated successfully.
[    0.981416] systemd[1]: Finished Load Kernel Module configfs.
[    0.981651] systemd[1]: modprobe@dm_mod.service: Deactivated successfully.
[    0.981865] systemd[1]: Finished Load Kernel Module dm_mod.
[    0.981890] taskcred: ***OKOKOK1*** pid=345
[    0.982053] taskcred: ***OKOKOK1*** pid=347
[    0.982054] taskcred: ***OKOKOK4*** pid=347
[    0.982121] systemd[1]: modprobe@drm.service: Deactivated successfully.
[    0.982252] systemd[1]: Finished Load Kernel Module drm.
[    0.982483] systemd[1]: modprobe@efi_pstore.service: Deactivated successfully.
[    0.982617] systemd[1]: Finished Load Kernel Module efi_pstore.
[    0.982798] EXT4-fs (nvme0n1p5): re-mounted 837a64e2-c465-4282-a4b5-32016d866b2e r/w. Quota mode: none.
[    0.982892] systemd[1]: modprobe@fuse.service: Deactivated successfully.
[    0.983038] systemd[1]: Finished Load Kernel Module fuse.
[    0.983261] i2c_dev: i2c /dev entries driver
[    0.983683] systemd[1]: modprobe@loop.service: Deactivated successfully.
[    0.983843] systemd[1]: Finished Load Kernel Module loop.
[    0.984093] systemd[1]: Finished Remount Root and Kernel File Systems.
[    0.984328] systemd[1]: Finished Generate network units from Kernel command line.
[    0.984582] systemd[1]: Reached target Preparation for Network.
[    0.985182] taskcred: ***OKOKOK1*** pid=1
[    0.985252] taskcred: ***OKOKOK1*** pid=348
[    0.985254] taskcred: ***OKOKOK4*** pid=348
[    0.985361] systemd[1]: Mounting FUSE Control File System...
[    0.985830] taskcred: ***OKOKOK1*** pid=1
[    0.985893] taskcred: ***OKOKOK1*** pid=349
[    0.985894] taskcred: ***OKOKOK4*** pid=349
[    0.985962] systemd[1]: Mounting Kernel Configuration File System...
[    0.986857] systemd[1]: Rebuild Hardware Database was skipped because no trigger condition checks were met.
[    0.986920] systemd[1]: Platform Persistent Storage Archival was skipped because of an unmet condition check (ConditionDirectoryNotEmpty=/sys/fs/pstore).
[    0.987590] taskcred: ***OKOKOK1*** pid=1
[    0.987645] taskcred: ***PANIC1*** pid=342
[    0.987647] taskcred: ***OKOKOK4*** pid=342
[    0.987660] taskcred: ***OKOKOK1*** pid=350
[    0.987661] taskcred: ***OKOKOK4*** pid=350
[    0.987800] systemd[1]: Starting Load/Save OS Random Seed...
[    0.987866] systemd[1]: Repartition Root Disk was skipped because no trigger condition checks were met.
[    0.988320] taskcred: ***OKOKOK1*** pid=349
[    0.988386] taskcred: ***PANIC1*** pid=349
[    0.988387] taskcred: ***OKOKOK4*** pid=349
[    0.988388] taskcred: ***OKOKOK1*** pid=1
[    0.988470] taskcred: ***OKOKOK1*** pid=351
[    0.988472] taskcred: ***OKOKOK4*** pid=351
[    0.988587] systemd[1]: Starting Grow Root File System...
[    0.989118] taskcred: ***OKOKOK1*** pid=1
[    0.989185] taskcred: ***OKOKOK1*** pid=352
[    0.989187] taskcred: ***OKOKOK4*** pid=352
[    0.989299] systemd[1]: Starting Create Static Device Nodes in /dev gracefully...
[    0.989316] systemd[1]: TPM2 SRK Setup was skipped because of an unmet condition check (ConditionSecurity=measured-uki).
[    0.989510] taskcred: ***OKOKOK1*** pid=348
[    0.989601] taskcred: ***PANIC1*** pid=348
[    0.989603] taskcred: ***OKOKOK4*** pid=348
[    0.989986] taskcred: ***OKOKOK1*** pid=350
[    0.990044] taskcred: ***PANIC1*** pid=350
[    0.990045] taskcred: ***OKOKOK4*** pid=350
[    0.990145] systemd[1]: Finished Load Kernel Modules.
[    0.990308] systemd[1]: Mounted Kernel Configuration File System.
[    0.991000] taskcred: ***OKOKOK1*** pid=1
[    0.991082] taskcred: ***OKOKOK1*** pid=353
[    0.991084] taskcred: ***OKOKOK4*** pid=353
[    0.991214] systemd[1]: Starting Apply Kernel Variables...
[    0.991368] systemd-journald[342]: Collecting audit messages is enabled.
[    0.991490] taskcred: ***OKOKOK1*** pid=352
[    0.991676] systemd[1]: Mounted FUSE Control File System.
[    0.991987] taskcred: ***OKOKOK1*** pid=351
[    0.992080] taskcred: ***PANIC1*** pid=351
[    0.992082] taskcred: ***OKOKOK4*** pid=351
[    0.992439] taskcred: ***OKOKOK1*** pid=352
[    0.992839] taskcred: ***PANIC1*** pid=352
[    0.992840] taskcred: ***OKOKOK4*** pid=352
[    0.992936] taskcred: ***OKOKOK1*** pid=2
[    0.993160] systemd[1]: Finished Load/Save OS Random Seed.
[    0.993202] audit: type=1130 audit(1714502351.855:2): pid=1 uid=0 auid=4294967295 ses=4294967295 subj=unconfined msg='unit=systemd-random-seed comm="systemd" exe="/usr/lib/systemd/systemd" hostname=? addr=? terminal=? res=success'
[    0.995366] taskcred: ***OKOKOK1*** pid=353
[    0.995459] EXT4-fs (nvme0n1p5): resizing filesystem from 23407360 to 23407360 blocks
[    0.996188] taskcred: ***OKOKOK1*** pid=353
[    0.996277] taskcred: ***PANIC1*** pid=353
[    0.996278] taskcred: ***OKOKOK4*** pid=353
[    0.998041] systemd[1]: Finished Grow Root File System.
[    0.998075] audit: type=1130 audit(1714502351.860:3): pid=1 uid=0 auid=4294967295 ses=4294967295 subj=unconfined msg='unit=systemd-growfs-root comm="systemd" exe="/usr/lib/systemd/systemd" hostname=? addr=? terminal=? res=success'
[    0.999300] taskcred: ***OKOKOK1*** pid=2
[    1.001350] systemd[1]: Finished Apply Kernel Variables.
[    1.001377] audit: type=1130 audit(1714502351.863:4): pid=1 uid=0 auid=4294967295 ses=4294967295 subj=unconfined msg='unit=systemd-sysctl comm="systemd" exe="/usr/lib/systemd/systemd" hostname=? addr=? terminal=? res=success'
[    1.001616] systemd[1]: Finished Monitoring of LVM2 mirrors, snapshots etc. using dmeventd or progress polling.
[    1.001636] audit: type=1130 audit(1714502351.863:5): pid=1 uid=0 auid=4294967295 ses=4294967295 subj=unconfined msg='unit=lvm2-monitor comm="systemd" exe="/usr/lib/systemd/systemd" hostname=? addr=? terminal=? res=success'
[    1.002934] audit: type=1334 audit(1714502351.865:6): prog-id=19 op=LOAD
[    1.003034] audit: type=1334 audit(1714502351.865:7): prog-id=20 op=LOAD
[    1.003072] audit: type=1334 audit(1714502351.865:8): prog-id=21 op=LOAD
[    1.003361] taskcred: ***OKOKOK1*** pid=1
[    1.003435] taskcred: ***OKOKOK1*** pid=358
[    1.003436] taskcred: ***OKOKOK4*** pid=358
[    1.003564] systemd[1]: Starting User Database Manager...
[    1.006748] taskcred: ***OKOKOK1*** pid=358
[    1.007971] systemd[1]: Started Journal Service.
[    1.008017] audit: type=1130 audit(1714502351.870:9): pid=1 uid=0 auid=4294967295 ses=4294967295 subj=unconfined msg='unit=systemd-journald comm="systemd" exe="/usr/lib/systemd/systemd" hostname=? addr=? terminal=? res=success'
[    1.008541] taskcred: ***OKOKOK1*** pid=1
[    1.008620] taskcred: ***OKOKOK1*** pid=359
[    1.008621] taskcred: ***OKOKOK4*** pid=359
[    1.009488] taskcred: ***OKOKOK1*** pid=1
[    1.009736] taskcred: ***OKOKOK1*** pid=1
[    1.010097] taskcred: ***OKOKOK1*** pid=1
[    1.010272] taskcred: ***OKOKOK1*** pid=1
[    1.010592] taskcred: ***OKOKOK1*** pid=1
[    1.010763] taskcred: ***OKOKOK1*** pid=1
[    1.011089] taskcred: ***OKOKOK1*** pid=1
[    1.011255] taskcred: ***OKOKOK1*** pid=1
[    1.011582] taskcred: ***OKOKOK1*** pid=1
[    1.011741] taskcred: ***OKOKOK1*** pid=1
[    1.012065] taskcred: ***OKOKOK1*** pid=1
[    1.012224] taskcred: ***OKOKOK1*** pid=1
[    1.012500] taskcred: ***OKOKOK1*** pid=359
[    1.012578] taskcred: ***OKOKOK1*** pid=1
[    1.012609] taskcred: ***PANIC1*** pid=359
[    1.012611] taskcred: ***OKOKOK4*** pid=359
[    1.012736] taskcred: ***OKOKOK1*** pid=1
[    1.013066] taskcred: ***OKOKOK1*** pid=1
[    1.013224] taskcred: ***OKOKOK1*** pid=1
[    1.013545] taskcred: ***OKOKOK1*** pid=1
[    1.013710] taskcred: ***OKOKOK1*** pid=1
[    1.014142] taskcred: ***OKOKOK1*** pid=1
[    1.014381] taskcred: ***OKOKOK1*** pid=1
[    1.016069] systemd-journald[342]: Received client request to flush runtime journal.
[    1.018404] taskcred: ***PANIC1*** pid=358
[    1.018405] taskcred: ***OKOKOK4*** pid=358
[    1.019500] systemd-journald[342]: /var/log/journal/d68b2564f4a2445694c85059cd59c14e/system.journal: Journal file uses a different sequence number ID, rotating.
[    1.019503] systemd-journald[342]: Rotating system journal.
[    1.019963] taskcred: ***PANIC5***, pid=342
[    1.020315] taskcred: ***PANIC1*** pid=358
[    1.020413] taskcred: ***PANIC1*** pid=358
[    1.020502] taskcred: ***PANIC1*** pid=358
[    1.020581] taskcred: ***OKOKOK1*** pid=381
[    1.020584] taskcred: ***OKOKOK4*** pid=381
[    1.020607] taskcred: ***OKOKOK1*** pid=2
[    1.020610] taskcred: ***OKOKOK1*** pid=382
[    1.020611] taskcred: ***OKOKOK4*** pid=382
[    1.020722] audit: type=1130 audit(1714502351.882:10): pid=1 uid=0 auid=4294967295 ses=4294967295 subj=unconfined msg='unit=systemd-userdbd comm="systemd" exe="/usr/lib/systemd/systemd" hostname=? addr=? terminal=? res=success'
[    1.020730] taskcred: ***OKOKOK1*** pid=383
[    1.020732] taskcred: ***OKOKOK4*** pid=383
[    1.027976] taskcred: ***PANIC5***, pid=342
[    1.033459] taskcred: ***OKOKOK1*** pid=1
[    1.034919] taskcred: ***OKOKOK1*** pid=1
[    1.034998] taskcred: ***OKOKOK1*** pid=387
[    1.035000] taskcred: ***OKOKOK4*** pid=387
[    1.041965] taskcred: ***OKOKOK1*** pid=387
[    1.042602] taskcred: ***OKOKOK1*** pid=387
[    1.042818] taskcred: ***PANIC1*** pid=387
[    1.042819] taskcred: ***OKOKOK4*** pid=387
[    1.047238] taskcred: ***OKOKOK1*** pid=1
[    1.053336] taskcred: ***OKOKOK1*** pid=1
[    1.053409] taskcred: ***OKOKOK1*** pid=390
[    1.053410] taskcred: ***OKOKOK4*** pid=390
[    1.055848] taskcred: ***OKOKOK1*** pid=390
[    1.056485] taskcred: ***OKOKOK1*** pid=390
[    1.056549] taskcred: ***PANIC1*** pid=390
[    1.056550] taskcred: ***OKOKOK4*** pid=390
[    1.070116] taskcred: ***OKOKOK1*** pid=1
[    1.070185] taskcred: ***OKOKOK1*** pid=392
[    1.070186] taskcred: ***OKOKOK4*** pid=392
[    1.073456] taskcred: ***OKOKOK1*** pid=392
[    1.079959] taskcred: ***PANIC1*** pid=392
[    1.079960] taskcred: ***OKOKOK4*** pid=392
[    1.112978] taskcred: ***OKOKOK1*** pid=2
[    1.113054] taskcred: ***PANIC1*** pid=392
[    1.113204] taskcred: ***PANIC1*** pid=392
[    1.113338] taskcred: ***PANIC1*** pid=392
[    1.113479] taskcred: ***PANIC1*** pid=392
[    1.113645] taskcred: ***PANIC1*** pid=392
[    1.113782] taskcred: ***PANIC1*** pid=392
[    1.113988] taskcred: ***PANIC1*** pid=392
[    1.114117] taskcred: ***PANIC1*** pid=392
[    1.114163] taskcred: ***OKOKOK1*** pid=1
[    1.114241] taskcred: ***OKOKOK1*** pid=401
[    1.114242] taskcred: ***OKOKOK4*** pid=401
[    1.114318] taskcred: ***PANIC1*** pid=392
[    1.114456] taskcred: ***PANIC1*** pid=392
[    1.114660] taskcred: ***PANIC1*** pid=392
[    1.114801] taskcred: ***PANIC1*** pid=392
[    1.114990] taskcred: ***PANIC1*** pid=392
[    1.115206] taskcred: ***PANIC1*** pid=392
[    1.115346] taskcred: ***PANIC1*** pid=392
[    1.121767] taskcred: ***OKOKOK1*** pid=405
[    1.122043] taskcred: ***OKOKOK1*** pid=410
[    1.122046] taskcred: ***OKOKOK4*** pid=410
[    1.123199] taskcred: ***OKOKOK1*** pid=410
[    1.123301] taskcred: ***OKOKOK1*** pid=410
[    1.123497] taskcred: ***PANIC1*** pid=392
[    1.123658] taskcred: ***PANIC1*** pid=392
[    1.123823] taskcred: ***PANIC1*** pid=392
[    1.123969] taskcred: ***PANIC1*** pid=392
[    1.124052] taskcred: ***OKOKOK1*** pid=411
[    1.124053] taskcred: ***OKOKOK4*** pid=411
[    1.124121] taskcred: ***PANIC1*** pid=392
[    1.124278] taskcred: ***PANIC1*** pid=392
[    1.124605] taskcred: ***PANIC1*** pid=392
[    1.124750] taskcred: ***PANIC1*** pid=392
[    1.124944] taskcred: ***PANIC1*** pid=401
[    1.125292] taskcred: ***OKOKOK1*** pid=412
[    1.125295] taskcred: ***OKOKOK4*** pid=412
[    1.132501] taskcred: ***PANIC1*** pid=392
[    1.132657] taskcred: ***PANIC1*** pid=392
[    1.132853] taskcred: ***PANIC1*** pid=392
[    1.132981] taskcred: ***PANIC1*** pid=392
[    1.133112] taskcred: ***PANIC1*** pid=392
[    1.133237] taskcred: ***PANIC1*** pid=392
[    1.133351] taskcred: ***PANIC1*** pid=392
[    1.133473] taskcred: ***PANIC1*** pid=392
[    1.133597] taskcred: ***PANIC1*** pid=392
[    1.136440] taskcred: ***PANIC1*** pid=401
[    1.136442] taskcred: ***OKOKOK4*** pid=401
[    1.143418] taskcred: ***OKOKOK1*** pid=55
[    1.143970] taskcred: ***OKOKOK1*** pid=430
[    1.143992] taskcred: ***OKOKOK1*** pid=430
[    1.143993] taskcred: ***OKOKOK4*** pid=430
[    1.153175] taskcred: ***OKOKOK1*** pid=417
[    1.153439] taskcred: ***OKOKOK1*** pid=397
[    1.153566] taskcred: ***OKOKOK1*** pid=431
[    1.153569] taskcred: ***OKOKOK4*** pid=431
[    1.153788] taskcred: ***OKOKOK1*** pid=432
[    1.153790] taskcred: ***OKOKOK4*** pid=432
[    1.155209] apple-admac 238200000.dma-controller: Adding to iommu group 1
[    1.156821] leds_pwm led-controller: failed to read period for kbd_backlight, default to off
[    1.160118] apple-admac 238200000.dma-controller: Audio DMA Controller
[    1.160122] apple-admac 238200000.dma-controller: imprint 2020130c TX cache 16384 RX cache 16384
[    1.160687] mc: Linux media interface: v0.10
[    1.160802] cfg80211: Loading compiled-in X.509 certificates for regulatory database
[    1.160850] taskcred: ***OKOKOK1*** pid=236
[    1.160874] taskcred: ***OKOKOK1*** pid=433
[    1.160885] taskcred: ***OKOKOK1*** pid=433
[    1.160885] taskcred: ***OKOKOK4*** pid=433
[    1.161635] taskcred: ***OKOKOK1*** pid=236
[    1.161644] taskcred: ***OKOKOK1*** pid=434
[    1.161651] taskcred: ***OKOKOK1*** pid=434
[    1.161651] taskcred: ***OKOKOK4*** pid=434
[    1.162561] taskcred: ***OKOKOK1*** pid=2
[    1.162595] taskcred: ***OKOKOK1*** pid=2
[    1.173570] Loaded X.509 cert 'sforshee: 00b28ddf47aef9cea7'
[    1.173581] taskcred: ***OKOKOK1*** pid=2
[    1.173854] platform regulatory.0: Direct firmware load for regulatory.db failed with error -2
[    1.173856] cfg80211: failed to load regulatory.db
[    1.174539] taskcred: ***OKOKOK1*** pid=414
[    1.174594] taskcred: ***OKOKOK1*** pid=398
[    1.174746] taskcred: ***OKOKOK1*** pid=438
[    1.174747] taskcred: ***OKOKOK4*** pid=438
[    1.175003] taskcred: ***OKOKOK1*** pid=439
[    1.175003] taskcred: ***OKOKOK4*** pid=439
[    1.176266] tas2770 1-0031: Property ti,imon-slot-no is missing setting default slot
[    1.176267] tas2770 1-0031: Property ti,vmon-slot-no is missing setting default slot
[    1.181816] videodev: Linux video capture interface: v2.00
[    1.183407] tas2770 2-0034: Property ti,imon-slot-no is missing setting default slot
[    1.183408] tas2770 2-0034: Property ti,vmon-slot-no is missing setting default slot
[    1.183848] spi-nor spi0.0: w25q64dw (8192 Kbytes)
[    1.183869] taskcred: ***OKOKOK1*** pid=55
[    1.183894] taskcred: ***OKOKOK1*** pid=440
[    1.183905] taskcred: ***OKOKOK1*** pid=440
[    1.183906] taskcred: ***OKOKOK4*** pid=440
[    1.186904] taskcred: ***OKOKOK1*** pid=55
[    1.186930] taskcred: ***OKOKOK1*** pid=441
[    1.186937] taskcred: ***OKOKOK1*** pid=441
[    1.186938] taskcred: ***OKOKOK4*** pid=441
[    1.187300] dwc3 502280000.usb: Adding to iommu group 2
[    1.191256] cs42l83 2-0048: supply VA not found, using dummy regulator
[    1.192911] cs42l83 2-0048: supply VP not found, using dummy regulator
[    1.193106] cs42l83 2-0048: supply VCP not found, using dummy regulator
[    1.193298] cs42l83 2-0048: supply VD_FILT not found, using dummy regulator
[    1.194046] cs42l83 2-0048: supply VL not found, using dummy regulator
[    1.194220] taskcred: ***OKOKOK1*** pid=398
[    1.194535] taskcred: ***OKOKOK1*** pid=442
[    1.194538] taskcred: ***OKOKOK4*** pid=442
[    1.196800] 1 fixed-partitions partitions found on MTD device spi0.0
[    1.196801] Creating 1 MTD partitions on "spi0.0":
[    1.196802] 0x000000700000-0x000000800000 : "nvram"
[    1.199806] taskcred: ***OKOKOK1*** pid=2
[    1.201948] cs42l83 2-0048: Cirrus Logic CS42L83, Revision: B0
[    1.215446] taskcred: ***OKOKOK1*** pid=398
[    1.215856] taskcred: ***OKOKOK1*** pid=444
[    1.215858] taskcred: ***OKOKOK4*** pid=444
[    1.226874] input: Apple SMC power/lid events as /devices/platform/soc/23e400000.smc/macsmc-hid/input/input7
[    1.228429] apple-isp 22a000000.isp: Adding to iommu group 3
[    1.229075] apple-isp 22a000000.isp: ISP firmware-compat: 13.5 (FW: 13.5
[    1.230449] taskcred: ***PANIC5***, pid=342
[    1.231442] apple-isp 22a000000.isp: IPC surface iova: 0x1000000
[    1.231451] apple-isp 22a000000.isp: Data surface iova: 0x101c000
[    1.235804] taskcred: ***OKOKOK1*** pid=2
[    1.236551] taskcred: ***OKOKOK1*** pid=413
[    1.236720] taskcred: ***OKOKOK1*** pid=418
[    1.236903] taskcred: ***OKOKOK1*** pid=447
[    1.236904] taskcred: ***OKOKOK4*** pid=447
[    1.237113] taskcred: ***OKOKOK1*** pid=448
[    1.237114] taskcred: ***OKOKOK4*** pid=448
[    1.240506] taskcred: ***OKOKOK1*** pid=2
[    1.241983] taskcred: ***OKOKOK1*** pid=427
[    1.242784] taskcred: ***OKOKOK1*** pid=450
[    1.242785] taskcred: ***OKOKOK4*** pid=450
[    1.243597] taskcred: ***OKOKOK1*** pid=1
[    1.243962] taskcred: ***OKOKOK1*** pid=1
[    1.244415] taskcred: ***OKOKOK1*** pid=1
[    1.255310] taskcred: ***OKOKOK1*** pid=1
[    1.255382] taskcred: ***OKOKOK1*** pid=454
[    1.255385] taskcred: ***OKOKOK4*** pid=454
[    1.260979] taskcred: ***OKOKOK1*** pid=423
[    1.261268] taskcred: ***OKOKOK1*** pid=455
[    1.261271] taskcred: ***OKOKOK4*** pid=455
[    1.273031] taskcred: ***OKOKOK1*** pid=454
[    1.273050] taskcred: ***OKOKOK1*** pid=1
[    1.273090] taskcred: ***OKOKOK1*** pid=456
[    1.273091] taskcred: ***OKOKOK4*** pid=456
[    1.273125] taskcred: ***PANIC1*** pid=454
[    1.273127] taskcred: ***OKOKOK4*** pid=454
[    1.273381] taskcred: ***OKOKOK1*** pid=1
[    1.273454] taskcred: ***OKOKOK1*** pid=457
[    1.273457] taskcred: ***OKOKOK4*** pid=457
[    1.274196] taskcred: ***OKOKOK1*** pid=81
[    1.274216] taskcred: ***OKOKOK1*** pid=458
[    1.274231] taskcred: ***OKOKOK1*** pid=458
[    1.274232] taskcred: ***OKOKOK4*** pid=458
[    1.275114] taskcred: ***OKOKOK1*** pid=456
[    1.275161] taskcred: ***PANIC1*** pid=456
[    1.275162] taskcred: ***OKOKOK4*** pid=456
[    1.275692] FAT-fs (nvme0n1p4): Volume was not properly unmounted. Some data may be corrupt. Please run fsck.
[    1.275872] taskcred: ***OKOKOK1*** pid=1
[    1.277270] taskcred: ***OKOKOK1*** pid=1
[    1.277319] taskcred: ***OKOKOK1*** pid=457
[    1.277344] taskcred: ***OKOKOK1*** pid=460
[    1.277346] taskcred: ***OKOKOK4*** pid=460
[    1.278016] taskcred: ***OKOKOK1*** pid=1
[    1.278062] taskcred: ***OKOKOK1*** pid=457
[    1.278085] taskcred: ***OKOKOK1*** pid=462
[    1.278087] taskcred: ***OKOKOK4*** pid=462
[    1.278153] taskcred: ***PANIC1*** pid=457
[    1.278154] taskcred: ***OKOKOK4*** pid=457
[    1.278344] taskcred: ***OKOKOK1*** pid=1
[    1.278385] taskcred: ***OKOKOK1*** pid=463
[    1.278386] taskcred: ***OKOKOK4*** pid=463
[    1.278688] taskcred: ***OKOKOK1*** pid=1
[    1.279031] taskcred: ***OKOKOK1*** pid=460
[    1.279468] taskcred: ***PANIC1*** pid=460
[    1.279469] taskcred: ***OKOKOK4*** pid=460
[    1.279988] taskcred: ***OKOKOK1*** pid=463
[    1.280330] taskcred: ***OKOKOK1*** pid=463
[    1.280368] taskcred: ***PANIC1*** pid=463
[    1.280368] taskcred: ***OKOKOK4*** pid=463
[    1.281454] taskcred: ***OKOKOK1*** pid=457
[    1.281700] taskcred: ***OKOKOK1*** pid=466
[    1.281701] taskcred: ***OKOKOK4*** pid=466
[    1.281823] taskcred: ***OKOKOK1*** pid=462
[    1.281921] taskcred: ***PANIC1*** pid=462
[    1.281922] taskcred: ***OKOKOK4*** pid=462
[    1.290716] taskcred: ***PANIC1*** pid=358
[    1.290857] taskcred: ***OKOKOK1*** pid=467
[    1.290858] taskcred: ***OKOKOK4*** pid=467
[    1.291698] taskcred: ***PANIC1*** pid=358
[    1.291945] taskcred: ***PANIC1*** pid=358
[    1.292062] taskcred: ***OKOKOK1*** pid=468
[    1.292064] taskcred: ***OKOKOK4*** pid=468
[    1.292176] taskcred: ***OKOKOK1*** pid=469
[    1.292178] taskcred: ***OKOKOK4*** pid=469
[    1.292969] taskcred: ***OKOKOK1*** pid=466
[    1.293042] taskcred: ***OKOKOK1*** pid=470
[    1.293045] taskcred: ***OKOKOK4*** pid=470
[    1.294390] taskcred: ***OKOKOK1*** pid=1
[    1.295877] taskcred: ***OKOKOK1*** pid=470
[    1.295879] taskcred: ***OKOKOK4*** pid=470
[    1.296814] macsmc-reboot macsmc-reboot: Handling reboot and poweroff requests via SMC
[    1.301688] taskcred: ***OKOKOK1*** pid=466
[    1.301759] taskcred: ***OKOKOK1*** pid=472
[    1.301762] taskcred: ***OKOKOK4*** pid=472
[    1.304152] taskcred: ***OKOKOK1*** pid=472
[    1.304154] taskcred: ***OKOKOK4*** pid=472
[    1.305517] taskcred: ***OKOKOK1*** pid=1
[    1.318691] taskcred: ***OKOKOK1*** pid=1
[    1.319457] taskcred: ***OKOKOK1*** pid=1
[    1.319527] taskcred: ***OKOKOK1*** pid=475
[    1.319529] taskcred: ***OKOKOK4*** pid=475
[    1.329981] taskcred: ***OKOKOK1*** pid=475
[    1.330075] taskcred: ***PANIC1*** pid=475
[    1.330077] taskcred: ***OKOKOK4*** pid=475
[    1.332067] taskcred: ***OKOKOK1*** pid=1
[    1.332141] taskcred: ***OKOKOK1*** pid=476
[    1.332142] taskcred: ***OKOKOK4*** pid=476
[    1.333387] taskcred: ***OKOKOK1*** pid=1
[    1.333471] taskcred: ***OKOKOK1*** pid=477
[    1.333473] taskcred: ***OKOKOK4*** pid=477
[    1.334086] taskcred: ***OKOKOK1*** pid=1
[    1.334149] taskcred: ***OKOKOK1*** pid=478
[    1.334151] taskcred: ***OKOKOK4*** pid=478
[    1.335708] taskcred: ***PANIC1*** pid=476
[    1.336318] taskcred: ***OKOKOK1*** pid=478
[    1.336389] taskcred: ***PANIC1*** pid=478
[    1.336390] taskcred: ***OKOKOK4*** pid=478
[    1.336451] taskcred: ***PANIC1*** pid=476
[    1.340643] taskcred: ***PANIC1*** pid=477
[    1.341725] taskcred: ***OKOKOK1*** pid=1
[    1.343784] taskcred: ***OKOKOK1*** pid=1
[    1.348301] taskcred: ***PANIC1*** pid=476
[    1.348301] taskcred: ***OKOKOK4*** pid=476
[    1.364943] taskcred: ***PANIC1*** pid=477
[    1.364944] taskcred: ***OKOKOK4*** pid=477
[    1.406985] taskcred: ***OKOKOK1*** pid=1
[    1.408305] taskcred: ***OKOKOK1*** pid=1
[    1.408364] taskcred: ***OKOKOK1*** pid=483
[    1.408365] taskcred: ***OKOKOK4*** pid=483
[    1.422947] taskcred: ***OKOKOK1*** pid=483
[    1.423014] taskcred: ***PANIC1*** pid=483
[    1.423015] taskcred: ***OKOKOK4*** pid=483
[    1.423427] taskcred: ***OKOKOK1*** pid=2
[    1.425774] taskcred: ***OKOKOK1*** pid=1
[    1.430340] taskcred: ***OKOKOK1*** pid=1
[    1.430416] taskcred: ***OKOKOK1*** pid=486
[    1.430418] taskcred: ***OKOKOK4*** pid=486
[    1.432502] taskcred: ***OKOKOK1*** pid=486
[    1.434489] taskcred: ***PANIC1*** pid=486
[    1.434490] taskcred: ***OKOKOK4*** pid=486
[    1.454864] taskcred: ***PANIC1*** pid=486
[    1.455032] taskcred: ***PANIC1*** pid=487
[    1.455033] taskcred: ***OKOKOK4*** pid=487
[    1.460942] taskcred: ***OKOKOK1*** pid=1
[    1.461095] taskcred: ***OKOKOK1*** pid=488
[    1.461098] taskcred: ***OKOKOK4*** pid=488
[    1.462559] taskcred: ***OKOKOK1*** pid=1
[    1.462631] taskcred: ***OKOKOK1*** pid=489
[    1.462632] taskcred: ***OKOKOK4*** pid=489
[    1.464524] taskcred: ***OKOKOK1*** pid=1
[    1.464651] taskcred: ***OKOKOK1*** pid=490
[    1.464654] taskcred: ***OKOKOK4*** pid=490
[    1.464700] taskcred: ***OKOKOK1*** pid=489
[    1.466711] taskcred: ***OKOKOK1*** pid=488
[    1.467673] taskcred: ***OKOKOK1*** pid=1
[    1.467743] taskcred: ***OKOKOK1*** pid=491
[    1.467745] taskcred: ***OKOKOK4*** pid=491
[    1.469564] taskcred: ***PANIC1*** pid=489
[    1.469565] taskcred: ***OKOKOK4*** pid=489
[    1.470653] taskcred: ***OKOKOK1*** pid=491
[    1.470948] taskcred: ***OKOKOK1*** pid=55
[    1.470973] taskcred: ***OKOKOK1*** pid=492
[    1.470981] taskcred: ***OKOKOK1*** pid=492
[    1.470982] taskcred: ***OKOKOK4*** pid=492
[    1.471708] taskcred: ***OKOKOK1*** pid=2
[    1.472043] taskcred: ***OKOKOK1*** pid=55
[    1.472058] taskcred: ***OKOKOK1*** pid=494
[    1.472068] taskcred: ***OKOKOK1*** pid=494
[    1.472068] taskcred: ***OKOKOK4*** pid=494
[    1.472558] taskcred: ***OKOKOK1*** pid=55
[    1.472568] taskcred: ***OKOKOK1*** pid=495
[    1.472576] taskcred: ***OKOKOK1*** pid=495
[    1.472577] taskcred: ***OKOKOK4*** pid=495
[    1.472633] taskcred: ***PANIC1*** pid=488
[    1.472635] taskcred: ***OKOKOK4*** pid=488
[    1.472635] taskcred: ***OKOKOK1*** pid=490
[    1.473005] taskcred: ***OKOKOK1*** pid=55
[    1.473011] taskcred: ***OKOKOK1*** pid=496
[    1.473016] taskcred: ***OKOKOK1*** pid=496
[    1.473017] taskcred: ***OKOKOK4*** pid=496
[    1.473379] taskcred: ***OKOKOK1*** pid=2
[    1.473412] taskcred: ***OKOKOK1*** pid=2
[    1.473427] alg: No test for hmac(md4) (hmac(md4-generic))
[    1.473441] taskcred: ***OKOKOK1*** pid=55
[    1.473452] taskcred: ***OKOKOK1*** pid=499
[    1.473471] taskcred: ***OKOKOK1*** pid=499
[    1.473472] taskcred: ***OKOKOK4*** pid=499
[    1.473887] taskcred: ***OKOKOK1*** pid=55
[    1.473899] taskcred: ***OKOKOK1*** pid=500
[    1.473916] taskcred: ***OKOKOK1*** pid=500
[    1.473917] taskcred: ***OKOKOK4*** pid=500
[    1.474979] taskcred: ***OKOKOK1*** pid=2
[    1.475013] taskcred: ***OKOKOK1*** pid=2
[    1.475136] taskcred: ***OKOKOK1*** pid=55
[    1.475145] taskcred: ***OKOKOK1*** pid=503
[    1.475164] taskcred: ***OKOKOK1*** pid=503
[    1.475165] taskcred: ***OKOKOK4*** pid=503
[    1.475555] taskcred: ***OKOKOK1*** pid=55
[    1.475565] taskcred: ***OKOKOK1*** pid=504
[    1.475582] taskcred: ***OKOKOK1*** pid=504
[    1.475583] taskcred: ***OKOKOK4*** pid=504
[    1.475956] taskcred: ***OKOKOK1*** pid=2
[    1.475985] taskcred: ***OKOKOK1*** pid=2
[    1.476088] taskcred: ***OKOKOK1*** pid=55
[    1.476094] taskcred: ***OKOKOK1*** pid=507
[    1.476100] taskcred: ***OKOKOK1*** pid=507
[    1.476100] taskcred: ***OKOKOK4*** pid=507
[    1.476439] taskcred: ***OKOKOK1*** pid=55
[    1.476444] taskcred: ***OKOKOK1*** pid=508
[    1.476449] taskcred: ***OKOKOK1*** pid=508
[    1.476449] taskcred: ***OKOKOK4*** pid=508
[    1.476831] taskcred: ***OKOKOK1*** pid=2
[    1.476859] taskcred: ***OKOKOK1*** pid=55
[    1.476871] taskcred: ***OKOKOK1*** pid=510
[    1.476878] taskcred: ***OKOKOK1*** pid=510
[    1.476878] taskcred: ***OKOKOK4*** pid=510
[    1.478028] taskcred: ***OKOKOK1*** pid=2
[    1.478084] taskcred: ***OKOKOK1*** pid=2
[    1.478321] taskcred: ***OKOKOK1*** pid=55
[    1.478329] taskcred: ***OKOKOK1*** pid=513
[    1.478335] taskcred: ***OKOKOK1*** pid=513
[    1.478335] taskcred: ***OKOKOK4*** pid=513
[    1.478703] taskcred: ***OKOKOK1*** pid=2
[    1.478850] taskcred: ***OKOKOK1*** pid=55
[    1.478856] taskcred: ***OKOKOK1*** pid=515
[    1.478861] taskcred: ***OKOKOK1*** pid=515
[    1.478861] taskcred: ***OKOKOK4*** pid=515
[    1.479198] taskcred: ***OKOKOK1*** pid=55
[    1.479203] taskcred: ***OKOKOK1*** pid=516
[    1.479209] taskcred: ***OKOKOK1*** pid=516
[    1.479209] taskcred: ***OKOKOK4*** pid=516
[    1.479548] taskcred: ***OKOKOK1*** pid=2
[    1.479581] taskcred: ***OKOKOK1*** pid=2
[    1.479686] taskcred: ***OKOKOK1*** pid=55
[    1.479695] taskcred: ***OKOKOK1*** pid=519
[    1.479717] taskcred: ***OKOKOK1*** pid=519
[    1.479718] taskcred: ***OKOKOK4*** pid=519
[    1.480096] taskcred: ***OKOKOK1*** pid=55
[    1.480107] taskcred: ***OKOKOK1*** pid=520
[    1.480121] taskcred: ***PANIC1*** pid=491
[    1.480122] taskcred: ***OKOKOK4*** pid=491
[    1.480123] taskcred: ***OKOKOK1*** pid=520
[    1.480125] taskcred: ***OKOKOK4*** pid=520
[    1.481108] taskcred: ***PANIC1*** pid=490
[    1.481111] taskcred: ***OKOKOK4*** pid=490
[    1.481241] taskcred: ***OKOKOK1*** pid=2
[    1.481291] taskcred: ***OKOKOK1*** pid=2
[    1.487914] taskcred: ***OKOKOK1*** pid=2
[    1.495723] taskcred: ***PANIC5***, pid=488
[    1.497218] taskcred: ***PANIC5***, pid=488
[    1.497741] taskcred: ***PANIC5***, pid=488
[    1.500068] taskcred: ***OKOKOK5***, pid=525
[    1.502898] taskcred: ***OKOKOK1*** pid=1
[    1.502983] taskcred: ***OKOKOK1*** pid=528
[    1.502986] taskcred: ***OKOKOK4*** pid=528
[    1.512956] taskcred: ***OKOKOK1*** pid=528
[    1.526962] taskcred: ***PANIC1*** pid=528
[    1.526963] taskcred: ***OKOKOK4*** pid=528
[    1.574681] taskcred: ***OKOKOK1*** pid=1
[    1.574742] taskcred: ***OKOKOK1*** pid=529
[    1.574744] taskcred: ***OKOKOK4*** pid=529
[    1.595888] taskcred: ***OKOKOK1*** pid=529
[    1.595952] taskcred: ***PANIC1*** pid=529
[    1.595953] taskcred: ***OKOKOK4*** pid=529
[    1.596414] taskcred: ***OKOKOK1*** pid=1
[    1.596553] taskcred: ***OKOKOK1*** pid=530
[    1.596558] taskcred: ***OKOKOK4*** pid=530
[    1.599270] taskcred: ***OKOKOK5***, pid=529
[    1.599329] taskcred: ***OKOKOK5***, pid=529
[    1.599460] taskcred: ***OKOKOK5***, pid=532
[    1.600466] taskcred: ***OKOKOK5***, pid=533
[    1.602991] taskcred: ***OKOKOK1*** pid=530
[    1.603124] taskcred: ***PANIC1*** pid=530
[    1.603126] taskcred: ***OKOKOK4*** pid=530
[    1.604802] taskcred: ***OKOKOK1*** pid=1
[    1.606949] taskcred: ***OKOKOK1*** pid=1
[    1.607015] taskcred: ***OKOKOK1*** pid=536
[    1.607017] taskcred: ***OKOKOK4*** pid=536
[    1.608752] taskcred: ***OKOKOK1*** pid=536
[    1.608800] taskcred: ***PANIC1*** pid=536
[    1.608800] taskcred: ***OKOKOK4*** pid=536
[    1.631419] taskcred: ***OKOKOK5***, pid=536
[    1.636139] taskcred: ***OKOKOK1*** pid=536
[    1.636191] taskcred: ***OKOKOK1*** pid=538
[    1.636193] taskcred: ***OKOKOK4*** pid=538
[    1.638985] taskcred: ***OKOKOK1*** pid=538
[    1.638987] taskcred: ***OKOKOK4*** pid=538
[    1.652104] taskcred: ***OKOKOK1*** pid=538
[    1.652108] taskcred: ***OKOKOK4*** pid=538
[    1.722917] pcie-apple 690000000.pcie: host bridge /soc/pcie@690000000 ranges:
[    1.722931] pcie-apple 690000000.pcie:      MEM 0x06a0000000..0x06bfffffff -> 0x06a0000000
[    1.722938] pcie-apple 690000000.pcie:      MEM 0x06c0000000..0x06ffffffff -> 0x00c0000000
[    1.722997] pcie-apple 690000000.pcie: invalid resource (null)
[    1.827733] taskcred: ***OKOKOK5***, pid=538
[    1.827801] taskcred: ***OKOKOK5***, pid=538
[    1.827845] taskcred: ***OKOKOK5***, pid=538
[    1.827903] taskcred: ***OKOKOK5***, pid=538
[    1.827957] taskcred: ***OKOKOK5***, pid=538
[    1.828006] taskcred: ***OKOKOK5***, pid=538
[    1.828056] taskcred: ***OKOKOK5***, pid=538
[    1.828100] taskcred: ***OKOKOK5***, pid=538
[    1.828145] taskcred: ***OKOKOK5***, pid=538
[    1.828186] taskcred: ***OKOKOK5***, pid=538
[    1.828236] taskcred: ***OKOKOK5***, pid=538
[    1.828280] taskcred: ***OKOKOK5***, pid=538
[    1.828323] taskcred: ***OKOKOK5***, pid=538
[    1.828376] taskcred: ***OKOKOK5***, pid=538
[    1.828420] taskcred: ***OKOKOK5***, pid=538
[    1.828468] taskcred: ***OKOKOK5***, pid=538
[    1.835448] taskcred: ***OKOKOK5***, pid=538
[    1.879871] taskcred: ***OKOKOK1*** pid=538
[    1.880959] taskcred: ***PANIC1*** pid=556
[    1.880961] taskcred: ***OKOKOK4*** pid=556
[    1.885357] taskcred: ***OKOKOK1*** pid=556
[    1.885361] taskcred: ***OKOKOK4*** pid=556
[    1.935929] pcie-apple 690000000.pcie: ECAM at [mem 0x690000000-0x690ffffff] for [bus 00-03]
[    1.936060] pcie-apple 690000000.pcie: PCI host bridge to bus 0000:00
[    1.936064] pci_bus 0000:00: root bus resource [bus 00-03]
[    1.936068] pci_bus 0000:00: root bus resource [mem 0x6a0000000-0x6bfffffff pref]
[    1.936072] pci_bus 0000:00: root bus resource [mem 0x6c0000000-0x6ffffffff] (bus address [0xc0000000-0xffffffff])
[    1.936092] pci 0000:00:00.0: [106b:100c] type 01 class 0x060400
[    1.936168] pci 0000:00:00.0: PME# supported from D0 D3hot D3cold
[    1.937687] pci 0000:01:00.0: [14e4:4425] type 00 class 0x028000
[    1.937706] pci 0000:01:00.0: reg 0x10: [mem 0x00000000-0x0000ffff 64bit]
[    1.937719] pci 0000:01:00.0: reg 0x18: [mem 0x00000000-0x007fffff 64bit]
[    1.937837] pci 0000:01:00.0: supports D1 D2
[    1.937838] pci 0000:01:00.0: PME# supported from D0 D1 D2 D3hot D3cold
[    1.938075] pci 0000:01:00.1: [14e4:5f69] type 00 class 0x028000
[    1.938094] pci 0000:01:00.1: reg 0x10: [mem 0x00000000-0x00007fff 64bit]
[    1.938106] pci 0000:01:00.1: reg 0x18: [mem 0x00000000-0x003fffff 64bit]
[    1.938212] pci 0000:01:00.1: supports D1 D2
[    1.938213] pci 0000:01:00.1: PME# supported from D0 D1 D2 D3hot D3cold
[    1.940826] pci_bus 0000:01: busn_res: [bus 01-03] end is updated to 01
[    1.940836] pci 0000:00:00.0: BAR 14: assigned [mem 0x6c0000000-0x6c0dfffff]
[    1.940841] pci 0000:01:00.0: BAR 2: assigned [mem 0x6c0000000-0x6c07fffff 64bit]
[    1.940851] pci 0000:01:00.1: BAR 2: assigned [mem 0x6c0800000-0x6c0bfffff 64bit]
[    1.940861] pci 0000:01:00.0: BAR 0: assigned [mem 0x6c0c00000-0x6c0c0ffff 64bit]
[    1.940872] pci 0000:01:00.1: BAR 0: assigned [mem 0x6c0c10000-0x6c0c17fff 64bit]
[    1.940882] pci 0000:00:00.0: PCI bridge to [bus 01]
[    1.940886] pci 0000:00:00.0:   bridge window [mem 0x6c0000000-0x6c0dfffff]
[    1.940909] OF: /soc/pcie@690000000: no iommu-map translation for id 0x0 on (null)
[    1.941014] pcieport 0000:00:00.0: PME: Signaling with IRQ 100
[    1.941064] taskcred: ***OKOKOK1*** pid=2
[    1.941144] pcieport 0000:00:00.0: AER: enabled with IRQ 100
[    1.941436] taskcred: ***OKOKOK1*** pid=2
[    1.941510] taskcred: ***OKOKOK1*** pid=2
[    1.942746] taskcred: ***OKOKOK1*** pid=2
[    1.944862] usbcore: registered new interface driver brcmfmac
[    1.945023] brcmfmac 0000:01:00.0: Adding to iommu group 4
[    1.945085] brcmfmac 0000:01:00.0: enabling device (0000 -> 0002)
[    1.948741] taskcred: ***OKOKOK1*** pid=2
[    1.948846] taskcred: ***OKOKOK1*** pid=2
[    1.952963] taskcred: ***OKOKOK1*** pid=2
[    1.953228] snd-soc-macaudio sound: macaudio_probe!
[    1.953887] taskcred: ***OKOKOK1*** pid=2
[    1.954507] snd-soc-macaudio sound: adding routes for 'mca-i2s-2'
[    1.954650] input: MacBook Air J313 Headphone Jack as /devices/platform/sound/sound/card0/input8
[    1.955726] taskcred: ***OKOKOK1*** pid=420
[    1.956057] taskcred: ***OKOKOK1*** pid=565
[    1.956060] taskcred: ***OKOKOK4*** pid=565
[    1.959910] brcmfmac: brcmf_fw_alloc_request: using brcm/brcmfmac4378b1-pcie for chip BCM4378/3
[    1.960483] brcmfmac 0000:01:00.0: Direct firmware load for brcm/brcmfmac4378b1-pcie.apple,shikoku-RASP-m-7.1-X0.bin failed with error -2
[    1.960526] brcmfmac 0000:01:00.0: Direct firmware load for brcm/brcmfmac4378b1-pcie.apple,shikoku-RASP-m-7.1.bin failed with error -2
[    1.960561] brcmfmac 0000:01:00.0: Direct firmware load for brcm/brcmfmac4378b1-pcie.apple,shikoku-RASP-m.bin failed with error -2
[    1.960595] brcmfmac 0000:01:00.0: Direct firmware load for brcm/brcmfmac4378b1-pcie.apple,shikoku-RASP.bin failed with error -2
[    1.960627] brcmfmac 0000:01:00.0: Direct firmware load for brcm/brcmfmac4378b1-pcie.apple,shikoku-X0.bin failed with error -2
[    1.961176] Bluetooth: Core ver 2.22
[    1.961185] NET: Registered PF_BLUETOOTH protocol family
[    1.961186] Bluetooth: HCI device and connection manager initialized
[    1.961188] Bluetooth: HCI socket layer initialized
[    1.961190] Bluetooth: L2CAP socket layer initialized
[    1.961192] Bluetooth: SCO socket layer initialized
[    1.961679] hci_bcm4377 0000:01:00.1: Adding to iommu group 4
[    1.962557] brcmfmac 0000:01:00.0: Direct firmware load for brcm/brcmfmac4378b1-pcie.sig failed with error -2
[    1.962686] taskcred: ***OKOKOK1*** pid=2
[    1.971052] taskcred: ***OKOKOK1*** pid=423
[    1.972511] taskcred: ***OKOKOK1*** pid=1
[    1.972668] taskcred: ***OKOKOK1*** pid=568
[    1.972671] taskcred: ***OKOKOK4*** pid=568
[    1.973107] taskcred: ***OKOKOK1*** pid=567
[    1.973109] taskcred: ***OKOKOK4*** pid=567
[    1.977912] taskcred: ***PANIC1*** pid=491
[    1.978243] taskcred: ***OKOKOK1*** pid=569
[    1.988091] taskcred: ***OKOKOK1*** pid=568
[    1.988668] taskcred: ***PANIC1*** pid=568
[    1.988670] taskcred: ***OKOKOK4*** pid=568
[    1.999565] taskcred: ***OKOKOK1*** pid=1
[    2.022021] taskcred: ***OKOKOK5***, pid=538
[    2.022064] taskcred: ***OKOKOK1*** pid=536
[    2.022109] taskcred: ***OKOKOK1*** pid=573
[    2.022111] taskcred: ***OKOKOK4*** pid=573
[    2.038400] taskcred: ***OKOKOK1*** pid=536
[    2.038497] taskcred: ***OKOKOK1*** pid=574
[    2.038500] taskcred: ***OKOKOK4*** pid=574
[    2.044025] taskcred: ***OKOKOK1*** pid=536
[    2.044049] taskcred: ***OKOKOK1*** pid=575
[    2.044050] taskcred: ***OKOKOK4*** pid=575
[    2.098758] taskcred: ***OKOKOK1*** pid=1
[    2.098845] taskcred: ***OKOKOK1*** pid=576
[    2.098846] taskcred: ***OKOKOK4*** pid=576
[    2.103748] taskcred: ***OKOKOK1*** pid=576
[    2.103811] taskcred: ***PANIC1*** pid=576
[    2.103811] taskcred: ***OKOKOK4*** pid=576
[    2.107519] taskcred: ***OKOKOK1*** pid=2
[    2.110794] taskcred: ***OKOKOK1*** pid=1
[    2.113596] taskcred: ***OKOKOK1*** pid=1
[    2.113669] taskcred: ***OKOKOK1*** pid=579
[    2.113670] taskcred: ***OKOKOK4*** pid=579
[    2.132058] taskcred: ***PANIC1*** pid=579
[    2.132787] taskcred: ***PANIC1*** pid=580
[    2.132788] taskcred: ***OKOKOK4*** pid=580
[    2.136629] taskcred: ***PANIC1*** pid=579
[    2.139289] taskcred: ***PANIC1*** pid=579
[    2.141330] taskcred: ***PANIC1*** pid=579
[    2.141331] taskcred: ***OKOKOK4*** pid=579
[    2.163024] taskcred: ***OKOKOK1*** pid=579
[    2.163964] taskcred: ***OKOKOK1*** pid=582
[    2.164824] taskcred: ***OKOKOK1*** pid=583
[    2.164825] taskcred: ***OKOKOK4*** pid=583
[    2.169610] taskcred: ***OKOKOK1*** pid=579
[    2.169962] taskcred: ***OKOKOK1*** pid=584
[    2.170449] taskcred: ***OKOKOK1*** pid=585
[    2.170451] taskcred: ***OKOKOK4*** pid=585
[    2.175794] hci_bcm4377 0000:01:00.1: enabling device (0000 -> 0002)
[    2.200657] apple-isp: CISP_CMD_CONFIG_GET: 
[    2.200662] apple-isp: 00000000 00000003 016e3600 00000001 0000000a 00000000 00000001
[    2.200746] apple-isp 22a000000.isp: found sensor 248 CC2326204T2PM0D7E on ch 0
[    2.200748] apple-isp: ch: CISP_CMD_CH_INFO_GET: 0
[    2.200750] apple-isp: ch: 00000000 0000010d 00000000 07dd0001 0002004a 00040007 00000005 00000001
[    2.200753] apple-isp: ch: 00000248 00000007 00000001 00000001 00000000 00000000 00000000 00000000
[    2.200754] apple-isp: ch: 00000000 00000000 00000000 00010000 00000001 00000000 00000004 00000020
[    2.200757] apple-isp: ch: 00000001 00000000 00004680 00000040 00000001 00000002 00004000 00000040
[    2.200759] apple-isp: ch: 00000001 00000000 00000000 00000036 00000000 00000000 000f4240 434300a0
[    2.200761] apple-isp: ch: 36323332 54343032 304d5032 00453744 00000000 00000008 00000000 00000000
[    2.200763] apple-isp: ch: 00000004 00000000 00000000 00000000 00000000 00000000 00000000 00ff0000
[    2.200764] apple-isp: ch: 00000c00 00000000 0000001c 00000680 00000004 00000004 00000000 00000000
[    2.200766] apple-isp: ch: 00000000 00000000 00000000 00000000 05100000 000002e0
[    2.200873] apple-isp: ps: CISP_CMD_CH_CAMERA_CONFIG_GET: 0
[    2.200875] apple-isp: ps: 00000000 00000106 00000000 00000000 02e00510 02e00510 00000000 00001df8
[    2.200877] apple-isp: ps: 00000100 00000001 00000040 00000040 00000040 00000040 00000040 00000040
[    2.200879] apple-isp: ps: 00000003 00000040 00000040 00000005 00000000 00000528 00000001 00000000
[    2.200881] apple-isp: ps: 0249f000 00000006 00000007 00000000 00000009 000f4240 00000025 00000000
[    2.200883] apple-isp: ps: 00004000 00000014 00000015 00000000 00000000 00000000 00000510 000002e0
[    2.200884] apple-isp: ps: 00010000 b9680000 0ef80000 00000000 0000001f 00000000 00000000 00000000
[    2.200886] apple-isp: ps: 00000510 000002e0 00000100 00000000 00000000 00000510 000002e0
[    2.221047] apple-isp 22a000000.isp: apple-isp probe!
[    2.221767] taskcred: ***OKOKOK1*** pid=423
[    2.222180] taskcred: ***OKOKOK1*** pid=586
[    2.222181] taskcred: ***OKOKOK4*** pid=586
[    2.262850] taskcred: ***OKOKOK1*** pid=579
[    2.262977] taskcred: ***OKOKOK1*** pid=587
[    2.262981] taskcred: ***OKOKOK4*** pid=587
[    2.268753] taskcred: ***PANIC1*** pid=587
[    2.268756] taskcred: ***OKOKOK4*** pid=587
[    2.275398] taskcred: ***OKOKOK1*** pid=1
[    2.276374] taskcred: ***OKOKOK1*** pid=579
[    2.276452] taskcred: ***OKOKOK1*** pid=589
[    2.276453] taskcred: ***OKOKOK4*** pid=589
[    2.277350] taskcred: ***OKOKOK1*** pid=575
[    2.278988] taskcred: ***PANIC1*** pid=590
[    2.278991] taskcred: ***OKOKOK4*** pid=590
[    2.279572] taskcred: ***PANIC1*** pid=589
[    2.279574] taskcred: ***OKOKOK4*** pid=589
[    2.280624] taskcred: ***OKOKOK1*** pid=1
[    2.334664] taskcred: ***OKOKOK5***, pid=590
[    2.347855] taskcred: ***OKOKOK5***, pid=590
[    2.348430] taskcred: ***OKOKOK1*** pid=579
[    2.348543] taskcred: ***OKOKOK1*** pid=594
[    2.348547] taskcred: ***OKOKOK4*** pid=594
[    2.360119] taskcred: ***PANIC1*** pid=594
[    2.360122] taskcred: ***OKOKOK4*** pid=594
[    2.371804] taskcred: ***OKOKOK1*** pid=594
[    2.372078] taskcred: ***OKOKOK1*** pid=595
[    2.372080] taskcred: ***OKOKOK4*** pid=595
[    2.447494] taskcred: ***OKOKOK5***, pid=590
[    2.447543] taskcred: ***OKOKOK5***, pid=590
[    2.447611] taskcred: ***OKOKOK5***, pid=590
[    2.447702] taskcred: ***OKOKOK5***, pid=590
[    2.447743] taskcred: ***OKOKOK5***, pid=590
[    2.447770] taskcred: ***OKOKOK5***, pid=590
[    2.447820] taskcred: ***OKOKOK5***, pid=590
[    2.447873] taskcred: ***OKOKOK5***, pid=590
[    2.447918] taskcred: ***OKOKOK5***, pid=590
[    2.447942] taskcred: ***OKOKOK5***, pid=590
[    2.447967] taskcred: ***OKOKOK5***, pid=590
[    2.448036] taskcred: ***OKOKOK5***, pid=590
[    2.448059] taskcred: ***OKOKOK5***, pid=590
[    2.448090] taskcred: ***OKOKOK5***, pid=590
[    2.448114] taskcred: ***OKOKOK5***, pid=590
[    2.448144] taskcred: ***OKOKOK5***, pid=590
[    2.449277] taskcred: ***OKOKOK5***, pid=590
[    2.455970] taskcred: ***OKOKOK5***, pid=590
[    2.456418] memfd_create() without MFD_EXEC nor MFD_NOEXEC_SEAL, pid=590 'sddm-greeter-qt'
[    2.531959] taskcred: ***OKOKOK1*** pid=10
[    2.531995] taskcred: ***OKOKOK1*** pid=614
[    2.532031] taskcred: ***OKOKOK1*** pid=614
[    2.532033] taskcred: ***OKOKOK4*** pid=614
[    2.534353] taskcred: ***OKOKOK1*** pid=2
[    2.552880] brcmfmac: brcmf_c_process_txcap_blob: TxCap blob found, loading
[    2.553484] brcmfmac: brcmf_c_process_cal_blob: Calibration blob provided by platform, loading
[    2.554041] taskcred: ***OKOKOK5***, pid=590
[    2.561444] brcmfmac: brcmf_c_preinit_dcmds: Firmware: BCM4378/3 wl0: May 13 2023 07:20:48 version 18.20.383.15.7.8.150 FWID 01-b37727a5
[    2.590884] taskcred: ***OKOKOK5***, pid=616
[    2.590940] taskcred: ***OKOKOK5***, pid=616
[    2.590980] taskcred: ***OKOKOK5***, pid=616
[    2.591019] taskcred: ***OKOKOK5***, pid=616
[    2.591067] taskcred: ***OKOKOK5***, pid=616
[    2.591104] taskcred: ***OKOKOK5***, pid=616
[    2.591146] taskcred: ***OKOKOK5***, pid=616
[    2.591190] taskcred: ***OKOKOK5***, pid=616
[    2.609377] taskcred: ***OKOKOK1*** pid=1
[    2.609423] taskcred: ***OKOKOK1*** pid=625
[    2.609424] taskcred: ***OKOKOK4*** pid=625
[    2.618899] taskcred: ***OKOKOK1*** pid=2
[    2.619920] taskcred: ***OKOKOK1*** pid=625
[    2.619983] taskcred: ***PANIC1*** pid=625
[    2.619983] taskcred: ***OKOKOK4*** pid=625
[    2.622699] taskcred: ***OKOKOK1*** pid=1
[    2.622796] taskcred: ***OKOKOK1*** pid=627
[    2.622799] taskcred: ***OKOKOK4*** pid=627
[    2.626939] taskcred: ***OKOKOK1*** pid=2
[    2.626995] taskcred: ***OKOKOK1*** pid=627
[    2.643734] taskcred: ***PANIC1*** pid=627
[    2.643738] taskcred: ***OKOKOK4*** pid=627
[    2.653083] taskcred: ***OKOKOK1*** pid=10
[    2.653107] taskcred: ***OKOKOK1*** pid=629
[    2.653136] taskcred: ***OKOKOK1*** pid=629
[    2.653138] taskcred: ***OKOKOK4*** pid=629
[    2.660424] Bluetooth: BNEP (Ethernet Emulation) ver 1.3
[    2.660430] Bluetooth: BNEP filters: protocol multicast
[    2.660435] Bluetooth: BNEP socket layer initialized
[    2.681891] taskcred: ***OKOKOK1*** pid=398
[    2.682819] taskcred: ***OKOKOK1*** pid=630
[    2.682821] taskcred: ***OKOKOK4*** pid=630
[    2.832181] Bluetooth: hci0: HCI LE Coded PHY feature bit is set, but its usage is not supported.
[    2.889309] Bluetooth: MGMT ver 1.22
[    3.898153] taskcred: ***PANIC5***, pid=477
[    4.021404] systemd-journald[342]: Time jumped backwards, rotating.
[    4.023720] taskcred: ***PANIC5***, pid=342
[    4.024506] taskcred: ***PANIC5***, pid=342
[    4.579666] taskcred: ***OKOKOK1*** pid=536
[    4.579791] taskcred: ***OKOKOK1*** pid=634
[    4.579794] taskcred: ***OKOKOK4*** pid=634
[    4.590148] taskcred: ***OKOKOK1*** pid=634
[    4.590389] taskcred: ***PANIC1*** pid=635
[    4.590390] taskcred: ***OKOKOK4*** pid=635
[    4.591495] taskcred: ***OKOKOK1*** pid=634
[    4.591765] taskcred: ***PANIC1*** pid=636
[    4.591767] taskcred: ***OKOKOK4*** pid=636
[    4.598751] taskcred: ***OKOKOK1*** pid=634
[    4.599022] taskcred: ***PANIC1*** pid=637
[    4.599024] taskcred: ***OKOKOK4*** pid=637
[    4.600054] taskcred: ***PANIC1*** pid=634
