[    0.000000] Booting Linux on physical CPU 0x0000000000 [0x611f0221]
[    0.000000] Linux version 6.5.0-asahi-14-1-ARCH (linux-asahi@archlinux) (gcc (GCC) 12.1.0, GNU ld (GNU Binutils) 2.38) #11 SMP PREEMPT_DYNAMIC Tue, 14 May 2024 20:32:18 +0000
[    0.000000] random: crng init done
[    0.000000] Machine model: Apple MacBook Air (M1, 2020)
[    0.000000] efi: EFI v2.10 by Das U-Boot
[    0.000000] efi: RTPROP=0xbd9dd1040 INITRD=0xbd9d9a040 MEMRESERVE=0xbd9d99040 
[    0.000000] OF: reserved mem: 0x0000000800a10000..0x0000000801433fff (10384 KiB) nomap non-reusable asc-firmware@800a10000
[    0.000000] OF: reserved mem: 0x0000000801a54000..0x0000000801e83fff (4288 KiB) nomap non-reusable asc-firmware@801a54000
[    0.000000] OF: reserved mem: 0x0000000bdeef8000..0x0000000bdf0a3fff (1712 KiB) nomap non-reusable isp-heap
[    0.000000] OF: reserved mem: 0x0000000be20e4000..0x0000000be4e3ffff (46448 KiB) nomap non-reusable framebuffer@be20e4000
[    0.000000] OF: reserved mem: 0x0000000be4e40000..0x0000000be4efffff (768 KiB) nomap non-reusable region95@be4e40000
[    0.000000] OF: reserved mem: 0x0000000be4f00000..0x0000000be4f03fff (16 KiB) nomap non-reusable region94@be4f00000
[    0.000000] OF: reserved mem: 0x0000000be4f04000..0x0000000be5f03fff (16384 KiB) nomap non-reusable region57@be4f04000
[    0.000000] OF: reserved mem: 0x0000000be5f04000..0x0000000be6203fff (3072 KiB) nomap non-reusable dcp_data@be5f04000
[    0.000000] OF: reserved mem: 0x0000000bfff74000..0x0000000bfff77fff (16 KiB) nomap non-reusable uat-handoff
[    0.000000] OF: reserved mem: 0x0000000bfff78000..0x0000000bfffb7fff (256 KiB) nomap non-reusable uat-pagetables
[    0.000000] OF: reserved mem: 0x0000000bfffb8000..0x0000000bfffbbfff (16 KiB) nomap non-reusable uat-ttbs
[    0.000000] Zone ranges:
[    0.000000]   DMA      [mem 0x0000000800a10000-0x0000000bfffbbfff]
[    0.000000]   DMA32    empty
[    0.000000]   Normal   empty
[    0.000000] Movable zone start for each node
[    0.000000] Early memory node ranges
[    0.000000]   node   0: [mem 0x0000000800a10000-0x0000000801433fff]
[    0.000000]   node   0: [mem 0x0000000801a54000-0x0000000801e83fff]
[    0.000000]   node   0: [mem 0x0000000801f7c000-0x000000080256ffff]
[    0.000000]   node   0: [mem 0x0000000802570000-0x000000080264bfff]
[    0.000000]   node   0: [mem 0x000000080264c000-0x0000000804597fff]
[    0.000000]   node   0: [mem 0x0000000804598000-0x00000008045b7fff]
[    0.000000]   node   0: [mem 0x00000008045b8000-0x0000000bd9dcffff]
[    0.000000]   node   0: [mem 0x0000000bd9dd0000-0x0000000bd9ddbfff]
[    0.000000]   node   0: [mem 0x0000000bd9ddc000-0x0000000bdee1ffff]
[    0.000000]   node   0: [mem 0x0000000bdee20000-0x0000000bdee2ffff]
[    0.000000]   node   0: [mem 0x0000000bdee30000-0x0000000bdeef3fff]
[    0.000000]   node   0: [mem 0x0000000bdeef8000-0x0000000bdf0a3fff]
[    0.000000]   node   0: [mem 0x0000000be20e4000-0x0000000be6203fff]
[    0.000000]   node   0: [mem 0x0000000bfff74000-0x0000000bfffbbfff]
[    0.000000] Initmem setup node 0 [mem 0x0000000800a10000-0x0000000bfffbbfff]
[    0.000000] On node 0, zone DMA: 644 pages in unavailable ranges
[    0.000000] On node 0, zone DMA: 392 pages in unavailable ranges
[    0.000000] On node 0, zone DMA: 62 pages in unavailable ranges
[    0.000000] On node 0, zone DMA: 1 pages in unavailable ranges
[    0.000000] On node 0, zone DMA: 3088 pages in unavailable ranges
[    0.000000] On node 0, zone DMA: 10076 pages in unavailable ranges
[    0.000000] On node 0, zone DMA: 17 pages in unavailable ranges
[    0.000000] cma: Reserved 64 MiB at 0x0000000806000000
[    0.000000] percpu: Embedded 6 pages/cpu s49576 r8192 d40536 u98304
[    0.000000] pcpu-alloc: s49576 r8192 d40536 u98304 alloc=6*16384
[    0.000000] pcpu-alloc: [0] 0 [0] 1 [0] 2 [0] 3 [0] 4 [0] 5 [0] 6 [0] 7 
[    0.000000] Detected VIPT I-cache on CPU0
[    0.000000] CPU features: detected: Address authentication (IMP DEF algorithm)
[    0.000000] CPU features: detected: Virtualization Host Extensions
[    0.000000] CPU features: detected: Spectre-v4
[    0.000000] alternatives: applying boot alternatives
[    0.000000] Kernel command line: BOOT_IMAGE=/boot/vmlinuz-linux-asahi root=UUID=16c0d463-c113-4f93-ac0a-3d3672f140b2 rw loglevel=3 quiet
[    0.000000] Unknown kernel command line parameters "BOOT_IMAGE=/boot/vmlinuz-linux-asahi", will be passed to user space.
[    0.000000] Dentry cache hash table entries: 2097152 (order: 10, 16777216 bytes, linear)
[    0.000000] Inode-cache hash table entries: 1048576 (order: 9, 8388608 bytes, linear)
[    0.000000] Built 1 zonelists, mobility grouping on.  Total pages: 1013818
[    0.000000] mem auto-init: stack:off, heap alloc:off, heap free:off
[    0.000000] software IO TLB: area num 8.
[    0.000000] software IO TLB: mapped [mem 0x0000000bd5d98000-0x0000000bd9d98000] (64MB)
[    0.000000] Memory: 15870288K/16286592K available (11648K kernel code, 58058K rwdata, 4048K rodata, 2624K init, 16752K bss, 350768K reserved, 65536K cma-reserved)
[    0.000000] SLUB: HWalign=64, Order=0-3, MinObjects=0, CPUs=8, Nodes=1
[    0.000000] Dynamic Preempt: full
[    0.000000] rcu: Preemptible hierarchical RCU implementation.
[    0.000000] rcu: 	RCU restricting CPUs from NR_CPUS=64 to nr_cpu_ids=8.
[    0.000000] 	Trampoline variant of Tasks RCU enabled.
[    0.000000] 	Tracing variant of Tasks RCU enabled.
[    0.000000] rcu: RCU calculated value of scheduler-enlistment delay is 100 jiffies.
[    0.000000] rcu: Adjusting geometry for rcu_fanout_leaf=16, nr_cpu_ids=8
[    0.000000] NR_IRQS: 64, nr_irqs: 64, preallocated irqs: 0
[    0.000000] Root IRQ handler: aic_handle_irq
[    0.000000] Root FIQ handler: aic_handle_fiq
[    0.000000] irq_apple_aic: Using Fast IPIs
[    0.000000] irq_apple_aic: Initialized with 896/1024 IRQs * 1/1 die(s), 7 FIQs, 32 vIPIs
[    0.000000] rcu: srcu_init: Setting srcu_struct sizes based on contention.
[    0.000000] arch_timer: cp15 timer(s) running at 24.00MHz (phys).
[    0.000000] clocksource: arch_sys_counter: mask: 0xffffffffffffff max_cycles: 0x588fe9dc0, max_idle_ns: 440795202592 ns
[    0.000000] sched_clock: 56 bits at 24MHz, resolution 41ns, wraps every 4398046511097ns
[    0.000130] Console: colour dummy device 80x25
[    0.000134] printk: console [tty0] enabled
[    0.000150] Calibrating delay loop (skipped), value calculated using timer frequency.. 48.00 BogoMIPS (lpj=24000)
[    0.000153] pid_max: default: 32768 minimum: 301
[    0.000212] LSM: initializing lsm=capability,yama,apparmor
[    0.000244] Yama: becoming mindful.
[    0.000260] AppArmor: AppArmor initialized
[    0.000288] Mount-cache hash table entries: 32768 (order: 4, 262144 bytes, linear)
[    0.000294] Mountpoint-cache hash table entries: 32768 (order: 4, 262144 bytes, linear)
[    0.000497] I'm just testing EMERG level
[    0.000499] I'm just testing ALERT level
[    0.000499] I'm just testing CRIT level
[    0.000500] I'm just testing ERR level
[    0.000500] I'm just testing WARN level
[    0.000500] I'm just testing NOTICE level
[    0.000501] I'm just testing INFO level
[    0.000501] I'm just testing DEBUG level
[    0.000503] init_task->cred=0xffff800081245620, init_task->real_cred=0xffff800081245620, init_task->sac_cred->value=d695a1ee, init_task->sac_real_cred->value=d695a1ee
[    0.000511] taskcred: ***OKOKOK1*** pid=0
[    0.000538] taskcred: ***OKOKOK1*** pid=0
[    0.000678] taskcred: ***OKOKOK1*** pid=2
[    0.000694] taskcred: ***OKOKOK1*** pid=2
[    0.000709] taskcred: ***OKOKOK1*** pid=2
[    0.000721] taskcred: ***OKOKOK1*** pid=2
[    0.000735] taskcred: ***OKOKOK1*** pid=2
[    0.000748] taskcred: ***OKOKOK1*** pid=2
[    0.000758] taskcred: ***OKOKOK1*** pid=2
[    0.000782] taskcred: ***OKOKOK1*** pid=2
[    0.000797] taskcred: ***OKOKOK1*** pid=2
[    0.000811] RCU Tasks: Setting shift to 3 and lim to 1 rcu_task_cb_adjust=1.
[    0.000825] taskcred: ***OKOKOK1*** pid=2
[    0.000836] RCU Tasks Trace: Setting shift to 3 and lim to 1 rcu_task_cb_adjust=1.
[    0.000842] taskcred: ***OKOKOK1*** pid=2
[    0.000857] taskcred: ***OKOKOK1*** pid=2
[    0.000872] rcu: Hierarchical SRCU implementation.
[    0.000874] rcu: 	Max phase no-delay instances is 400.
[    0.000879] taskcred: ***OKOKOK1*** pid=2
[    0.000894] taskcred: ***OKOKOK1*** pid=2
[    0.001131] Remapping and enabling EFI services.
[    0.001157] taskcred: ***OKOKOK1*** pid=1
[    0.001168] taskcred: ***OKOKOK1*** pid=1
[    0.001173] taskcred: ***OKOKOK1*** pid=1
[    0.001178] taskcred: ***OKOKOK1*** pid=1
[    0.001183] taskcred: ***OKOKOK1*** pid=1
[    0.001188] taskcred: ***OKOKOK1*** pid=1
[    0.001192] taskcred: ***OKOKOK1*** pid=1
[    0.001201] taskcred: ***OKOKOK1*** pid=2
[    0.001214] smp: Bringing up secondary CPUs ...
[    0.001222] taskcred: ***OKOKOK1*** pid=2
[    0.001235] taskcred: ***OKOKOK1*** pid=2
[    0.001248] taskcred: ***OKOKOK1*** pid=2
[    0.001262] taskcred: ***OKOKOK1*** pid=2
[    0.001273] taskcred: ***OKOKOK1*** pid=2
[    0.001298] Detected VIPT I-cache on CPU1
[    0.001315] CPU1: Booted secondary processor 0x0000000001 [0x611f0221]
[    0.001353] taskcred: ***OKOKOK1*** pid=2
[    0.001367] taskcred: ***OKOKOK1*** pid=2
[    0.001380] taskcred: ***OKOKOK1*** pid=2
[    0.001396] taskcred: ***OKOKOK1*** pid=2
[    0.001408] taskcred: ***OKOKOK1*** pid=2
[    0.001425] Detected VIPT I-cache on CPU2
[    0.001438] CPU2: Booted secondary processor 0x0000000002 [0x611f0221]
[    0.001468] taskcred: ***OKOKOK1*** pid=2
[    0.001482] taskcred: ***OKOKOK1*** pid=2
[    0.001495] taskcred: ***OKOKOK1*** pid=2
[    0.001508] taskcred: ***OKOKOK1*** pid=2
[    0.001520] taskcred: ***OKOKOK1*** pid=2
[    0.001537] Detected VIPT I-cache on CPU3
[    0.001550] CPU3: Booted secondary processor 0x0000000003 [0x611f0221]
[    0.001579] taskcred: ***OKOKOK1*** pid=2
[    0.001592] taskcred: ***OKOKOK1*** pid=2
[    0.001605] taskcred: ***OKOKOK1*** pid=2
[    0.001618] taskcred: ***OKOKOK1*** pid=2
[    0.001631] taskcred: ***OKOKOK1*** pid=2
[    0.001651] Detected VIPT I-cache on CPU4
[    0.001670] CPU4: Booted secondary processor 0x0000010100 [0x611f0231]
[    0.001711] taskcred: ***OKOKOK1*** pid=2
[    0.001725] taskcred: ***OKOKOK1*** pid=2
[    0.001738] taskcred: ***OKOKOK1*** pid=2
[    0.001752] taskcred: ***OKOKOK1*** pid=2
[    0.001763] taskcred: ***OKOKOK1*** pid=2
[    0.001780] Detected VIPT I-cache on CPU5
[    0.001792] CPU5: Booted secondary processor 0x0000010101 [0x611f0231]
[    0.001827] taskcred: ***OKOKOK1*** pid=2
[    0.001840] taskcred: ***OKOKOK1*** pid=2
[    0.001852] taskcred: ***OKOKOK1*** pid=2
[    0.001865] taskcred: ***OKOKOK1*** pid=2
[    0.001876] taskcred: ***OKOKOK1*** pid=2
[    0.001894] Detected VIPT I-cache on CPU6
[    0.001906] CPU6: Booted secondary processor 0x0000010102 [0x611f0231]
[    0.001940] taskcred: ***OKOKOK1*** pid=2
[    0.001954] taskcred: ***OKOKOK1*** pid=2
[    0.001966] taskcred: ***OKOKOK1*** pid=2
[    0.001993] taskcred: ***OKOKOK1*** pid=2
[    0.002006] taskcred: ***OKOKOK1*** pid=2
[    0.002024] Detected VIPT I-cache on CPU7
[    0.002036] CPU7: Booted secondary processor 0x0000010103 [0x611f0231]
[    0.002065] smp: Brought up 1 node, 8 CPUs
[    0.002068] SMP: Total of 8 processors activated.
[    0.002070] CPU features: detected: ARMv8.4 Translation Table Level
[    0.002071] CPU features: detected: Data cache clean to the PoU not required for I/D coherence
[    0.002072] CPU features: detected: Common not Private translations
[    0.002073] CPU features: detected: CRC32 instructions
[    0.002074] CPU features: detected: Data independent timing control (DIT)
[    0.002075] CPU features: detected: E0PD
[    0.002076] CPU features: detected: Enhanced Virtualization Traps
[    0.002077] CPU features: detected: Generic authentication (IMP DEF algorithm)
[    0.002078] CPU features: detected: RCpc load-acquire (LDAPR)
[    0.002078] CPU features: detected: LSE atomic instructions
[    0.002080] CPU features: detected: Privileged Access Never
[    0.002081] CPU features: detected: RAS Extension Support
[    0.002081] CPU features: detected: Speculation barrier (SB)
[    0.002082] CPU features: detected: Stage-2 Force Write-Back
[    0.002083] CPU features: detected: TLB range maintenance instructions
[    0.002084] CPU features: detected: TSO memory model (Apple)
[    0.002085] CPU features: detected: Speculative Store Bypassing Safe (SSBS)
[    0.002111] CPU: All CPU(s) started at EL2
[    0.002112] alternatives: applying system-wide alternatives
[    0.002689] taskcred: ***OKOKOK1*** pid=2
[    0.002773] devtmpfs: initialized
[    0.004576] taskcred: ***OKOKOK1*** pid=2
[    0.004627] clocksource: jiffies: mask: 0xffffffff max_cycles: 0xffffffff, max_idle_ns: 1911260446275000 ns
[    0.004631] futex hash table entries: 2048 (order: 3, 131072 bytes, linear)
[    0.004749] pinctrl core: initialized pinctrl subsystem
[    0.004833] DMI not present or invalid.
[    0.004844] taskcred: ***OKOKOK1*** pid=2
[    0.004942] NET: Registered PF_NETLINK/PF_ROUTE protocol family
[    0.005446] DMA: preallocated 2048 KiB GFP_KERNEL pool for atomic allocations
[    0.005478] DMA: preallocated 2048 KiB GFP_KERNEL|GFP_DMA pool for atomic allocations
[    0.005506] DMA: preallocated 2048 KiB GFP_KERNEL|GFP_DMA32 pool for atomic allocations
[    0.005518] audit: initializing netlink subsys (disabled)
[    0.005528] taskcred: ***OKOKOK1*** pid=2
[    0.005554] audit: type=2000 audit(0.005:1): state=initialized audit_enabled=0 res=1
[    0.005628] thermal_sys: Registered thermal governor 'fair_share'
[    0.005630] thermal_sys: Registered thermal governor 'bang_bang'
[    0.005631] thermal_sys: Registered thermal governor 'step_wise'
[    0.005632] thermal_sys: Registered thermal governor 'user_space'
[    0.005632] thermal_sys: Registered thermal governor 'power_allocator'
[    0.005640] cpuidle: using governor ladder
[    0.005645] cpuidle: using governor menu
[    0.005662] hw-breakpoint: found 6 breakpoint and 4 watchpoint registers.
[    0.005713] ASID allocator initialised with 256 entries
[    0.013645] Modules: 2348 pages in range for non-PLT usage
[    0.013646] Modules: 125228 pages in range for PLT usage
[    0.013708] taskcred: ***OKOKOK1*** pid=2
[    0.013733] taskcred: ***OKOKOK1*** pid=2
[    0.013755] taskcred: ***OKOKOK1*** pid=2
[    0.013788] taskcred: ***OKOKOK1*** pid=2
[    0.013808] HugeTLB: registered 1.00 GiB page size, pre-allocated 0 pages
[    0.013810] HugeTLB: 0 KiB vmemmap can be freed for a 1.00 GiB page
[    0.013811] HugeTLB: registered 32.0 MiB page size, pre-allocated 0 pages
[    0.013812] HugeTLB: 0 KiB vmemmap can be freed for a 32.0 MiB page
[    0.013813] HugeTLB: registered 2.00 MiB page size, pre-allocated 0 pages
[    0.013814] HugeTLB: 0 KiB vmemmap can be freed for a 2.00 MiB page
[    0.013883] taskcred: ***OKOKOK1*** pid=2
[    0.013928] taskcred: ***OKOKOK1*** pid=2
[    0.013943] cryptd: max_cpu_qlen set to 1000
[    0.013992] taskcred: ***OKOKOK1*** pid=2
[    0.014037] taskcred: ***OKOKOK1*** pid=2
[    0.014063] taskcred: ***OKOKOK1*** pid=2
[    0.014190] iommu: Default domain type: Translated
[    0.014191] iommu: DMA domain TLB invalidation policy: strict mode
[    0.014206] taskcred: ***OKOKOK1*** pid=2
[    0.014272] SCSI subsystem initialized
[    0.014309] usbcore: registered new interface driver usbfs
[    0.014315] usbcore: registered new interface driver hub
[    0.014322] usbcore: registered new device driver usb
[    0.014334] pps_core: LinuxPPS API ver. 1 registered
[    0.014335] pps_core: Software ver. 5.3.6 - Copyright 2005-2007 Rodolfo Giometti <giometti@linux.it>
[    0.014350] taskcred: ***OKOKOK1*** pid=2
[    0.014370] taskcred: ***OKOKOK1*** pid=2
[    0.014450] efivars: Registered efivars operations
[    0.014474] taskcred: ***OKOKOK1*** pid=2
[    0.014515] Advanced Linux Sound Architecture Driver Initialized.
[    0.014680] NetLabel: Initializing
[    0.014681] NetLabel:  domain hash size = 128
[    0.014682] NetLabel:  protocols = UNLABELED CIPSOv4 CALIPSO
[    0.014696] NetLabel:  unlabeled traffic allowed by default
[    0.014728] vgaarb: loaded
[    0.014734] taskcred: ***OKOKOK1*** pid=2
[    0.014780] clocksource: Switched to clocksource arch_sys_counter
[    0.014822] taskcred: ***OKOKOK1*** pid=2
[    0.014835] VFS: Disk quotas dquot_6.6.0
[    0.014843] VFS: Dquot-cache hash table entries: 2048 (order 0, 16384 bytes)
[    0.014996] AppArmor: AppArmor Filesystem Enabled
[    0.016397] NET: Registered PF_INET protocol family
[    0.016454] IP idents hash table entries: 262144 (order: 7, 2097152 bytes, linear)
[    0.019653] taskcred: ***OKOKOK1*** pid=2
[    0.019662] tcp_listen_portaddr_hash hash table entries: 8192 (order: 3, 131072 bytes, linear)
[    0.019687] Table-perturb hash table entries: 65536 (order: 4, 262144 bytes, linear)
[    0.019691] TCP established hash table entries: 131072 (order: 6, 1048576 bytes, linear)
[    0.019849] TCP bind hash table entries: 65536 (order: 7, 2097152 bytes, linear)
[    0.020024] TCP: Hash tables configured (established 131072 bind 65536)
[    0.020075] MPTCP token hash table entries: 16384 (order: 4, 393216 bytes, linear)
[    0.020109] UDP hash table entries: 8192 (order: 4, 262144 bytes, linear)
[    0.020143] UDP-Lite hash table entries: 8192 (order: 4, 262144 bytes, linear)
[    0.020215] NET: Registered PF_UNIX/PF_LOCAL protocol family
[    0.020235] taskcred: ***OKOKOK1*** pid=2
[    0.020262] taskcred: ***OKOKOK1*** pid=2
[    0.020316] RPC: Registered named UNIX socket transport module.
[    0.020318] RPC: Registered udp transport module.
[    0.020319] RPC: Registered tcp transport module.
[    0.020320] RPC: Registered tcp-with-tls transport module.
[    0.020321] RPC: Registered tcp NFSv4.1 backchannel transport module.
[    0.020324] PCI: CLS 0 bytes, default 64
[    0.020368] Trying to unpack rootfs image as initramfs...
[    0.028791] taskcred: ***OKOKOK1*** pid=2
[    0.031897] kvm [1]: IPA Size Limit: 36 bits (Reduced IPA size, limited VM/VMM compatibility)
[    0.031905] kvm [1]: Non-architectural vgic, tainting kernel
[    0.031907] kvm [1]: GICv3: no GICV resource entry
[    0.031908] kvm [1]: disabling GICv2 emulation
[    0.031909] kvm [1]: GICv3 with broken locally generated SEI
[    0.031910] kvm [1]: GICv3 sysreg trapping enabled ([G0G1D], reduced performance)
[    0.031926] kvm [1]: GIC system register CPU interface enabled
[    0.031932] kvm [1]: vgic interrupt IRQ33
[    0.031947] kvm [1]: VHE mode initialized successfully
[    0.032397] Initialise system trusted keyrings
[    0.032410] taskcred: ***OKOKOK1*** pid=2
[    0.032434] workingset: timestamp_bits=46 max_order=20 bucket_order=0
[    0.032449] zbud: loaded
[    0.032689] taskcred: ***OKOKOK1*** pid=2
[    0.032750] NFS: Registering the id_resolver key type
[    0.032752] dump_stack, pid=1
[    0.032754] CPU: 0 PID: 1 Comm: swapper/0 Tainted: G S                 6.5.0-asahi-14-1-ARCH #11
[    0.032756] Hardware name: Apple MacBook Air (M1, 2020) (DT)
[    0.032758] Call trace:
[    0.032759]  dump_backtrace+0x98/0x114
[    0.032766]  show_stack+0x18/0x20
[    0.032769]  dump_stack_lvl+0x48/0x5c
[    0.032776]  dump_stack+0x18/0x20
[    0.032779]  prepare_kernel_cred+0x2c/0x2cc
[    0.032783]  nfs_idmap_init+0x38/0x168
[    0.032788]  init_nfs_v4+0x14/0x7c
[    0.032793]  do_one_initcall+0x6c/0x1a8
[    0.032795]  do_initcalls+0xd0/0x130
[    0.032799]  kernel_init_freeable+0x114/0x188
[    0.032802]  kernel_init+0x24/0x1d4
[    0.032805]  ret_from_fork+0x10/0x20
[    0.032819] Key type id_resolver registered
[    0.032820] Key type id_legacy registered
[    0.032826] nfs4filelayout_init: NFSv4 File Layout Driver Registering...
[    0.032829] nfs4flexfilelayout_init: NFSv4 Flexfile Layout Driver Registering...
[    0.032909] taskcred: ***OKOKOK1*** pid=2
[    0.032944] taskcred: ***OKOKOK1*** pid=2
[    0.036798] taskcred: ***OKOKOK1*** pid=2
[    0.040389] NET: Registered PF_ALG protocol family
[    0.040393] Key type asymmetric registered
[    0.040395] Asymmetric key parser 'x509' registered
[    0.040396] Asymmetric key parser 'pkcs8' registered
[    0.040415] taskcred: ***OKOKOK1*** pid=2
[    0.040442] taskcred: ***OKOKOK1*** pid=55
[    0.040465] taskcred: ***OKOKOK1*** pid=82
[    0.127669] Freeing initrd memory: 8016K
[    0.127704] taskcred: ***OKOKOK1*** pid=82
[    0.127705] taskcred: ***OKOKOK4*** pid=82
[    0.128460] taskcred: ***OKOKOK1*** pid=55
[    0.128474] taskcred: ***OKOKOK1*** pid=83
[    0.128518] taskcred: ***OKOKOK1*** pid=83
[    0.128519] taskcred: ***OKOKOK4*** pid=83
[    0.129414] taskcred: ***OKOKOK1*** pid=2
[    0.129457] taskcred: ***OKOKOK1*** pid=2
[    0.129546] taskcred: ***OKOKOK1*** pid=2
[    0.129726] Block layer SCSI generic (bsg) driver version 0.4 loaded (major 250)
[    0.129740] taskcred: ***OKOKOK1*** pid=2
[    0.129765] io scheduler mq-deadline registered
[    0.129767] io scheduler kyber registered
[    0.129788] io scheduler bfq registered
[    0.130392] taskcred: ***OKOKOK1*** pid=2
[    0.130464] taskcred: ***OKOKOK1*** pid=2
[    0.130475] taskcred: ***OKOKOK1*** pid=2
[    0.130557] taskcred: ***OKOKOK1*** pid=2
[    0.134819] apple-pmgr-pwrstate 23d280000.power-management:power-controller@78: always-on domain msg is not on at boot
[    0.135165] 235200000.serial: ttySAC0 at MMIO 0x235200000 (irq = 38, base_baud = 0) is a APPLE S5L
[    0.135302] 235208000.serial: ttySAC2 at MMIO 0x235208000 (irq = 39, base_baud = 0) is a APPLE S5L
[    0.135586] [drm] Initialized vgem 1.0.0 20120112 for vgem on minor 0
[    0.135948] taskcred: ***OKOKOK1*** pid=2
[    0.135983] taskcred: ***OKOKOK1*** pid=2
[    0.136011] taskcred: ***OKOKOK1*** pid=2
[    0.136579] mousedev: PS/2 mouse device common for all mice
[    0.136719] device-mapper: uevent: version 1.0.3
[    0.136748] device-mapper: ioctl: 4.48.0-ioctl (2023-03-01) initialised: dm-devel@redhat.com
[    0.136759] taskcred: ***OKOKOK1*** pid=2
[    0.137094] ledtrig-cpu: registered to indicate activity on CPUs
[    0.137115] hid: raw HID events driver (C) Jiri Kosina
[    0.137509] watchdog: Delayed init of the lockup detector failed: -19
[    0.137511] watchdog: Hard watchdog permanently disabled
[    0.137619] hw perfevents: enabled with apple_icestorm_pmu PMU driver, 10 counters available
[    0.137721] hw perfevents: enabled with apple_firestorm_pmu PMU driver, 10 counters available
[    0.137988] Initializing XFRM netlink socket
[    0.138009] NET: Registered PF_INET6 protocol family
[    0.138071] taskcred: ***OKOKOK1*** pid=2
[    0.138147] taskcred: ***OKOKOK1*** pid=2
[    0.138231] taskcred: ***OKOKOK1*** pid=55
[    0.138243] taskcred: ***OKOKOK1*** pid=98
[    0.138261] taskcred: ***OKOKOK1*** pid=98
[    0.138262] taskcred: ***OKOKOK4*** pid=98
[    0.139086] taskcred: ***OKOKOK1*** pid=55
[    0.139096] taskcred: ***OKOKOK1*** pid=99
[    0.139109] taskcred: ***OKOKOK1*** pid=99
[    0.139110] taskcred: ***OKOKOK4*** pid=99
[    0.139838] taskcred: ***OKOKOK1*** pid=2
[    0.139871] taskcred: ***OKOKOK1*** pid=2
[    0.139950] taskcred: ***OKOKOK1*** pid=2
[    0.140099] Segment Routing with IPv6
[    0.140108] In-situ OAM (IOAM) with IPv6
[    0.140125] mip6: Mobile IPv6
[    0.140129] NET: Registered PF_PACKET protocol family
[    0.140140] taskcred: ***OKOKOK1*** pid=2
[    0.140157] dump_stack, pid=1
[    0.140159] CPU: 0 PID: 1 Comm: swapper/0 Tainted: G S                 6.5.0-asahi-14-1-ARCH #11
[    0.140163] Hardware name: Apple MacBook Air (M1, 2020) (DT)
[    0.140164] Call trace:
[    0.140165]  dump_backtrace+0x98/0x114
[    0.140172]  show_stack+0x18/0x20
[    0.140176]  dump_stack_lvl+0x48/0x5c
[    0.140183]  dump_stack+0x18/0x20
[    0.140186]  prepare_kernel_cred+0x2c/0x2cc
[    0.140191]  init_dns_resolver+0x1c/0x16c
[    0.140197]  do_one_initcall+0x6c/0x1a8
[    0.140198]  do_initcalls+0xd0/0x130
[    0.140203]  kernel_init_freeable+0x114/0x188
[    0.140205]  kernel_init+0x24/0x1d4
[    0.140209]  ret_from_fork+0x10/0x20
[    0.140216] Key type dns_resolver registered
[    0.141738] registered taskstats version 1
[    0.141788] Loading compiled-in X.509 certificates
[    0.143057] taskcred: ***OKOKOK1*** pid=2
[    0.143078] Key type .fscrypt registered
[    0.143080] Key type fscrypt-provisioning registered
[    0.143108] taskcred: ***OKOKOK1*** pid=2
[    0.143198] Key type encrypted registered
[    0.143203] AppArmor: AppArmor sha1 policy hashing enabled
[    0.143213] taskcred: ***OKOKOK1*** pid=2
[    0.143246] taskcred: ***OKOKOK1*** pid=2
[    0.143501] taskcred: ***OKOKOK1*** pid=2
[    0.143692] taskcred: ***OKOKOK1*** pid=2
[    0.143951] taskcred: ***OKOKOK1*** pid=2
[    0.144099] taskcred: ***OKOKOK1*** pid=2
[    0.144145] taskcred: ***OKOKOK1*** pid=2
[    0.144238] taskcred: ***OKOKOK1*** pid=2
[    0.144330] taskcred: ***OKOKOK1*** pid=2
[    0.144479] taskcred: ***OKOKOK1*** pid=2
[    0.144663] taskcred: ***OKOKOK1*** pid=2
[    0.144774] taskcred: ***OKOKOK1*** pid=2
[    0.144921] taskcred: ***OKOKOK1*** pid=2
[    0.145058] taskcred: ***OKOKOK1*** pid=2
[    0.145223] taskcred: ***OKOKOK1*** pid=2
[    0.145385] taskcred: ***OKOKOK1*** pid=2
[    0.145533] taskcred: ***OKOKOK1*** pid=2
[    0.145680] taskcred: ***OKOKOK1*** pid=2
[    0.145807] taskcred: ***OKOKOK1*** pid=2
[    0.145992] taskcred: ***OKOKOK1*** pid=2
[    0.146158] taskcred: ***OKOKOK1*** pid=2
[    0.146486] taskcred: ***OKOKOK1*** pid=2
[    0.146649] taskcred: ***OKOKOK1*** pid=2
[    0.146718] taskcred: ***OKOKOK1*** pid=2
[    0.146826] taskcred: ***OKOKOK1*** pid=2
[    0.146912] taskcred: ***OKOKOK1*** pid=2
[    0.147030] taskcred: ***OKOKOK1*** pid=2
[    0.147121] taskcred: ***OKOKOK1*** pid=2
[    0.147222] taskcred: ***OKOKOK1*** pid=2
[    0.147432] taskcred: ***OKOKOK1*** pid=2
[    0.147521] taskcred: ***OKOKOK1*** pid=2
[    0.147592] taskcred: ***OKOKOK1*** pid=2
[    0.147857] taskcred: ***OKOKOK1*** pid=2
[    0.147899] taskcred: ***OKOKOK1*** pid=2
[    0.147985] taskcred: ***OKOKOK1*** pid=2
[    0.147994] taskcred: ***OKOKOK1*** pid=2
[    0.148010] taskcred: ***OKOKOK1*** pid=2
[    0.149118] taskcred: ***OKOKOK1*** pid=2
[    0.149622] taskcred: ***OKOKOK1*** pid=2
[    0.149726] taskcred: ***OKOKOK1*** pid=2
[    0.149850] taskcred: ***OKOKOK1*** pid=2
[    0.149934] taskcred: ***OKOKOK1*** pid=2
[    0.150106] taskcred: ***OKOKOK1*** pid=2
[    0.150238] taskcred: ***OKOKOK1*** pid=2
[    0.150344] taskcred: ***OKOKOK1*** pid=2
[    0.150442] taskcred: ***OKOKOK1*** pid=2
[    0.150540] taskcred: ***OKOKOK1*** pid=2
[    0.150633] taskcred: ***OKOKOK1*** pid=2
[    0.150724] taskcred: ***OKOKOK1*** pid=2
[    0.150827] taskcred: ***OKOKOK1*** pid=2
[    0.151042] taskcred: ***OKOKOK1*** pid=2
[    0.151071] taskcred: ***OKOKOK1*** pid=55
[    0.151082] taskcred: ***OKOKOK1*** pid=157
[    0.151098] taskcred: ***OKOKOK1*** pid=157
[    0.151098] taskcred: ***OKOKOK4*** pid=157
[    0.151862] taskcred: ***OKOKOK1*** pid=55
[    0.151871] taskcred: ***OKOKOK1*** pid=158
[    0.151885] taskcred: ***OKOKOK1*** pid=158
[    0.151885] taskcred: ***OKOKOK4*** pid=158
[    0.152589] taskcred: ***OKOKOK1*** pid=2
[    0.152620] taskcred: ***OKOKOK1*** pid=2
[    0.152790] taskcred: ***OKOKOK1*** pid=2
[    0.152860] taskcred: ***OKOKOK1*** pid=2
[    0.152893] taskcred: ***OKOKOK1*** pid=2
[    0.152927] taskcred: ***OKOKOK1*** pid=2
[    0.152978] taskcred: ***OKOKOK1*** pid=2
[    0.153011] taskcred: ***OKOKOK1*** pid=2
[    0.153044] taskcred: ***OKOKOK1*** pid=2
[    0.153077] taskcred: ***OKOKOK1*** pid=2
[    0.153118] taskcred: ***OKOKOK1*** pid=2
[    0.153158] taskcred: ***OKOKOK1*** pid=2
[    0.153214] taskcred: ***OKOKOK1*** pid=2
[    0.153247] taskcred: ***OKOKOK1*** pid=2
[    0.153318] taskcred: ***OKOKOK1*** pid=2
[    0.153351] taskcred: ***OKOKOK1*** pid=2
[    0.153385] taskcred: ***OKOKOK1*** pid=2
[    0.153439] taskcred: ***OKOKOK1*** pid=2
[    0.153472] taskcred: ***OKOKOK1*** pid=2
[    0.153505] taskcred: ***OKOKOK1*** pid=2
[    0.153539] taskcred: ***OKOKOK1*** pid=2
[    0.153572] taskcred: ***OKOKOK1*** pid=2
[    0.153606] taskcred: ***OKOKOK1*** pid=2
[    0.153666] taskcred: ***OKOKOK1*** pid=2
[    0.153730] taskcred: ***OKOKOK1*** pid=2
[    0.153800] taskcred: ***OKOKOK1*** pid=2
[    0.153837] taskcred: ***OKOKOK1*** pid=2
[    0.153893] taskcred: ***OKOKOK1*** pid=2
[    0.153927] taskcred: ***OKOKOK1*** pid=2
[    0.154122] taskcred: ***OKOKOK1*** pid=2
[    0.154202] taskcred: ***OKOKOK1*** pid=2
[    0.154334] taskcred: ***OKOKOK1*** pid=2
[    0.154446] taskcred: ***OKOKOK1*** pid=2
[    0.154510] taskcred: ***OKOKOK1*** pid=2
[    0.154608] taskcred: ***OKOKOK1*** pid=2
[    0.154782] taskcred: ***OKOKOK1*** pid=2
[    0.155067] taskcred: ***OKOKOK1*** pid=2
[    0.155214] taskcred: ***OKOKOK1*** pid=2
[    0.155260] taskcred: ***OKOKOK1*** pid=2
[    0.155359] taskcred: ***OKOKOK1*** pid=2
[    0.155471] taskcred: ***OKOKOK1*** pid=2
[    0.155575] taskcred: ***OKOKOK1*** pid=2
[    0.155677] taskcred: ***OKOKOK1*** pid=2
[    0.155786] taskcred: ***OKOKOK1*** pid=2
[    0.155970] taskcred: ***OKOKOK1*** pid=2
[    0.156115] taskcred: ***OKOKOK1*** pid=2
[    0.156247] taskcred: ***OKOKOK1*** pid=2
[    0.156426] taskcred: ***OKOKOK1*** pid=2
[    0.156604] taskcred: ***OKOKOK1*** pid=2
[    0.156799] taskcred: ***OKOKOK1*** pid=2
[    0.156988] taskcred: ***OKOKOK1*** pid=2
[    0.157134] taskcred: ***OKOKOK1*** pid=2
[    0.157215] taskcred: ***OKOKOK1*** pid=2
[    0.157248] taskcred: ***OKOKOK1*** pid=2
[    0.157281] taskcred: ***OKOKOK1*** pid=2
[    0.157313] taskcred: ***OKOKOK1*** pid=2
[    0.157348] taskcred: ***OKOKOK1*** pid=2
[    0.214193] taskcred: ***OKOKOK1*** pid=2
[    0.293698] [drm] Initialized simpledrm 1.0.0 20200625 for be20e4000.framebuffer on minor 1
[    0.301984] Console: switching to colour frame buffer device 160x50
[    0.319266] simple-framebuffer be20e4000.framebuffer: [drm] fb0: simpledrmdrmfb frame buffer device
[    0.328835] clk: Disabling unused clocks
[    0.328841] ALSA device list:
[    0.328843]   No soundcards found.
[    0.329030] Freeing unused kernel memory: 2624K
[    0.340837] Checked W+X mappings: passed, no W+X pages found
[    0.340845] Run /init as init process
[    0.340847]   with arguments:
[    0.340848]     /init
[    0.340849]   with environment:
[    0.340850]     HOME=/
[    0.340851]     TERM=linux
[    0.340852]     BOOT_IMAGE=/boot/vmlinuz-linux-asahi
[    0.340895] taskcred: ***OKOKOK1*** pid=1
[    0.340898] taskcred: ***OKOKOK4*** pid=1
[    0.342039] taskcred: ***OKOKOK1*** pid=1
[    0.342183] taskcred: ***OKOKOK1*** pid=217
[    0.342185] taskcred: ***OKOKOK4*** pid=217
[    0.342720] taskcred: ***OKOKOK1*** pid=1
[    0.342803] taskcred: ***OKOKOK1*** pid=218
[    0.342804] taskcred: ***OKOKOK4*** pid=218
[    0.343172] taskcred: ***OKOKOK1*** pid=1
[    0.343247] taskcred: ***OKOKOK1*** pid=219
[    0.343248] taskcred: ***OKOKOK4*** pid=219
[    0.343602] taskcred: ***OKOKOK1*** pid=1
[    0.343676] taskcred: ***OKOKOK1*** pid=220
[    0.343677] taskcred: ***OKOKOK4*** pid=220
[    0.344039] taskcred: ***OKOKOK1*** pid=1
[    0.344111] taskcred: ***OKOKOK1*** pid=221
[    0.344112] taskcred: ***OKOKOK4*** pid=221
[    0.344335] taskcred: ***OKOKOK1*** pid=1
[    0.344411] taskcred: ***OKOKOK1*** pid=222
[    0.344412] taskcred: ***OKOKOK4*** pid=222
[    0.345015] taskcred: ***OKOKOK1*** pid=1
[    0.345087] taskcred: ***OKOKOK1*** pid=223
[    0.345088] taskcred: ***OKOKOK4*** pid=223
[    0.345272] taskcred: ***OKOKOK1*** pid=1
[    0.345343] taskcred: ***OKOKOK1*** pid=224
[    0.345344] taskcred: ***OKOKOK4*** pid=224
[    0.345523] taskcred: ***OKOKOK1*** pid=1
[    0.345592] taskcred: ***OKOKOK1*** pid=225
[    0.345594] taskcred: ***OKOKOK4*** pid=225
[    0.345767] taskcred: ***OKOKOK1*** pid=1
[    0.345842] taskcred: ***OKOKOK1*** pid=226
[    0.345843] taskcred: ***OKOKOK4*** pid=226
[    0.346020] taskcred: ***OKOKOK1*** pid=1
[    0.346089] taskcred: ***OKOKOK1*** pid=227
[    0.346090] taskcred: ***OKOKOK4*** pid=227
[    0.346764] taskcred: ***OKOKOK1*** pid=1
[    0.346851] taskcred: ***OKOKOK1*** pid=228
[    0.346853] taskcred: ***OKOKOK4*** pid=228
[    0.347869] taskcred: ***OKOKOK1*** pid=1
[    0.347940] taskcred: ***OKOKOK1*** pid=229
[    0.347941] taskcred: ***OKOKOK4*** pid=229
[    0.348424] taskcred: ***OKOKOK1*** pid=2
[    0.349180] taskcred: ***OKOKOK1*** pid=2
[    0.349273] taskcred: ***OKOKOK1*** pid=2
[    0.349353] nvme-apple 27bcc0000.nvme: RTKit: Initializing (protocol version 12)
[    0.349387] nvme-apple 27bcc0000.nvme: RTKit: Unknown system endpoint: 0x0a
[    0.415713] nvme-apple 27bcc0000.nvme: RTKit: syslog message: cmd.c:6416:  boot mode normal
[    0.418789]  nvme0n1: p1 p2 p3 p4 p5 p6
[    0.425645] taskcred: ***OKOKOK1*** pid=1
[    0.425753] taskcred: ***OKOKOK1*** pid=233
[    0.425758] taskcred: ***OKOKOK4*** pid=233
[    0.426119] taskcred: ***OKOKOK1*** pid=1
[    0.426366] taskcred: ***OKOKOK1*** pid=234
[    0.426479] taskcred: ***OKOKOK1*** pid=235
[    0.426481] taskcred: ***OKOKOK4*** pid=235
[    0.426708] taskcred: ***OKOKOK1*** pid=234
[    0.426790] taskcred: ***OKOKOK1*** pid=236
[    0.426791] taskcred: ***OKOKOK4*** pid=236
[    0.427039] taskcred: ***OKOKOK1*** pid=234
[    0.427123] taskcred: ***OKOKOK1*** pid=237
[    0.427167] taskcred: ***OKOKOK1*** pid=237
[    0.427232] taskcred: ***OKOKOK1*** pid=238
[    0.427234] taskcred: ***OKOKOK4*** pid=238
[    0.427235] taskcred: ***OKOKOK1*** pid=239
[    0.427237] taskcred: ***OKOKOK4*** pid=239
[    0.427553] taskcred: ***OKOKOK1*** pid=2
[    0.427736] taskcred: ***OKOKOK1*** pid=234
[    0.427836] taskcred: ***OKOKOK1*** pid=241
[    0.427837] taskcred: ***OKOKOK4*** pid=241
[    0.428208] taskcred: ***OKOKOK1*** pid=2
[    0.447102] taskcred: ***OKOKOK1*** pid=234
[    0.447181] taskcred: ***OKOKOK1*** pid=243
[    0.447229] taskcred: ***OKOKOK1*** pid=243
[    0.447281] taskcred: ***OKOKOK1*** pid=244
[    0.447283] taskcred: ***OKOKOK4*** pid=244
[    0.447295] taskcred: ***OKOKOK1*** pid=245
[    0.447296] taskcred: ***OKOKOK4*** pid=245
[    0.447956] taskcred: ***OKOKOK1*** pid=2
[    0.448201] taskcred: ***OKOKOK1*** pid=1
[    0.448312] taskcred: ***OKOKOK1*** pid=247
[    0.448313] taskcred: ***OKOKOK4*** pid=247
[    0.451806] taskcred: ***OKOKOK1*** pid=2
[    0.473451] taskcred: ***OKOKOK1*** pid=1
[    0.473541] taskcred: ***OKOKOK1*** pid=249
[    0.473543] taskcred: ***OKOKOK4*** pid=249
[    0.474832] taskcred: ***OKOKOK1*** pid=1
[    0.474907] taskcred: ***OKOKOK1*** pid=250
[    0.474909] taskcred: ***OKOKOK4*** pid=250
[    0.475703] taskcred: ***OKOKOK1*** pid=1
[    0.475782] taskcred: ***OKOKOK1*** pid=251
[    0.475784] taskcred: ***OKOKOK4*** pid=251
[    0.478913] taskcred: ***OKOKOK1*** pid=1
[    0.478991] taskcred: ***OKOKOK1*** pid=252
[    0.478994] taskcred: ***OKOKOK4*** pid=252
[    0.481789] taskcred: ***OKOKOK1*** pid=252
[    0.482302] taskcred: ***OKOKOK1*** pid=1
[    0.482431] taskcred: ***OKOKOK1*** pid=254
[    0.482440] taskcred: ***OKOKOK4*** pid=254
[    0.495566] taskcred: ***OKOKOK1*** pid=2
[    0.495588] taskcred: ***OKOKOK1*** pid=253
[    0.495737] taskcred: ***OKOKOK1*** pid=253
[    0.495857] taskcred: ***OKOKOK1*** pid=253
[    0.495983] taskcred: ***OKOKOK1*** pid=253
[    0.496172] taskcred: ***OKOKOK1*** pid=253
[    0.496384] taskcred: ***OKOKOK1*** pid=253
[    0.497170] taskcred: ***OKOKOK1*** pid=253
[    0.497787] taskcred: ***OKOKOK1*** pid=1
[    0.497881] taskcred: ***OKOKOK1*** pid=263
[    0.497882] taskcred: ***OKOKOK4*** pid=263
[    0.497979] taskcred: ***OKOKOK1*** pid=253
[    0.534977] taskcred: ***OKOKOK1*** pid=2
[    0.535274] taskcred: ***OKOKOK1*** pid=253
[    0.535415] taskcred: ***OKOKOK1*** pid=2
[    0.535675] taskcred: ***OKOKOK1*** pid=253
[    0.535775] taskcred: ***OKOKOK1*** pid=253
[    0.535883] taskcred: ***OKOKOK1*** pid=253
[    0.535990] taskcred: ***OKOKOK1*** pid=253
[    0.536115] taskcred: ***OKOKOK1*** pid=253
[    0.536177] apple-dart 228304000.iommu: DART [pagesize 4000, 16 streams, bypass support: 0, bypass forced: 0, locked: 0, AS 32 -> 36] initialized
[    0.536229] taskcred: ***OKOKOK1*** pid=253
[    0.536293] apple-dart 231304000.iommu: DART [pagesize 4000, 16 streams, bypass support: 1, bypass forced: 0, locked: 1, AS 32 -> 36] initialized
[    0.536340] taskcred: ***OKOKOK1*** pid=253
[    0.536384] apple-dart 23130c000.iommu: DART [pagesize 4000, 16 streams, bypass support: 1, bypass forced: 0, locked: 1, AS 32 -> 36] initialized
[    0.536488] apple-dart 22c0e8000.iommu: DART [pagesize 4000, 16 streams, bypass support: 1, bypass forced: 0, locked: 0, AS 32 -> 36] initialized
[    0.536581] apple-dart 22c0f4000.iommu: DART [pagesize 4000, 16 streams, bypass support: 0, bypass forced: 0, locked: 0, AS 32 -> 36] initialized
[    0.536677] apple-dart 22c0fc000.iommu: DART [pagesize 4000, 16 streams, bypass support: 0, bypass forced: 0, locked: 0, AS 32 -> 36] initialized
[    0.536815] apple-dart 235004000.iommu: DART [pagesize 4000, 16 streams, bypass support: 1, bypass forced: 0, locked: 0, AS 32 -> 36] initialized
[    0.536986] apple-dart 382f00000.iommu: DART [pagesize 4000, 16 streams, bypass support: 1, bypass forced: 0, locked: 0, AS 32 -> 36] initialized
[    0.537000] taskcred: ***OKOKOK1*** pid=2
[    0.537101] apple-dart 382f80000.iommu: DART [pagesize 4000, 16 streams, bypass support: 1, bypass forced: 0, locked: 0, AS 32 -> 36] initialized
[    0.537215] apple-dart 502f00000.iommu: DART [pagesize 4000, 16 streams, bypass support: 1, bypass forced: 0, locked: 0, AS 32 -> 36] initialized
[    0.537317] apple-dart 502f80000.iommu: DART [pagesize 4000, 16 streams, bypass support: 1, bypass forced: 0, locked: 0, AS 32 -> 36] initialized
[    0.537445] apple-dart 681008000.iommu: DART [pagesize 4000, 16 streams, bypass support: 0, bypass forced: 0, locked: 0, AS 32 -> 36] initialized
[    0.537541] taskcred: ***OKOKOK1*** pid=2
[    0.539350] taskcred: ***OKOKOK1*** pid=1
[    0.539455] taskcred: ***OKOKOK1*** pid=277
[    0.539457] taskcred: ***OKOKOK4*** pid=277
[    0.544302] taskcred: ***OKOKOK1*** pid=253
[    0.545179] apple-gpio-pinctrl 23c100000.pinctrl: No cache defaults, reading back from HW
[    0.545702] taskcred: ***OKOKOK1*** pid=2
[    0.545907] macsmc-rtkit 23e400000.smc: RTKit: Initializing (protocol version 12)
[    0.546176] taskcred: ***OKOKOK1*** pid=253
[    0.546333] taskcred: ***OKOKOK1*** pid=253
[    0.546468] taskcred: ***OKOKOK1*** pid=253
[    0.546658] taskcred: ***OKOKOK1*** pid=253
[    0.546874] taskcred: ***OKOKOK1*** pid=253
[    0.547084] taskcred: ***OKOKOK1*** pid=253
[    0.547239] apple-gpio-pinctrl 23d1f0000.pinctrl: No cache defaults, reading back from HW
[    0.548009] taskcred: ***OKOKOK1*** pid=2
[    0.548093] taskcred: ***OKOKOK1*** pid=2
[    0.548206] macsmc-rtkit 23e400000.smc: Initialized (1525 keys #KEY (0x234b4559)..zSPp (0x7a535070))
[    0.548271] taskcred: ***OKOKOK1*** pid=2
[    0.548522] apple-gpio-pinctrl 23e820000.pinctrl: No cache defaults, reading back from HW
[    0.548862] taskcred: ***OKOKOK1*** pid=2
[    0.549454] apple-gpio-pinctrl 24a820000.pinctrl: No cache defaults, reading back from HW
[    0.554662] taskcred: ***OKOKOK1*** pid=2
[    0.555021] macsmc-rtkit 23e400000.smc: Failed to create device link (0x180) with 23d0d9300.spmi:pmu@f:rtc_nvmem@d000
[    0.555147] macsmc-gpio macsmc-gpio: First GPIO key: gP01 (0x67503031)
[    0.555515] macsmc-rtkit 23e400000.smc: Failed to create device link (0x180) with 23d0d9300.spmi:pmu@f:rtc_nvmem@d000
[    0.556025] macsmc-rtkit 23e400000.smc: Failed to create device link (0x180) with 23d0d9300.spmi:pmu@f:legacy_nvmem@9f00
[    0.570106] gpio gpiochip4: (macsmc-pmu-gpio): not an immutable chip, please consider fixing it!
[    0.580842] macsmc-rtc macsmc-rtc: registered as rtc0
[    0.604811] macsmc-rtc macsmc-rtc: setting system clock to 2024-05-14T21:17:14 UTC (1715721434)
[    0.605556] pcie-apple 690000000.pcie: host bridge /soc/pcie@690000000 ranges:
[    0.605566] pcie-apple 690000000.pcie:      MEM 0x06a0000000..0x06bfffffff -> 0x06a0000000
[    0.605571] pcie-apple 690000000.pcie:      MEM 0x06c0000000..0x06ffffffff -> 0x00c0000000
[    0.605606] pcie-apple 690000000.pcie: invalid resource (null)
[    0.623210] spi-hid-apple-of spi1.0: limiting the number of devices to mngt, kbd and mouse
[    0.630009] input: Apple Internal Keyboard / Trackpad Keyboard as /devices/platform/soc/23510c000.spi/spi_master/spi1/spi1.0/001C:05AC:0281.0001/input/input0
[    0.630160] hid-generic 001C:05AC:0281.0001: input,hidraw0: SPI HID v9.35 Keyboard [Apple Internal Keyboard / Trackpad] on spi1.0 (1)
[    0.631961] input: Apple Internal Keyboard / Trackpad Mouse as /devices/platform/soc/23510c000.spi/spi_master/spi1/spi1.0/001C:05AC:0281.0002/input/input2
[    0.632046] hid-generic 001C:05AC:0281.0002: input,hidraw1: SPI HID v9.35 Mouse [Apple Internal Keyboard / Trackpad] on spi1.0 (2)
[    0.674937] input: Apple Internal Keyboard / Trackpad as /devices/platform/soc/23510c000.spi/spi_master/spi1/spi1.0/001C:05AC:0281.0001/input/input5
[    0.675026] apple 001C:05AC:0281.0001: input,hidraw0: SPI HID v9.35 Keyboard [Apple Internal Keyboard / Trackpad] on spi1.0 (1)
[    0.688089] input: Apple Internal Keyboard / Trackpad as /devices/platform/soc/23510c000.spi/spi_master/spi1/spi1.0/001C:05AC:0281.0002/input/input6
[    0.688130] magicmouse 001C:05AC:0281.0002: input,hidraw1: SPI HID v9.35 Mouse [Apple Internal Keyboard / Trackpad] on spi1.0 (2)
[    0.689520] taskcred: ***OKOKOK1*** pid=1
[    0.689634] taskcred: ***OKOKOK1*** pid=291
[    0.689635] taskcred: ***OKOKOK4*** pid=291
[    0.689926] taskcred: ***OKOKOK1*** pid=1
[    0.690004] taskcred: ***OKOKOK1*** pid=292
[    0.690005] taskcred: ***OKOKOK4*** pid=292
[    0.690613] taskcred: ***OKOKOK1*** pid=1
[    0.690714] taskcred: ***OKOKOK1*** pid=293
[    0.690836] taskcred: ***OKOKOK1*** pid=294
[    0.690838] taskcred: ***OKOKOK4*** pid=294
[    0.691430] taskcred: ***OKOKOK1*** pid=1
[    0.691521] taskcred: ***OKOKOK1*** pid=295
[    0.691627] taskcred: ***OKOKOK1*** pid=296
[    0.691629] taskcred: ***OKOKOK4*** pid=296
[    0.692114] taskcred: ***OKOKOK1*** pid=1
[    0.692183] taskcred: ***OKOKOK1*** pid=297
[    0.692184] taskcred: ***OKOKOK4*** pid=297
[    0.695818] taskcred: ***OKOKOK1*** pid=297
[    0.695893] taskcred: ***OKOKOK1*** pid=298
[    0.695895] taskcred: ***OKOKOK4*** pid=298
[    0.701804] taskcred: ***OKOKOK1*** pid=1
[    0.701882] taskcred: ***OKOKOK1*** pid=299
[    0.701883] taskcred: ***OKOKOK4*** pid=299
[    0.704857] taskcred: ***OKOKOK1*** pid=2
[    0.705083] taskcred: ***OKOKOK1*** pid=2
[    0.705338] taskcred: ***OKOKOK1*** pid=2
[    0.714791] EXT4-fs (nvme0n1p5): mounted filesystem 16c0d463-c113-4f93-ac0a-3d3672f140b2 r/w with ordered data mode. Quota mode: none.
[    0.715005] taskcred: ***OKOKOK1*** pid=1
[    0.715089] taskcred: ***OKOKOK1*** pid=303
[    0.715090] taskcred: ***OKOKOK4*** pid=303
[    0.716297] taskcred: ***OKOKOK1*** pid=1
[    0.716377] taskcred: ***OKOKOK1*** pid=304
[    0.716378] taskcred: ***OKOKOK4*** pid=304
[    0.716774] taskcred: ***OKOKOK1*** pid=1
[    0.716860] taskcred: ***OKOKOK1*** pid=305
[    0.716862] taskcred: ***OKOKOK4*** pid=305
[    0.727356] taskcred: ***OKOKOK1*** pid=1
[    0.727452] taskcred: ***OKOKOK1*** pid=306
[    0.727454] taskcred: ***OKOKOK4*** pid=306
[    0.730094] taskcred: ***OKOKOK1*** pid=1
[    0.730192] taskcred: ***OKOKOK1*** pid=307
[    0.730193] taskcred: ***OKOKOK4*** pid=307
[    0.735085] taskcred: ***OKOKOK1*** pid=1
[    0.735188] taskcred: ***OKOKOK1*** pid=308
[    0.735189] taskcred: ***OKOKOK4*** pid=308
[    0.735402] taskcred: ***OKOKOK1*** pid=1
[    0.735486] taskcred: ***OKOKOK1*** pid=309
[    0.735487] taskcred: ***OKOKOK4*** pid=309
[    0.736671] taskcred: ***OKOKOK1*** pid=1
[    0.736673] taskcred: ***OKOKOK4*** pid=1
[    0.736700] taskcred: ***OKOKOK1*** pid=1
[    0.736700] taskcred: ***OKOKOK4*** pid=1
[    0.736715] taskcred: ***OKOKOK1*** pid=1
[    0.736716] taskcred: ***OKOKOK4*** pid=1
[    0.737010] taskcred: ***OKOKOK1*** pid=1
[    0.737011] taskcred: ***OKOKOK4*** pid=1
[    0.737592] taskcred: ***OKOKOK1*** pid=1
[    0.737645] taskcred: ***OKOKOK1*** pid=1
[    0.737646] taskcred: ***OKOKOK4*** pid=1
[    0.764568] taskcred: ***OKOKOK1*** pid=55
[    0.764584] taskcred: ***OKOKOK1*** pid=311
[    0.764600] taskcred: ***OKOKOK1*** pid=311
[    0.764601] taskcred: ***OKOKOK4*** pid=311
[    0.767938] systemd[1]: systemd 254.5-1-arch running in system mode (+PAM +AUDIT -SELINUX -APPARMOR -IMA +SMACK +SECCOMP +GCRYPT +GNUTLS +OPENSSL +ACL +BLKID +CURL +ELFUTILS +FIDO2 +IDN2 -IDN +IPTC +KMOD +LIBCRYPTSETUP +LIBFDISK +PCRE2 -PWQUALITY +P11KIT -QRENCODE +TPM2 +BZIP2 +LZ4 +XZ +ZLIB +ZSTD +BPF_FRAMEWORK +XKBCOMMON +UTMP -SYSVINIT default-hierarchy=unified)
[    0.767945] systemd[1]: Detected architecture arm64.
[    0.768770] systemd[1]: Hostname set to <gao-mac>.
[    0.810247] systemd[1]: bpf-lsm: BPF LSM hook not enabled in the kernel, BPF LSM not supported
[    0.810921] taskcred: ***OKOKOK1*** pid=1
[    0.811158] taskcred: ***OKOKOK1*** pid=312
[    0.811368] taskcred: ***OKOKOK1*** pid=313
[    0.811370] taskcred: ***OKOKOK4*** pid=313
[    0.815875] pcie-apple 690000000.pcie: ECAM at [mem 0x690000000-0x690ffffff] for [bus 00-03]
[    0.815957] pcie-apple 690000000.pcie: PCI host bridge to bus 0000:00
[    0.815960] pci_bus 0000:00: root bus resource [bus 00-03]
[    0.815962] pci_bus 0000:00: root bus resource [mem 0x6a0000000-0x6bfffffff pref]
[    0.815965] pci_bus 0000:00: root bus resource [mem 0x6c0000000-0x6ffffffff] (bus address [0xc0000000-0xffffffff])
[    0.815979] pci 0000:00:00.0: [106b:100c] type 01 class 0x060400
[    0.816032] pci 0000:00:00.0: PME# supported from D0 D3hot D3cold
[    0.816909] pci 0000:01:00.0: [14e4:4425] type 00 class 0x028000
[    0.816928] pci 0000:01:00.0: reg 0x10: [mem 0x00000000-0x0000ffff 64bit]
[    0.816941] pci 0000:01:00.0: reg 0x18: [mem 0x00000000-0x007fffff 64bit]
[    0.817049] pci 0000:01:00.0: supports D1 D2
[    0.817050] pci 0000:01:00.0: PME# supported from D0 D1 D2 D3hot D3cold
[    0.817229] pci 0000:01:00.1: [14e4:5f69] type 00 class 0x028000
[    0.817248] pci 0000:01:00.1: reg 0x10: [mem 0x00000000-0x00007fff 64bit]
[    0.817259] pci 0000:01:00.1: reg 0x18: [mem 0x00000000-0x003fffff 64bit]
[    0.817361] pci 0000:01:00.1: supports D1 D2
[    0.817362] pci 0000:01:00.1: PME# supported from D0 D1 D2 D3hot D3cold
[    0.819816] pci_bus 0000:01: busn_res: [bus 01-03] end is updated to 01
[    0.819825] pci 0000:00:00.0: BAR 14: assigned [mem 0x6c0000000-0x6c0dfffff]
[    0.819829] pci 0000:01:00.0: BAR 2: assigned [mem 0x6c0000000-0x6c07fffff 64bit]
[    0.819839] pci 0000:01:00.1: BAR 2: assigned [mem 0x6c0800000-0x6c0bfffff 64bit]
[    0.819848] pci 0000:01:00.0: BAR 0: assigned [mem 0x6c0c00000-0x6c0c0ffff 64bit]
[    0.819858] pci 0000:01:00.1: BAR 0: assigned [mem 0x6c0c10000-0x6c0c17fff 64bit]
[    0.819867] pci 0000:00:00.0: PCI bridge to [bus 01]
[    0.819870] pci 0000:00:00.0:   bridge window [mem 0x6c0000000-0x6c0dfffff]
[    0.819897] OF: /soc/pcie@690000000: no iommu-map translation for id 0x0 on (null)
[    0.819983] pcieport 0000:00:00.0: PME: Signaling with IRQ 97
[    0.820029] taskcred: ***OKOKOK1*** pid=2
[    0.820070] pcieport 0000:00:00.0: AER: enabled with IRQ 97
[    0.820631] taskcred: ***OKOKOK1*** pid=1
[    0.821454] taskcred: ***OKOKOK1*** pid=315
[    0.821615] taskcred: ***OKOKOK1*** pid=316
[    0.821694] taskcred: ***OKOKOK1*** pid=316
[    0.821765] taskcred: ***OKOKOK1*** pid=316
[    0.821822] taskcred: ***OKOKOK1*** pid=317
[    0.821824] taskcred: ***OKOKOK4*** pid=317
[    0.821844] taskcred: ***OKOKOK1*** pid=316
[    0.821851] taskcred: ***OKOKOK1*** pid=318
[    0.821852] taskcred: ***OKOKOK4*** pid=318
[    0.821918] taskcred: ***OKOKOK1*** pid=316
[    0.821943] taskcred: ***OKOKOK1*** pid=319
[    0.821946] taskcred: ***OKOKOK4*** pid=319
[    0.821988] taskcred: ***OKOKOK1*** pid=316
[    0.821991] taskcred: ***OKOKOK1*** pid=320
[    0.821992] taskcred: ***OKOKOK4*** pid=320
[    0.822066] taskcred: ***OKOKOK1*** pid=316
[    0.822100] taskcred: ***OKOKOK1*** pid=321
[    0.822102] taskcred: ***OKOKOK4*** pid=321
[    0.822126] taskcred: ***OKOKOK1*** pid=322
[    0.822127] taskcred: ***OKOKOK4*** pid=322
[    0.822176] taskcred: ***OKOKOK1*** pid=316
[    0.822219] taskcred: ***OKOKOK1*** pid=323
[    0.822219] taskcred: ***OKOKOK4*** pid=323
[    0.822264] taskcred: ***OKOKOK1*** pid=316
[    0.822322] taskcred: ***OKOKOK1*** pid=324
[    0.822323] taskcred: ***OKOKOK4*** pid=324
[    0.822353] taskcred: ***OKOKOK1*** pid=316
[    0.822440] taskcred: ***OKOKOK1*** pid=316
[    0.822623] taskcred: ***OKOKOK1*** pid=327
[    0.822624] taskcred: ***OKOKOK4*** pid=327
[    0.822709] taskcred: ***OKOKOK1*** pid=326
[    0.822709] taskcred: ***OKOKOK4*** pid=326
[    0.822749] taskcred: ***OKOKOK1*** pid=325
[    0.822750] taskcred: ***OKOKOK4*** pid=325
[    0.830908] dwc3 382280000.usb: Adding to iommu group 0
[    0.892561] systemd[1]: Condition check resulted in System Slice being skipped.
[    0.893921] systemd[1]: Queued start job for default target Graphical Interface.
[    0.909069] taskcred: ***OKOKOK1*** pid=2
[    0.909585] systemd[1]: Created slice Slice /system/getty.
[    0.909889] systemd[1]: Created slice Slice /system/modprobe.
[    0.910072] systemd[1]: Created slice User and Session Slice.
[    0.910129] systemd[1]: Started Dispatch Password Requests to Console Directory Watch.
[    0.910172] systemd[1]: Started Forward Password Requests to Wall Directory Watch.
[    0.910307] systemd[1]: Set up automount Arbitrary Executable File Formats File System Automount Point.
[    0.910341] systemd[1]: Reached target Local Encrypted Volumes.
[    0.910357] systemd[1]: Reached target Login Prompts.
[    0.910373] systemd[1]: Reached target Local Integrity Protected Volumes.
[    0.910406] systemd[1]: Reached target Path Units.
[    0.910426] systemd[1]: Reached target Remote Encrypted Volumes.
[    0.910438] systemd[1]: Reached target Remote File Systems.
[    0.910450] systemd[1]: Reached target Slice Units.
[    0.910469] systemd[1]: Reached target Swaps.
[    0.910492] systemd[1]: Reached target Local Verity Protected Volumes.
[    0.910563] systemd[1]: Listening on Device-mapper event daemon FIFOs.
[    0.911001] systemd[1]: Listening on LVM2 poll daemon socket.
[    0.912808] systemd[1]: Listening on Process Core Dump Socket.
[    0.912893] taskcred: ***OKOKOK1*** pid=2
[    0.912986] systemd[1]: Listening on Journal Audit Socket.
[    0.913076] systemd[1]: Listening on Journal Socket (/dev/log).
[    0.913169] systemd[1]: Listening on Journal Socket.
[    0.913284] systemd[1]: Listening on Network Service Netlink Socket.
[    0.913876] systemd[1]: Listening on udev Control Socket.
[    0.913964] systemd[1]: Listening on udev Kernel Socket.
[    0.914047] systemd[1]: Listening on User Database Manager Socket.
[    0.914491] taskcred: ***OKOKOK1*** pid=1
[    0.914754] systemd[1]: Mounting Huge Pages File System...
[    0.914903] taskcred: ***OKOKOK1*** pid=330
[    0.915070] taskcred: ***OKOKOK1*** pid=330
[    0.915071] Before callin security_capset_1, pid=330
[    0.915071] cap_capset_1, pid=330
[    0.915072] taskcred: ***OKOKOK3.12*** in UPDATE_CAP_EFFECTIVE_MACRO, current->pid=330, task->pid=330, task->comm=(mount), cred=cc412c0, old sac=5cbdad92, computed sac=5cbdad92, new sac=5cbdad92
[    0.915074] taskcred: ***OKOKOK3.10*** in UPDATE_CAP_INHERITABLE_MACRO, current->pid=330, task->pid=330, task->comm=(mount)
[    0.915075] taskcred: ***OKOKOK3.11*** in UPDATE_CAP_PERMITTED_MACRO, current->pid=330, task->pid=330, task->comm=(mount), cred=cc412c0, old sac=5cbdad92, computed sac=5cbdad92, new sac=5cbdad92
[    0.915076] taskcred: ***OKOKOK3.14*** in UPDATE_CAP_AMBIENT_MACRO, current->pid=330, task->pid=330, task->comm=(mount), cred=cc412c0, old sac=5cbdad92, computed sac=5cbdad92, new sac=5cbdad92
[    0.915107] taskcred: ***OKOKOK1*** pid=330
[    0.915107] taskcred: ***OKOKOK4*** pid=330
[    0.915151] taskcred: ***OKOKOK1*** pid=1
[    0.915402] systemd[1]: Mounting POSIX Message Queue File System...
[    0.915613] taskcred: ***OKOKOK1*** pid=331
[    0.915658] taskcred: ***OKOKOK1*** pid=331
[    0.915659] Before callin security_capset_1, pid=331
[    0.915660] cap_capset_1, pid=331
[    0.915660] taskcred: ***OKOKOK3.12*** in UPDATE_CAP_EFFECTIVE_MACRO, current->pid=331, task->pid=331, task->comm=(mount), cred=f46d8c0, old sac=8cc11613, computed sac=8cc11613, new sac=8cc11613
[    0.915663] taskcred: ***OKOKOK3.10*** in UPDATE_CAP_INHERITABLE_MACRO, current->pid=331, task->pid=331, task->comm=(mount)
[    0.915664] taskcred: ***OKOKOK3.11*** in UPDATE_CAP_PERMITTED_MACRO, current->pid=331, task->pid=331, task->comm=(mount), cred=f46d8c0, old sac=8cc11613, computed sac=8cc11613, new sac=8cc11613
[    0.915666] taskcred: ***OKOKOK3.14*** in UPDATE_CAP_AMBIENT_MACRO, current->pid=331, task->pid=331, task->comm=(mount), cred=f46d8c0, old sac=8cc11613, computed sac=8cc11613, new sac=8cc11613
[    0.915700] taskcred: ***OKOKOK1*** pid=331
[    0.915701] taskcred: ***OKOKOK4*** pid=331
[    0.915801] taskcred: ***OKOKOK1*** pid=1
[    0.916027] systemd[1]: Mounting Kernel Debug File System...
[    0.916109] systemd[1]: Kernel Trace File System was skipped because of an unmet condition check (ConditionPathExists=/sys/kernel/tracing).
[    0.916127] taskcred: ***OKOKOK1*** pid=332
[    0.916152] taskcred: ***OKOKOK1*** pid=332
[    0.916153] Before callin security_capset_1, pid=332
[    0.916153] cap_capset_1, pid=332
[    0.916154] taskcred: ***OKOKOK3.12*** in UPDATE_CAP_EFFECTIVE_MACRO, current->pid=332, task->pid=332, task->comm=(mount), cred=cc43e40, old sac=81a688b8, computed sac=81a688b8, new sac=81a688b8
[    0.916155] taskcred: ***OKOKOK3.10*** in UPDATE_CAP_INHERITABLE_MACRO, current->pid=332, task->pid=332, task->comm=(mount)
[    0.916156] taskcred: ***OKOKOK3.11*** in UPDATE_CAP_PERMITTED_MACRO, current->pid=332, task->pid=332, task->comm=(mount), cred=cc43e40, old sac=81a688b8, computed sac=81a688b8, new sac=81a688b8
[    0.916157] taskcred: ***OKOKOK3.14*** in UPDATE_CAP_AMBIENT_MACRO, current->pid=332, task->pid=332, task->comm=(mount), cred=cc43e40, old sac=81a688b8, computed sac=81a688b8, new sac=81a688b8
[    0.916179] taskcred: ***OKOKOK1*** pid=332
[    0.916180] taskcred: ***OKOKOK4*** pid=332
[    0.916676] taskcred: ***OKOKOK1*** pid=1
[    0.916943] systemd[1]: Mounting Temporary Directory /tmp...
[    0.917059] taskcred: ***OKOKOK1*** pid=333
[    0.917088] taskcred: ***OKOKOK1*** pid=333
[    0.917089] Before callin security_capset_1, pid=333
[    0.917089] cap_capset_1, pid=333
[    0.917090] taskcred: ***OKOKOK3.12*** in UPDATE_CAP_EFFECTIVE_MACRO, current->pid=333, task->pid=333, task->comm=(mount), cred=c3ffa80, old sac=3f2e4452, computed sac=3f2e4452, new sac=3f2e4452
[    0.917092] taskcred: ***OKOKOK3.10*** in UPDATE_CAP_INHERITABLE_MACRO, current->pid=333, task->pid=333, task->comm=(mount)
[    0.917092] taskcred: ***OKOKOK3.11*** in UPDATE_CAP_PERMITTED_MACRO, current->pid=333, task->pid=333, task->comm=(mount), cred=c3ffa80, old sac=3f2e4452, computed sac=3f2e4452, new sac=3f2e4452
[    0.917094] taskcred: ***OKOKOK3.14*** in UPDATE_CAP_AMBIENT_MACRO, current->pid=333, task->pid=333, task->comm=(mount), cred=c3ffa80, old sac=3f2e4452, computed sac=3f2e4452, new sac=3f2e4452
[    0.917119] taskcred: ***OKOKOK1*** pid=333
[    0.917119] taskcred: ***OKOKOK4*** pid=333
[    0.917443] taskcred: ***OKOKOK1*** pid=1
[    0.917737] systemd[1]: Starting Create List of Static Device Nodes...
[    0.917796] taskcred: ***OKOKOK1*** pid=334
[    0.917818] taskcred: ***OKOKOK1*** pid=334
[    0.917818] Before callin security_capset_1, pid=334
[    0.917819] cap_capset_1, pid=334
[    0.917819] taskcred: ***OKOKOK3.12*** in UPDATE_CAP_EFFECTIVE_MACRO, current->pid=334, task->pid=334, task->comm=(kmod), cred=c3ff480, old sac=8b9d756, computed sac=8b9d756, new sac=8b9d756
[    0.917820] taskcred: ***OKOKOK3.10*** in UPDATE_CAP_INHERITABLE_MACRO, current->pid=334, task->pid=334, task->comm=(kmod)
[    0.917821] taskcred: ***OKOKOK3.11*** in UPDATE_CAP_PERMITTED_MACRO, current->pid=334, task->pid=334, task->comm=(kmod), cred=c3ff480, old sac=8b9d756, computed sac=8b9d756, new sac=8b9d756
[    0.917822] taskcred: ***OKOKOK3.14*** in UPDATE_CAP_AMBIENT_MACRO, current->pid=334, task->pid=334, task->comm=(kmod), cred=c3ff480, old sac=8b9d756, computed sac=8b9d756, new sac=8b9d756
[    0.917844] taskcred: ***OKOKOK1*** pid=334
[    0.917844] taskcred: ***OKOKOK4*** pid=334
[    0.918126] taskcred: ***OKOKOK1*** pid=1
[    0.918403] systemd[1]: Starting Monitoring of LVM2 mirrors, snapshots etc. using dmeventd or progress polling...
[    0.918618] taskcred: ***OKOKOK1*** pid=335
[    0.918787] taskcred: ***OKOKOK1*** pid=335
[    0.918789] Before callin security_capset_1, pid=335
[    0.918790] cap_capset_1, pid=335
[    0.918790] taskcred: ***OKOKOK3.12*** in UPDATE_CAP_EFFECTIVE_MACRO, current->pid=335, task->pid=335, task->comm=(lvm), cred=11d39980, old sac=dc25db04, computed sac=dc25db04, new sac=dc25db04
[    0.918793] taskcred: ***OKOKOK3.10*** in UPDATE_CAP_INHERITABLE_MACRO, current->pid=335, task->pid=335, task->comm=(lvm)
[    0.918794] taskcred: ***OKOKOK3.11*** in UPDATE_CAP_PERMITTED_MACRO, current->pid=335, task->pid=335, task->comm=(lvm), cred=11d39980, old sac=dc25db04, computed sac=dc25db04, new sac=dc25db04
[    0.918796] taskcred: ***OKOKOK3.14*** in UPDATE_CAP_AMBIENT_MACRO, current->pid=335, task->pid=335, task->comm=(lvm), cred=11d39980, old sac=dc25db04, computed sac=dc25db04, new sac=dc25db04
[    0.918830] taskcred: ***OKOKOK1*** pid=335
[    0.918831] taskcred: ***OKOKOK4*** pid=335
[    0.918855] taskcred: ***OKOKOK1*** pid=1
[    0.919101] systemd[1]: Starting Load Kernel Module configfs...
[    0.919244] taskcred: ***OKOKOK1*** pid=336
[    0.919275] taskcred: ***OKOKOK1*** pid=336
[    0.919276] Before callin security_capset_1, pid=336
[    0.919277] cap_capset_1, pid=336
[    0.919277] taskcred: ***OKOKOK3.12*** in UPDATE_CAP_EFFECTIVE_MACRO, current->pid=336, task->pid=336, task->comm=(modprobe), cred=11d3b840, old sac=7f770276, computed sac=7f770276, new sac=7f770276
[    0.919279] taskcred: ***OKOKOK3.10*** in UPDATE_CAP_INHERITABLE_MACRO, current->pid=336, task->pid=336, task->comm=(modprobe)
[    0.919281] taskcred: ***OKOKOK3.11*** in UPDATE_CAP_PERMITTED_MACRO, current->pid=336, task->pid=336, task->comm=(modprobe), cred=11d3b840, old sac=7f770276, computed sac=7f770276, new sac=7f770276
[    0.919282] taskcred: ***OKOKOK3.14*** in UPDATE_CAP_AMBIENT_MACRO, current->pid=336, task->pid=336, task->comm=(modprobe), cred=11d3b840, old sac=7f770276, computed sac=7f770276, new sac=7f770276
[    0.919312] taskcred: ***OKOKOK1*** pid=336
[    0.919313] taskcred: ***OKOKOK4*** pid=336
[    0.919545] taskcred: ***OKOKOK1*** pid=1
[    0.919842] systemd[1]: Starting Load Kernel Module dm_mod...
[    0.919962] taskcred: ***OKOKOK1*** pid=337
[    0.919993] taskcred: ***OKOKOK1*** pid=337
[    0.919994] Before callin security_capset_1, pid=337
[    0.919995] cap_capset_1, pid=337
[    0.919995] taskcred: ***OKOKOK3.12*** in UPDATE_CAP_EFFECTIVE_MACRO, current->pid=337, task->pid=337, task->comm=(modprobe), cred=f46ed00, old sac=dc1e389d, computed sac=dc1e389d, new sac=dc1e389d
[    0.919997] taskcred: ***OKOKOK3.10*** in UPDATE_CAP_INHERITABLE_MACRO, current->pid=337, task->pid=337, task->comm=(modprobe)
[    0.919999] taskcred: ***OKOKOK3.11*** in UPDATE_CAP_PERMITTED_MACRO, current->pid=337, task->pid=337, task->comm=(modprobe), cred=f46ed00, old sac=dc1e389d, computed sac=dc1e389d, new sac=dc1e389d
[    0.920000] taskcred: ***OKOKOK3.14*** in UPDATE_CAP_AMBIENT_MACRO, current->pid=337, task->pid=337, task->comm=(modprobe), cred=f46ed00, old sac=dc1e389d, computed sac=dc1e389d, new sac=dc1e389d
[    0.920029] taskcred: ***OKOKOK1*** pid=337
[    0.920030] taskcred: ***OKOKOK4*** pid=337
[    0.920289] taskcred: ***OKOKOK1*** pid=1
[    0.920556] systemd[1]: Starting Load Kernel Module drm...
[    0.920692] taskcred: ***OKOKOK1*** pid=338
[    0.920721] taskcred: ***OKOKOK1*** pid=338
[    0.920722] Before callin security_capset_1, pid=338
[    0.920723] cap_capset_1, pid=338
[    0.920723] taskcred: ***OKOKOK3.12*** in UPDATE_CAP_EFFECTIVE_MACRO, current->pid=338, task->pid=338, task->comm=(modprobe), cred=f46c480, old sac=d63d913e, computed sac=d63d913e, new sac=d63d913e
[    0.920725] taskcred: ***OKOKOK3.10*** in UPDATE_CAP_INHERITABLE_MACRO, current->pid=338, task->pid=338, task->comm=(modprobe)
[    0.920726] taskcred: ***OKOKOK3.11*** in UPDATE_CAP_PERMITTED_MACRO, current->pid=338, task->pid=338, task->comm=(modprobe), cred=f46c480, old sac=d63d913e, computed sac=d63d913e, new sac=d63d913e
[    0.920727] taskcred: ***OKOKOK3.14*** in UPDATE_CAP_AMBIENT_MACRO, current->pid=338, task->pid=338, task->comm=(modprobe), cred=f46c480, old sac=d63d913e, computed sac=d63d913e, new sac=d63d913e
[    0.920756] taskcred: ***OKOKOK1*** pid=338
[    0.920757] taskcred: ***OKOKOK4*** pid=338
[    0.921016] taskcred: ***OKOKOK1*** pid=1
[    0.921280] systemd[1]: Starting Load Kernel Module efi_pstore...
[    0.921406] taskcred: ***OKOKOK1*** pid=339
[    0.921434] taskcred: ***OKOKOK1*** pid=339
[    0.921435] Before callin security_capset_1, pid=339
[    0.921435] cap_capset_1, pid=339
[    0.921436] taskcred: ***OKOKOK3.12*** in UPDATE_CAP_EFFECTIVE_MACRO, current->pid=339, task->pid=339, task->comm=(modprobe), cred=11d3b0c0, old sac=d732423c, computed sac=d732423c, new sac=d732423c
[    0.921438] taskcred: ***OKOKOK3.10*** in UPDATE_CAP_INHERITABLE_MACRO, current->pid=339, task->pid=339, task->comm=(modprobe)
[    0.921439] taskcred: ***OKOKOK3.11*** in UPDATE_CAP_PERMITTED_MACRO, current->pid=339, task->pid=339, task->comm=(modprobe), cred=11d3b0c0, old sac=d732423c, computed sac=d732423c, new sac=d732423c
[    0.921440] taskcred: ***OKOKOK3.14*** in UPDATE_CAP_AMBIENT_MACRO, current->pid=339, task->pid=339, task->comm=(modprobe), cred=11d3b0c0, old sac=d732423c, computed sac=d732423c, new sac=d732423c
[    0.921467] taskcred: ***OKOKOK1*** pid=339
[    0.921468] taskcred: ***OKOKOK4*** pid=339
[    0.921737] taskcred: ***OKOKOK1*** pid=1
[    0.922023] systemd[1]: Starting Load Kernel Module fuse...
[    0.922151] taskcred: ***OKOKOK1*** pid=340
[    0.922179] taskcred: ***OKOKOK1*** pid=340
[    0.922180] Before callin security_capset_1, pid=340
[    0.922181] cap_capset_1, pid=340
[    0.922181] taskcred: ***OKOKOK3.12*** in UPDATE_CAP_EFFECTIVE_MACRO, current->pid=340, task->pid=340, task->comm=(modprobe), cred=11d3b480, old sac=69b02732, computed sac=69b02732, new sac=69b02732
[    0.922183] taskcred: ***OKOKOK3.10*** in UPDATE_CAP_INHERITABLE_MACRO, current->pid=340, task->pid=340, task->comm=(modprobe)
[    0.922184] taskcred: ***OKOKOK3.11*** in UPDATE_CAP_PERMITTED_MACRO, current->pid=340, task->pid=340, task->comm=(modprobe), cred=11d3b480, old sac=69b02732, computed sac=69b02732, new sac=69b02732
[    0.922185] taskcred: ***OKOKOK3.14*** in UPDATE_CAP_AMBIENT_MACRO, current->pid=340, task->pid=340, task->comm=(modprobe), cred=11d3b480, old sac=69b02732, computed sac=69b02732, new sac=69b02732
[    0.922211] taskcred: ***OKOKOK1*** pid=340
[    0.922212] taskcred: ***OKOKOK4*** pid=340
[    0.922493] taskcred: ***OKOKOK1*** pid=1
[    0.922763] systemd[1]: Starting Load Kernel Module loop...
[    0.922860] systemd[1]: File System Check on Root Device was skipped because of an unmet condition check (ConditionPathIsReadWrite=!/).
[    0.922894] taskcred: ***OKOKOK1*** pid=341
[    0.922921] taskcred: ***OKOKOK1*** pid=341
[    0.922922] Before callin security_capset_1, pid=341
[    0.922923] cap_capset_1, pid=341
[    0.922923] taskcred: ***OKOKOK3.12*** in UPDATE_CAP_EFFECTIVE_MACRO, current->pid=341, task->pid=341, task->comm=(modprobe), cred=11d39bc0, old sac=4bbfb288, computed sac=4bbfb288, new sac=4bbfb288
[    0.922925] taskcred: ***OKOKOK3.10*** in UPDATE_CAP_INHERITABLE_MACRO, current->pid=341, task->pid=341, task->comm=(modprobe)
[    0.922926] taskcred: ***OKOKOK3.11*** in UPDATE_CAP_PERMITTED_MACRO, current->pid=341, task->pid=341, task->comm=(modprobe), cred=11d39bc0, old sac=4bbfb288, computed sac=4bbfb288, new sac=4bbfb288
[    0.922927] taskcred: ***OKOKOK3.14*** in UPDATE_CAP_AMBIENT_MACRO, current->pid=341, task->pid=341, task->comm=(modprobe), cred=11d39bc0, old sac=4bbfb288, computed sac=4bbfb288, new sac=4bbfb288
[    0.922958] taskcred: ***OKOKOK1*** pid=341
[    0.922958] taskcred: ***OKOKOK4*** pid=341
[    0.923918] taskcred: ***OKOKOK1*** pid=1
[    0.924233] systemd[1]: Starting Journal Service...
[    0.924379] taskcred: ***OKOKOK1*** pid=342
[    0.924416] dump_stack, pid=342
[    0.924417] CPU: 2 PID: 342 Comm: (journald) Tainted: G S                 6.5.0-asahi-14-1-ARCH #11
[    0.924420] Hardware name: Apple MacBook Air (M1, 2020) (DT)
[    0.924422] Call trace:
[    0.924422]  dump_backtrace+0x98/0x114
[    0.924430]  show_stack+0x18/0x20
[    0.924433]  dump_stack_lvl+0x48/0x5c
[    0.924439]  dump_stack+0x18/0x20
[    0.924442]  prepare_creds+0x28/0x328
[    0.924446]  cap_task_prctl+0x1b4/0x28c
[    0.924450]  security_task_prctl+0x5c/0xa0
[    0.924452]  __do_sys_prctl+0x48/0x880
[    0.924456]  __arm64_sys_prctl+0x20/0x44
[    0.924459]  invoke_syscall.constprop.0+0x50/0xe0
[    0.924463]  do_el0_svc+0x4c/0xd0
[    0.924465]  el0_svc+0x30/0x114
[    0.924470]  el0t_64_sync_handler+0xfc/0x128
[    0.924472]  el0t_64_sync+0x19c/0x1a0
[    0.924474] dump_stack, pid=342
[    0.924475] CPU: 2 PID: 342 Comm: (journald) Tainted: G S                 6.5.0-asahi-14-1-ARCH #11
[    0.924477] Hardware name: Apple MacBook Air (M1, 2020) (DT)
[    0.924478] Call trace:
[    0.924479]  dump_backtrace+0x98/0x114
[    0.924482]  show_stack+0x18/0x20
[    0.924485]  dump_stack_lvl+0x48/0x5c
[    0.924489]  dump_stack+0x18/0x20
[    0.924492]  prepare_creds+0x28/0x328
[    0.924494]  cap_task_prctl+0x1b4/0x28c
[    0.924497]  security_task_prctl+0x5c/0xa0
[    0.924498]  __do_sys_prctl+0x48/0x880
[    0.924501]  __arm64_sys_prctl+0x20/0x44
[    0.924504]  invoke_syscall.constprop.0+0x50/0xe0
[    0.924507]  do_el0_svc+0x4c/0xd0
[    0.924510]  el0_svc+0x30/0x114
[    0.924513]  el0t_64_sync_handler+0xfc/0x128
[    0.924515]  el0t_64_sync+0x19c/0x1a0
[    0.924518] dump_stack, pid=342
[    0.924518] CPU: 2 PID: 342 Comm: (journald) Tainted: G S                 6.5.0-asahi-14-1-ARCH #11
[    0.924520] Hardware name: Apple MacBook Air (M1, 2020) (DT)
[    0.924521] Call trace:
[    0.924521]  dump_backtrace+0x98/0x114
[    0.924525]  show_stack+0x18/0x20
[    0.924528]  dump_stack_lvl+0x48/0x5c
[    0.924531]  dump_stack+0x18/0x20
[    0.924534]  prepare_creds+0x28/0x328
[    0.924537]  cap_task_prctl+0x1b4/0x28c
[    0.924539]  security_task_prctl+0x5c/0xa0
[    0.924541]  __do_sys_prctl+0x48/0x880
[    0.924544]  __arm64_sys_prctl+0x20/0x44
[    0.924547]  invoke_syscall.constprop.0+0x50/0xe0
[    0.924550]  do_el0_svc+0x4c/0xd0
[    0.924552]  el0_svc+0x30/0x114
[    0.924556]  el0t_64_sync_handler+0xfc/0x128
[    0.924557]  el0t_64_sync+0x19c/0x1a0
[    0.924560] dump_stack, pid=342
[    0.924560] CPU: 2 PID: 342 Comm: (journald) Tainted: G S                 6.5.0-asahi-14-1-ARCH #11
[    0.924562] Hardware name: Apple MacBook Air (M1, 2020) (DT)
[    0.924563] Call trace:
[    0.924563]  dump_backtrace+0x98/0x114
[    0.924567]  show_stack+0x18/0x20
[    0.924570]  dump_stack_lvl+0x48/0x5c
[    0.924573]  dump_stack+0x18/0x20
[    0.924576]  prepare_creds+0x28/0x328
[    0.924579]  cap_task_prctl+0x1b4/0x28c
[    0.924581]  security_task_prctl+0x5c/0xa0
[    0.924583]  __do_sys_prctl+0x48/0x880
[    0.924586]  __arm64_sys_prctl+0x20/0x44
[    0.924588]  invoke_syscall.constprop.0+0x50/0xe0
[    0.924591]  do_el0_svc+0x4c/0xd0
[    0.924594]  el0_svc+0x30/0x114
[    0.924597]  el0t_64_sync_handler+0xfc/0x128
[    0.924599]  el0t_64_sync+0x19c/0x1a0
[    0.924601] dump_stack, pid=342
[    0.924602] CPU: 2 PID: 342 Comm: (journald) Tainted: G S                 6.5.0-asahi-14-1-ARCH #11
[    0.924603] Hardware name: Apple MacBook Air (M1, 2020) (DT)
[    0.924604] Call trace:
[    0.924605]  dump_backtrace+0x98/0x114
[    0.924608]  show_stack+0x18/0x20
[    0.924611]  dump_stack_lvl+0x48/0x5c
[    0.924614]  dump_stack+0x18/0x20
[    0.924618]  prepare_creds+0x28/0x328
[    0.924620]  cap_task_prctl+0x1b4/0x28c
[    0.924622]  security_task_prctl+0x5c/0xa0
[    0.924624]  __do_sys_prctl+0x48/0x880
[    0.924627]  __arm64_sys_prctl+0x20/0x44
[    0.924630]  invoke_syscall.constprop.0+0x50/0xe0
[    0.924633]  do_el0_svc+0x4c/0xd0
[    0.924635]  el0_svc+0x30/0x114
[    0.924639]  el0t_64_sync_handler+0xfc/0x128
[    0.924640]  el0t_64_sync+0x19c/0x1a0
[    0.924642] dump_stack, pid=342
[    0.924643] CPU: 2 PID: 342 Comm: (journald) Tainted: G S                 6.5.0-asahi-14-1-ARCH #11
[    0.924644] Hardware name: Apple MacBook Air (M1, 2020) (DT)
[    0.924645] Call trace:
[    0.924646]  dump_backtrace+0x98/0x114
[    0.924649]  show_stack+0x18/0x20
[    0.924652]  dump_stack_lvl+0x48/0x5c
[    0.924656]  dump_stack+0x18/0x20
[    0.924659]  prepare_creds+0x28/0x328
[    0.924661]  cap_task_prctl+0x1b4/0x28c
[    0.924663]  security_task_prctl+0x5c/0xa0
[    0.924665]  __do_sys_prctl+0x48/0x880
[    0.924668]  __arm64_sys_prctl+0x20/0x44
[    0.924671]  invoke_syscall.constprop.0+0x50/0xe0
[    0.924674]  do_el0_svc+0x4c/0xd0
[    0.924677]  el0_svc+0x30/0x114
[    0.924680]  el0t_64_sync_handler+0xfc/0x128
[    0.924681]  el0t_64_sync+0x19c/0x1a0
[    0.924684] dump_stack, pid=342
[    0.924684] CPU: 2 PID: 342 Comm: (journald) Tainted: G S                 6.5.0-asahi-14-1-ARCH #11
[    0.924686] Hardware name: Apple MacBook Air (M1, 2020) (DT)
[    0.924686] Call trace:
[    0.924687]  dump_backtrace+0x98/0x114
[    0.924690]  show_stack+0x18/0x20
[    0.924694]  dump_stack_lvl+0x48/0x5c
[    0.924697]  dump_stack+0x18/0x20
[    0.924700]  prepare_creds+0x28/0x328
[    0.924702]  cap_task_prctl+0x1b4/0x28c
[    0.924704]  security_task_prctl+0x5c/0xa0
[    0.924706]  __do_sys_prctl+0x48/0x880
[    0.924709]  __arm64_sys_prctl+0x20/0x44
[    0.924712]  invoke_syscall.constprop.0+0x50/0xe0
[    0.924715]  do_el0_svc+0x4c/0xd0
[    0.924718]  el0_svc+0x30/0x114
[    0.924721]  el0t_64_sync_handler+0xfc/0x128
[    0.924722]  el0t_64_sync+0x19c/0x1a0
[    0.924725] dump_stack, pid=342
[    0.924725] CPU: 2 PID: 342 Comm: (journald) Tainted: G S                 6.5.0-asahi-14-1-ARCH #11
[    0.924728] Hardware name: Apple MacBook Air (M1, 2020) (DT)
[    0.924728] Call trace:
[    0.924729]  dump_backtrace+0x98/0x114
[    0.924733]  show_stack+0x18/0x20
[    0.924736]  dump_stack_lvl+0x48/0x5c
[    0.924739]  dump_stack+0x18/0x20
[    0.924742]  prepare_creds+0x28/0x328
[    0.924744]  cap_task_prctl+0x1b4/0x28c
[    0.924747]  security_task_prctl+0x5c/0xa0
[    0.924748]  __do_sys_prctl+0x48/0x880
[    0.924751]  __arm64_sys_prctl+0x20/0x44
[    0.924754]  invoke_syscall.constprop.0+0x50/0xe0
[    0.924757]  do_el0_svc+0x4c/0xd0
[    0.924760]  el0_svc+0x30/0x114
[    0.924763]  el0t_64_sync_handler+0xfc/0x128
[    0.924764]  el0t_64_sync+0x19c/0x1a0
[    0.924767] dump_stack, pid=342
[    0.924768] CPU: 2 PID: 342 Comm: (journald) Tainted: G S                 6.5.0-asahi-14-1-ARCH #11
[    0.924769] Hardware name: Apple MacBook Air (M1, 2020) (DT)
[    0.924770] Call trace:
[    0.924771]  dump_backtrace+0x98/0x114
[    0.924774]  show_stack+0x18/0x20
[    0.924777]  dump_stack_lvl+0x48/0x5c
[    0.924780]  dump_stack+0x18/0x20
[    0.924784]  prepare_creds+0x28/0x328
[    0.924786]  cap_task_prctl+0x1b4/0x28c
[    0.924789]  security_task_prctl+0x5c/0xa0
[    0.924790]  __do_sys_prctl+0x48/0x880
[    0.924793]  __arm64_sys_prctl+0x20/0x44
[    0.924796]  invoke_syscall.constprop.0+0x50/0xe0
[    0.924799]  do_el0_svc+0x4c/0xd0
[    0.924802]  el0_svc+0x30/0x114
[    0.924805]  el0t_64_sync_handler+0xfc/0x128
[    0.924806]  el0t_64_sync+0x19c/0x1a0
[    0.924813] dump_stack, pid=342
[    0.924814] CPU: 2 PID: 342 Comm: (journald) Tainted: G S                 6.5.0-asahi-14-1-ARCH #11
[    0.924815] Hardware name: Apple MacBook Air (M1, 2020) (DT)
[    0.924816] Call trace:
[    0.924816]  dump_backtrace+0x98/0x114
[    0.924820]  show_stack+0x18/0x20
[    0.924823]  dump_stack_lvl+0x48/0x5c
[    0.924826]  dump_stack+0x18/0x20
[    0.924829]  prepare_creds+0x28/0x328
[    0.924832]  cap_task_prctl+0x1b4/0x28c
[    0.924834]  security_task_prctl+0x5c/0xa0
[    0.924836]  __do_sys_prctl+0x48/0x880
[    0.924839]  __arm64_sys_prctl+0x20/0x44
[    0.924842]  invoke_syscall.constprop.0+0x50/0xe0
[    0.924845]  do_el0_svc+0x4c/0xd0
[    0.924847]  el0_svc+0x30/0x114
[    0.924851]  el0t_64_sync_handler+0xfc/0x128
[    0.924852]  el0t_64_sync+0x19c/0x1a0
[    0.924855] dump_stack, pid=342
[    0.924856] CPU: 2 PID: 342 Comm: (journald) Tainted: G S                 6.5.0-asahi-14-1-ARCH #11
[    0.924857] Hardware name: Apple MacBook Air (M1, 2020) (DT)
[    0.924858] Call trace:
[    0.924859]  dump_backtrace+0x98/0x114
[    0.924862]  show_stack+0x18/0x20
[    0.924865]  dump_stack_lvl+0x48/0x5c
[    0.924869]  dump_stack+0x18/0x20
[    0.924872]  prepare_creds+0x28/0x328
[    0.924874]  cap_task_prctl+0x1b4/0x28c
[    0.924876]  security_task_prctl+0x5c/0xa0
[    0.924878]  __do_sys_prctl+0x48/0x880
[    0.924881]  __arm64_sys_prctl+0x20/0x44
[    0.924884]  invoke_syscall.constprop.0+0x50/0xe0
[    0.924887]  do_el0_svc+0x4c/0xd0
[    0.924890]  el0_svc+0x30/0x114
[    0.924893]  el0t_64_sync_handler+0xfc/0x128
[    0.924895]  el0t_64_sync+0x19c/0x1a0
[    0.924900] dump_stack, pid=342
[    0.924901] CPU: 2 PID: 342 Comm: (journald) Tainted: G S                 6.5.0-asahi-14-1-ARCH #11
[    0.924902] Hardware name: Apple MacBook Air (M1, 2020) (DT)
[    0.924903] Call trace:
[    0.924904]  dump_backtrace+0x98/0x114
[    0.924907]  show_stack+0x18/0x20
[    0.924911]  dump_stack_lvl+0x48/0x5c
[    0.924914]  dump_stack+0x18/0x20
[    0.924917]  prepare_creds+0x28/0x328
[    0.924919]  cap_task_prctl+0x1b4/0x28c
[    0.924922]  security_task_prctl+0x5c/0xa0
[    0.924923]  __do_sys_prctl+0x48/0x880
[    0.924926]  __arm64_sys_prctl+0x20/0x44
[    0.924929]  invoke_syscall.constprop.0+0x50/0xe0
[    0.924932]  do_el0_svc+0x4c/0xd0
[    0.924935]  el0_svc+0x30/0x114
[    0.924938]  el0t_64_sync_handler+0xfc/0x128
[    0.924940]  el0t_64_sync+0x19c/0x1a0
[    0.924943] dump_stack, pid=342
[    0.924943] CPU: 2 PID: 342 Comm: (journald) Tainted: G S                 6.5.0-asahi-14-1-ARCH #11
[    0.924945] Hardware name: Apple MacBook Air (M1, 2020) (DT)
[    0.924945] Call trace:
[    0.924946]  dump_backtrace+0x98/0x114
[    0.924950]  show_stack+0x18/0x20
[    0.924953]  dump_stack_lvl+0x48/0x5c
[    0.924956]  dump_stack+0x18/0x20
[    0.924959]  prepare_creds+0x28/0x328
[    0.924961]  cap_task_prctl+0x1b4/0x28c
[    0.924964]  security_task_prctl+0x5c/0xa0
[    0.924965]  __do_sys_prctl+0x48/0x880
[    0.924968]  __arm64_sys_prctl+0x20/0x44
[    0.924971]  invoke_syscall.constprop.0+0x50/0xe0
[    0.924974]  do_el0_svc+0x4c/0xd0
[    0.924977]  el0_svc+0x30/0x114
[    0.924980]  el0t_64_sync_handler+0xfc/0x128
[    0.924982]  el0t_64_sync+0x19c/0x1a0
[    0.924985] dump_stack, pid=342
[    0.924986] CPU: 2 PID: 342 Comm: (journald) Tainted: G S                 6.5.0-asahi-14-1-ARCH #11
[    0.924987] Hardware name: Apple MacBook Air (M1, 2020) (DT)
[    0.924988] Call trace:
[    0.924988]  dump_backtrace+0x98/0x114
[    0.924992]  show_stack+0x18/0x20
[    0.924995]  dump_stack_lvl+0x48/0x5c
[    0.924998]  dump_stack+0x18/0x20
[    0.925001]  prepare_creds+0x28/0x328
[    0.925004]  cap_task_prctl+0x1b4/0x28c
[    0.925006]  security_task_prctl+0x5c/0xa0
[    0.925008]  __do_sys_prctl+0x48/0x880
[    0.925011]  __arm64_sys_prctl+0x20/0x44
[    0.925014]  invoke_syscall.constprop.0+0x50/0xe0
[    0.925017]  do_el0_svc+0x4c/0xd0
[    0.925019]  el0_svc+0x30/0x114
[    0.925023] taskcred: ***OKOKOK1*** pid=1
[    0.925023]  el0t_64_sync_handler+0xfc/0x128
[    0.925025]  el0t_64_sync+0x19c/0x1a0
[    0.925028] dump_stack, pid=342
[    0.925028] CPU: 2 PID: 342 Comm: (journald) Tainted: G S                 6.5.0-asahi-14-1-ARCH #11
[    0.925030] Hardware name: Apple MacBook Air (M1, 2020) (DT)
[    0.925031] Call trace:
[    0.925032]  dump_backtrace+0x98/0x114
[    0.925035]  show_stack+0x18/0x20
[    0.925039]  dump_stack_lvl+0x48/0x5c
[    0.925042]  dump_stack+0x18/0x20
[    0.925045]  prepare_creds+0x28/0x328
[    0.925047]  cap_task_prctl+0x1b4/0x28c
[    0.925049]  security_task_prctl+0x5c/0xa0
[    0.925051]  __do_sys_prctl+0x48/0x880
[    0.925054]  __arm64_sys_prctl+0x20/0x44
[    0.925057]  invoke_syscall.constprop.0+0x50/0xe0
[    0.925060]  do_el0_svc+0x4c/0xd0
[    0.925062]  el0_svc+0x30/0x114
[    0.925065]  el0t_64_sync_handler+0xfc/0x128
[    0.925067]  el0t_64_sync+0x19c/0x1a0
[    0.925069] dump_stack, pid=342
[    0.925070] CPU: 2 PID: 342 Comm: (journald) Tainted: G S                 6.5.0-asahi-14-1-ARCH #11
[    0.925072] Hardware name: Apple MacBook Air (M1, 2020) (DT)
[    0.925072] Call trace:
[    0.925073]  dump_backtrace+0x98/0x114
[    0.925076]  show_stack+0x18/0x20
[    0.925079]  dump_stack_lvl+0x48/0x5c
[    0.925083]  dump_stack+0x18/0x20
[    0.925086]  prepare_creds+0x28/0x328
[    0.925088]  cap_task_prctl+0x1b4/0x28c
[    0.925090]  security_task_prctl+0x5c/0xa0
[    0.925092]  __do_sys_prctl+0x48/0x880
[    0.925095]  __arm64_sys_prctl+0x20/0x44
[    0.925098]  invoke_syscall.constprop.0+0x50/0xe0
[    0.925101]  do_el0_svc+0x4c/0xd0
[    0.925104]  el0_svc+0x30/0x114
[    0.925107]  el0t_64_sync_handler+0xfc/0x128
[    0.925109]  el0t_64_sync+0x19c/0x1a0
[    0.925112] dump_stack, pid=342
[    0.925112] CPU: 2 PID: 342 Comm: (journald) Tainted: G S                 6.5.0-asahi-14-1-ARCH #11
[    0.925114] Hardware name: Apple MacBook Air (M1, 2020) (DT)
[    0.925115] Call trace:
[    0.925115]  dump_backtrace+0x98/0x114
[    0.925119]  show_stack+0x18/0x20
[    0.925122]  dump_stack_lvl+0x48/0x5c
[    0.925125]  dump_stack+0x18/0x20
[    0.925128]  prepare_creds+0x28/0x328
[    0.925131]  cap_task_prctl+0x1b4/0x28c
[    0.925133]  security_task_prctl+0x5c/0xa0
[    0.925135]  __do_sys_prctl+0x48/0x880
[    0.925138]  __arm64_sys_prctl+0x20/0x44
[    0.925140]  invoke_syscall.constprop.0+0x50/0xe0
[    0.925143]  do_el0_svc+0x4c/0xd0
[    0.925146]  el0_svc+0x30/0x114
[    0.925149]  el0t_64_sync_handler+0xfc/0x128
[    0.925151]  el0t_64_sync+0x19c/0x1a0
[    0.925153] dump_stack, pid=342
[    0.925153] CPU: 2 PID: 342 Comm: (journald) Tainted: G S                 6.5.0-asahi-14-1-ARCH #11
[    0.925155] Hardware name: Apple MacBook Air (M1, 2020) (DT)
[    0.925156] Call trace:
[    0.925156]  dump_backtrace+0x98/0x114
[    0.925160]  show_stack+0x18/0x20
[    0.925163]  dump_stack_lvl+0x48/0x5c
[    0.925166]  dump_stack+0x18/0x20
[    0.925169]  prepare_creds+0x28/0x328
[    0.925172]  cap_task_prctl+0x1b4/0x28c
[    0.925174]  security_task_prctl+0x5c/0xa0
[    0.925176]  __do_sys_prctl+0x48/0x880
[    0.925179]  __arm64_sys_prctl+0x20/0x44
[    0.925181]  invoke_syscall.constprop.0+0x50/0xe0
[    0.925184]  do_el0_svc+0x4c/0xd0
[    0.925187]  el0_svc+0x30/0x114
[    0.925190]  el0t_64_sync_handler+0xfc/0x128
[    0.925192]  el0t_64_sync+0x19c/0x1a0
[    0.925194] dump_stack, pid=342
[    0.925195] CPU: 2 PID: 342 Comm: (journald) Tainted: G S                 6.5.0-asahi-14-1-ARCH #11
[    0.925196] Hardware name: Apple MacBook Air (M1, 2020) (DT)
[    0.925197] Call trace:
[    0.925198]  dump_backtrace+0x98/0x114
[    0.925201]  show_stack+0x18/0x20
[    0.925204]  dump_stack_lvl+0x48/0x5c
[    0.925207]  dump_stack+0x18/0x20
[    0.925210]  prepare_creds+0x28/0x328
[    0.925213]  cap_task_prctl+0x1b4/0x28c
[    0.925215]  security_task_prctl+0x5c/0xa0
[    0.925217]  __do_sys_prctl+0x48/0x880
[    0.925220]  __arm64_sys_prctl+0x20/0x44
[    0.925223]  invoke_syscall.constprop.0+0x50/0xe0
[    0.925226]  do_el0_svc+0x4c/0xd0
[    0.925228]  el0_svc+0x30/0x114
[    0.925232]  el0t_64_sync_handler+0xfc/0x128
[    0.925233]  el0t_64_sync+0x19c/0x1a0
[    0.925236] dump_stack, pid=342
[    0.925236] CPU: 2 PID: 342 Comm: (journald) Tainted: G S                 6.5.0-asahi-14-1-ARCH #11
[    0.925238] Hardware name: Apple MacBook Air (M1, 2020) (DT)
[    0.925238] Call trace:
[    0.925239]  dump_backtrace+0x98/0x114
[    0.925243]  show_stack+0x18/0x20
[    0.925246]  dump_stack_lvl+0x48/0x5c
[    0.925249]  dump_stack+0x18/0x20
[    0.925252]  prepare_creds+0x28/0x328
[    0.925254]  cap_task_prctl+0x1b4/0x28c
[    0.925257]  security_task_prctl+0x5c/0xa0
[    0.925258]  __do_sys_prctl+0x48/0x880
[    0.925261]  __arm64_sys_prctl+0x20/0x44
[    0.925264]  invoke_syscall.constprop.0+0x50/0xe0
[    0.925267]  do_el0_svc+0x4c/0xd0
[    0.925270]  el0_svc+0x30/0x114
[    0.925273]  el0t_64_sync_handler+0xfc/0x128
[    0.925275]  el0t_64_sync+0x19c/0x1a0
[    0.925278] dump_stack, pid=342
[    0.925279] CPU: 2 PID: 342 Comm: (journald) Tainted: G S                 6.5.0-asahi-14-1-ARCH #11
[    0.925281] Hardware name: Apple MacBook Air (M1, 2020) (DT)
[    0.925282] Call trace:
[    0.925282]  dump_backtrace+0x98/0x114
[    0.925289]  show_stack+0x18/0x20
[    0.925293]  dump_stack_lvl+0x48/0x5c
[    0.925297] systemd[1]: Starting Load Kernel Modules...
[    0.925296]  dump_stack+0x18/0x20
[    0.925300]  prepare_creds+0x28/0x328
[    0.925303]  cap_task_prctl+0x1b4/0x28c
[    0.925306]  security_task_prctl+0x5c/0xa0
[    0.925308]  __do_sys_prctl+0x48/0x880
[    0.925311]  __arm64_sys_prctl+0x20/0x44
[    0.925314]  invoke_syscall.constprop.0+0x50/0xe0
[    0.925317]  do_el0_svc+0x4c/0xd0
[    0.925320]  el0_svc+0x30/0x114
[    0.925323]  el0t_64_sync_handler+0xfc/0x128
[    0.925325]  el0t_64_sync+0x19c/0x1a0
[    0.925327] dump_stack, pid=342
[    0.925328] CPU: 2 PID: 342 Comm: (journald) Tainted: G S                 6.5.0-asahi-14-1-ARCH #11
[    0.925329] Hardware name: Apple MacBook Air (M1, 2020) (DT)
[    0.925330] Call trace:
[    0.925331]  dump_backtrace+0x98/0x114
[    0.925334]  show_stack+0x18/0x20
[    0.925338]  dump_stack_lvl+0x48/0x5c
[    0.925341]  dump_stack+0x18/0x20
[    0.925344]  prepare_creds+0x28/0x328
[    0.925346]  cap_task_prctl+0x1b4/0x28c
[    0.925349]  security_task_prctl+0x5c/0xa0
[    0.925351]  __do_sys_prctl+0x48/0x880
[    0.925354]  __arm64_sys_prctl+0x20/0x44
[    0.925357]  invoke_syscall.constprop.0+0x50/0xe0
[    0.925359]  do_el0_svc+0x4c/0xd0
[    0.925362]  el0_svc+0x30/0x114
[    0.925366]  el0t_64_sync_handler+0xfc/0x128
[    0.925367]  el0t_64_sync+0x19c/0x1a0
[    0.925370] dump_stack, pid=342
[    0.925370] CPU: 2 PID: 342 Comm: (journald) Tainted: G S                 6.5.0-asahi-14-1-ARCH #11
[    0.925372] Hardware name: Apple MacBook Air (M1, 2020) (DT)
[    0.925373] Call trace:
[    0.925373]  dump_backtrace+0x98/0x114
[    0.925377]  show_stack+0x18/0x20
[    0.925380]  dump_stack_lvl+0x48/0x5c
[    0.925383]  dump_stack+0x18/0x20
[    0.925386]  prepare_creds+0x28/0x328
[    0.925389]  cap_task_prctl+0x1b4/0x28c
[    0.925391]  security_task_prctl+0x5c/0xa0
[    0.925393]  __do_sys_prctl+0x48/0x880
[    0.925396]  __arm64_sys_prctl+0x20/0x44
[    0.925398]  invoke_syscall.constprop.0+0x50/0xe0
[    0.925401]  do_el0_svc+0x4c/0xd0
[    0.925404]  el0_svc+0x30/0x114
[    0.925407]  el0t_64_sync_handler+0xfc/0x128
[    0.925408] taskcred: ***OKOKOK1*** pid=343
[    0.925410]  el0t_64_sync+0x19c/0x1a0
[    0.925413] dump_stack, pid=342
[    0.925414] CPU: 2 PID: 342 Comm: (journald) Tainted: G S                 6.5.0-asahi-14-1-ARCH #11
[    0.925415] Hardware name: Apple MacBook Air (M1, 2020) (DT)
[    0.925416] Call trace:
[    0.925416]  dump_backtrace+0x98/0x114
[    0.925420]  show_stack+0x18/0x20
[    0.925423]  dump_stack_lvl+0x48/0x5c
[    0.925426]  dump_stack+0x18/0x20
[    0.925429]  prepare_creds+0x28/0x328
[    0.925432]  cap_task_prctl+0x1b4/0x28c
[    0.925435]  security_task_prctl+0x5c/0xa0
[    0.925437]  __do_sys_prctl+0x48/0x880
[    0.925440] taskcred: ***OKOKOK1*** pid=343
[    0.925440]  __arm64_sys_prctl+0x20/0x44
[    0.925442] Before callin security_capset_1, pid=343
[    0.925444] cap_capset_1, pid=343
[    0.925444] taskcred: ***OKOKOK3.12*** in UPDATE_CAP_EFFECTIVE_MACRO, current->pid=343, task->pid=343, task->comm=(les-load), cred=d9555c0, old sac=6f0f03b4, computed sac=6f0f03b4, new sac=6f0f03b4
[    0.925446] taskcred: ***OKOKOK3.10*** in UPDATE_CAP_INHERITABLE_MACRO, current->pid=343, task->pid=343, task->comm=(les-load)
[    0.925446]  invoke_syscall.constprop.0+0x50/0xe0
[    0.925447] taskcred: ***OKOKOK3.11*** in UPDATE_CAP_PERMITTED_MACRO, current->pid=343, task->pid=343, task->comm=(les-load), cred=d9555c0, old sac=6f0f03b4, computed sac=6f0f03b4, new sac=6f0f03b4
[    0.925450] taskcred: ***OKOKOK3.14*** in UPDATE_CAP_AMBIENT_MACRO, current->pid=343, task->pid=343, task->comm=(les-load), cred=d9555c0, old sac=6f0f03b4, computed sac=6f0f03b4, new sac=6f0f03b4
[    0.925452]  do_el0_svc+0x4c/0xd0
[    0.925456]  el0_svc+0x30/0x114
[    0.925459]  el0t_64_sync_handler+0xfc/0x128
[    0.925461]  el0t_64_sync+0x19c/0x1a0
[    0.925465] dump_stack, pid=342
[    0.925465] CPU: 2 PID: 342 Comm: (journald) Tainted: G S                 6.5.0-asahi-14-1-ARCH #11
[    0.925467] Hardware name: Apple MacBook Air (M1, 2020) (DT)
[    0.925468] Call trace:
[    0.925468]  dump_backtrace+0x98/0x114
[    0.925472]  show_stack+0x18/0x20
[    0.925475]  dump_stack_lvl+0x48/0x5c
[    0.925478]  dump_stack+0x18/0x20
[    0.925481] taskcred: ***OKOKOK1*** pid=343
[    0.925482] taskcred: ***OKOKOK4*** pid=343
[    0.925482]  prepare_creds+0x28/0x328
[    0.925485]  cap_task_prctl+0x1b4/0x28c
[    0.925487]  security_task_prctl+0x5c/0xa0
[    0.925489]  __do_sys_prctl+0x48/0x880
[    0.925492]  __arm64_sys_prctl+0x20/0x44
[    0.925495]  invoke_syscall.constprop.0+0x50/0xe0
[    0.925498]  do_el0_svc+0x4c/0xd0
[    0.925500]  el0_svc+0x30/0x114
[    0.925504]  el0t_64_sync_handler+0xfc/0x128
[    0.925505]  el0t_64_sync+0x19c/0x1a0
[    0.925508] dump_stack, pid=342
[    0.925508] CPU: 2 PID: 342 Comm: (journald) Tainted: G S                 6.5.0-asahi-14-1-ARCH #11
[    0.925510] Hardware name: Apple MacBook Air (M1, 2020) (DT)
[    0.925510] Call trace:
[    0.925511]  dump_backtrace+0x98/0x114
[    0.925514]  show_stack+0x18/0x20
[    0.925518]  dump_stack_lvl+0x48/0x5c
[    0.925521]  dump_stack+0x18/0x20
[    0.925524]  prepare_creds+0x28/0x328
[    0.925526]  cap_task_prctl+0x1b4/0x28c
[    0.925529]  security_task_prctl+0x5c/0xa0
[    0.925530]  __do_sys_prctl+0x48/0x880
[    0.925533]  __arm64_sys_prctl+0x20/0x44
[    0.925536]  invoke_syscall.constprop.0+0x50/0xe0
[    0.925539]  do_el0_svc+0x4c/0xd0
[    0.925541]  el0_svc+0x30/0x114
[    0.925545]  el0t_64_sync_handler+0xfc/0x128
[    0.925546]  el0t_64_sync+0x19c/0x1a0
[    0.925549] dump_stack, pid=342
[    0.925549] CPU: 2 PID: 342 Comm: (journald) Tainted: G S                 6.5.0-asahi-14-1-ARCH #11
[    0.925550] Hardware name: Apple MacBook Air (M1, 2020) (DT)
[    0.925551] Call trace:
[    0.925552]  dump_backtrace+0x98/0x114
[    0.925555]  show_stack+0x18/0x20
[    0.925558]  dump_stack_lvl+0x48/0x5c
[    0.925561]  dump_stack+0x18/0x20
[    0.925565]  prepare_creds+0x28/0x328
[    0.925567]  cap_task_prctl+0x1b4/0x28c
[    0.925569]  security_task_prctl+0x5c/0xa0
[    0.925572]  __do_sys_prctl+0x48/0x880
[    0.925575]  __arm64_sys_prctl+0x20/0x44
[    0.925578]  invoke_syscall.constprop.0+0x50/0xe0
[    0.925581]  do_el0_svc+0x4c/0xd0
[    0.925584]  el0_svc+0x30/0x114
[    0.925587]  el0t_64_sync_handler+0xfc/0x128
[    0.925588]  el0t_64_sync+0x19c/0x1a0
[    0.925594] dump_stack, pid=342
[    0.925594] CPU: 2 PID: 342 Comm: (journald) Tainted: G S                 6.5.0-asahi-14-1-ARCH #11
[    0.925596] Hardware name: Apple MacBook Air (M1, 2020) (DT)
[    0.925597] Call trace:
[    0.925597]  dump_backtrace+0x98/0x114
[    0.925601]  show_stack+0x18/0x20
[    0.925605]  dump_stack_lvl+0x48/0x5c
[    0.925608]  dump_stack+0x18/0x20
[    0.925611]  prepare_creds+0x28/0x328
[    0.925613]  cap_task_prctl+0x1b4/0x28c
[    0.925616]  security_task_prctl+0x5c/0xa0
[    0.925617]  __do_sys_prctl+0x48/0x880
[    0.925620]  __arm64_sys_prctl+0x20/0x44
[    0.925623]  invoke_syscall.constprop.0+0x50/0xe0
[    0.925626]  do_el0_svc+0x4c/0xd0
[    0.925629]  el0_svc+0x30/0x114
[    0.925632]  el0t_64_sync_handler+0xfc/0x128
[    0.925634]  el0t_64_sync+0x19c/0x1a0
[    0.925638] dump_stack, pid=342
[    0.925639] CPU: 2 PID: 342 Comm: (journald) Tainted: G S                 6.5.0-asahi-14-1-ARCH #11
[    0.925640] Hardware name: Apple MacBook Air (M1, 2020) (DT)
[    0.925641] Call trace:
[    0.925642]  dump_backtrace+0x98/0x114
[    0.925645]  show_stack+0x18/0x20
[    0.925648]  dump_stack_lvl+0x48/0x5c
[    0.925652]  dump_stack+0x18/0x20
[    0.925655]  prepare_creds+0x28/0x328
[    0.925658]  cap_task_prctl+0x1b4/0x28c
[    0.925660]  security_task_prctl+0x5c/0xa0
[    0.925662]  __do_sys_prctl+0x48/0x880
[    0.925665]  __arm64_sys_prctl+0x20/0x44
[    0.925668]  invoke_syscall.constprop.0+0x50/0xe0
[    0.925670]  do_el0_svc+0x4c/0xd0
[    0.925673]  el0_svc+0x30/0x114
[    0.925676]  el0t_64_sync_handler+0xfc/0x128
[    0.925678]  el0t_64_sync+0x19c/0x1a0
[    0.925682] taskcred: ***PANIC1*** pid=342
[    0.925683] Before callin security_capset_1, pid=342
[    0.925684] cap_capset_1, pid=342
[    0.925685] taskcred: ***OKOKOK3.12*** in UPDATE_CAP_EFFECTIVE_MACRO, current->pid=342, task->pid=342, task->comm=(journald), cred=f46ea00, old sac=7ab6a055, computed sac=7ab6a055, new sac=7ab6a055
[    0.925687] taskcred: ***OKOKOK3.10*** in UPDATE_CAP_INHERITABLE_MACRO, current->pid=342, task->pid=342, task->comm=(journald)
[    0.925688] taskcred: ***OKOKOK3.11*** in UPDATE_CAP_PERMITTED_MACRO, current->pid=342, task->pid=342, task->comm=(journald), cred=f46ea00, old sac=7ab6a055, computed sac=7ab6a055, new sac=7ab6a055
[    0.925690] taskcred: ***OKOKOK3.14*** in UPDATE_CAP_AMBIENT_MACRO, current->pid=342, task->pid=342, task->comm=(journald), cred=f46ea00, old sac=7ab6a055, computed sac=7ab6a055, new sac=7ab6a055
[    0.925698] taskcred: ***OKOKOK1*** pid=342
[    0.925699] Before callin security_capset_1, pid=342
[    0.925699] cap_capset_1, pid=342
[    0.925699] taskcred: ***OKOKOK3.12*** in UPDATE_CAP_EFFECTIVE_MACRO, current->pid=342, task->pid=342, task->comm=(journald), cred=f46df80, old sac=ae3ac13b, computed sac=ae3ac13b, new sac=ae3ac13b
[    0.925701] taskcred: ***OKOKOK3.10*** in UPDATE_CAP_INHERITABLE_MACRO, current->pid=342, task->pid=342, task->comm=(journald)
[    0.925702] taskcred: ***OKOKOK3.11*** in UPDATE_CAP_PERMITTED_MACRO, current->pid=342, task->pid=342, task->comm=(journald), cred=f46df80, old sac=ae3ac13b, computed sac=ae3ac13b, new sac=ae3ac13b
[    0.925704] taskcred: ***OKOKOK3.14*** in UPDATE_CAP_AMBIENT_MACRO, current->pid=342, task->pid=342, task->comm=(journald), cred=f46df80, old sac=ae3ac13b, computed sac=ae3ac13b, new sac=ae3ac13b
[    0.925796] taskcred: ***OKOKOK1*** pid=1
[    0.925841] fuse: init (API version 7.38)
[    0.926135] systemd[1]: Starting Generate network units from Kernel command line...
[    0.926187] systemd[1]: TPM2 PCR Machine ID Measurement was skipped because of an unmet condition check (ConditionPathExists=/sys/firmware/efi/efivars/StubPcrKernelImage-4a67b082-0a4c-41cf-b6c7-440b29bb8c4f).
[    0.926208] taskcred: ***OKOKOK1*** pid=344
[    0.926236] taskcred: ***OKOKOK1*** pid=344
[    0.926236] Before callin security_capset_1, pid=344
[    0.926237] cap_capset_1, pid=344
[    0.926237] taskcred: ***OKOKOK3.12*** in UPDATE_CAP_EFFECTIVE_MACRO, current->pid=344, task->pid=344, task->comm=(enerator), cred=cc40240, old sac=4a3bd77d, computed sac=4a3bd77d, new sac=4a3bd77d
[    0.926238] taskcred: ***OKOKOK3.10*** in UPDATE_CAP_INHERITABLE_MACRO, current->pid=344, task->pid=344, task->comm=(enerator)
[    0.926239] taskcred: ***OKOKOK3.11*** in UPDATE_CAP_PERMITTED_MACRO, current->pid=344, task->pid=344, task->comm=(enerator), cred=cc40240, old sac=4a3bd77d, computed sac=4a3bd77d, new sac=4a3bd77d
[    0.926240] taskcred: ***OKOKOK3.14*** in UPDATE_CAP_AMBIENT_MACRO, current->pid=344, task->pid=344, task->comm=(enerator), cred=cc40240, old sac=4a3bd77d, computed sac=4a3bd77d, new sac=4a3bd77d
[    0.926272] taskcred: ***OKOKOK1*** pid=344
[    0.926273] taskcred: ***OKOKOK4*** pid=344
[    0.926468] loop: module loaded
[    0.926686] taskcred: ***OKOKOK1*** pid=1
[    0.927006] systemd[1]: Starting Remount Root and Kernel File Systems...
[    0.927173] taskcred: ***OKOKOK1*** pid=345
[    0.927236] taskcred: ***OKOKOK1*** pid=345
[    0.927237] Before callin security_capset_1, pid=345
[    0.927237] cap_capset_1, pid=345
[    0.927238] taskcred: ***OKOKOK3.12*** in UPDATE_CAP_EFFECTIVE_MACRO, current->pid=345, task->pid=345, task->comm=(mount-fs), cred=c314480, old sac=41e63cad, computed sac=41e63cad, new sac=41e63cad
[    0.927240] taskcred: ***OKOKOK3.10*** in UPDATE_CAP_INHERITABLE_MACRO, current->pid=345, task->pid=345, task->comm=(mount-fs)
[    0.927241] taskcred: ***OKOKOK3.11*** in UPDATE_CAP_PERMITTED_MACRO, current->pid=345, task->pid=345, task->comm=(mount-fs), cred=c314480, old sac=41e63cad, computed sac=41e63cad, new sac=41e63cad
[    0.927243] taskcred: ***OKOKOK3.14*** in UPDATE_CAP_AMBIENT_MACRO, current->pid=345, task->pid=345, task->comm=(mount-fs), cred=c314480, old sac=41e63cad, computed sac=41e63cad, new sac=41e63cad
[    0.927278] taskcred: ***OKOKOK1*** pid=345
[    0.927280] taskcred: ***OKOKOK4*** pid=345
[    0.927493] taskcred: ***OKOKOK1*** pid=1
[    0.927756] systemd[1]: Starting Coldplug All udev Devices...
[    0.927867] taskcred: ***OKOKOK1*** pid=346
[    0.927896] taskcred: ***OKOKOK1*** pid=346
[    0.927897] Before callin security_capset_1, pid=346
[    0.927897] cap_capset_1, pid=346
[    0.927898] taskcred: ***OKOKOK3.12*** in UPDATE_CAP_EFFECTIVE_MACRO, current->pid=346, task->pid=346, task->comm=(udevadm), cred=c3fdbc0, old sac=ebe8a11b, computed sac=ebe8a11b, new sac=ebe8a11b
[    0.927899] taskcred: ***OKOKOK3.10*** in UPDATE_CAP_INHERITABLE_MACRO, current->pid=346, task->pid=346, task->comm=(udevadm)
[    0.927900] taskcred: ***OKOKOK3.11*** in UPDATE_CAP_PERMITTED_MACRO, current->pid=346, task->pid=346, task->comm=(udevadm), cred=c3fdbc0, old sac=ebe8a11b, computed sac=ebe8a11b, new sac=ebe8a11b
[    0.927901] taskcred: ***OKOKOK3.14*** in UPDATE_CAP_AMBIENT_MACRO, current->pid=346, task->pid=346, task->comm=(udevadm), cred=c3fdbc0, old sac=ebe8a11b, computed sac=ebe8a11b, new sac=ebe8a11b
[    0.927924] taskcred: ***OKOKOK1*** pid=346
[    0.927924] taskcred: ***OKOKOK4*** pid=346
[    0.929332] systemd[1]: Mounted Huge Pages File System.
[    0.929434] systemd[1]: Mounted POSIX Message Queue File System.
[    0.929502] systemd[1]: Mounted Kernel Debug File System.
[    0.929583] systemd[1]: Mounted Temporary Directory /tmp.
[    0.929796] systemd[1]: Finished Create List of Static Device Nodes.
[    0.930077] systemd[1]: modprobe@configfs.service: Deactivated successfully.
[    0.930222] systemd[1]: Finished Load Kernel Module configfs.
[    0.930231] taskcred: ***OKOKOK1*** pid=345
[    0.930467] systemd[1]: modprobe@dm_mod.service: Deactivated successfully.
[    0.930481] taskcred: ***OKOKOK1*** pid=347
[    0.930484] taskcred: ***OKOKOK4*** pid=347
[    0.930599] systemd[1]: Finished Load Kernel Module dm_mod.
[    0.930820] systemd[1]: modprobe@drm.service: Deactivated successfully.
[    0.930964] systemd[1]: Finished Load Kernel Module drm.
[    0.931195] systemd[1]: modprobe@efi_pstore.service: Deactivated successfully.
[    0.931210] EXT4-fs (nvme0n1p5): re-mounted 16c0d463-c113-4f93-ac0a-3d3672f140b2 r/w. Quota mode: none.
[    0.931333] systemd[1]: Finished Load Kernel Module efi_pstore.
[    0.931967] systemd[1]: modprobe@fuse.service: Deactivated successfully.
[    0.932112] systemd[1]: Finished Load Kernel Module fuse.
[    0.932338] systemd[1]: modprobe@loop.service: Deactivated successfully.
[    0.932482] systemd[1]: Finished Load Kernel Module loop.
[    0.932703] systemd[1]: Finished Load Kernel Modules.
[    0.932898] systemd[1]: Finished Generate network units from Kernel command line.
[    0.933057] taskcred: ***OKOKOK1*** pid=342
[    0.933059] taskcred: ***OKOKOK4*** pid=342
[    0.933087] systemd[1]: Finished Remount Root and Kernel File Systems.
[    0.933394] systemd[1]: Reached target Preparation for Network.
[    0.933910] taskcred: ***OKOKOK1*** pid=1
[    0.934187] systemd[1]: Mounting FUSE Control File System...
[    0.934401] taskcred: ***OKOKOK1*** pid=348
[    0.934447] taskcred: ***OKOKOK1*** pid=348
[    0.934448] Before callin security_capset_1, pid=348
[    0.934448] cap_capset_1, pid=348
[    0.934449] taskcred: ***OKOKOK3.12*** in UPDATE_CAP_EFFECTIVE_MACRO, current->pid=348, task->pid=348, task->comm=(mount), cred=f46f000, old sac=7afe1d2c, computed sac=7afe1d2c, new sac=7afe1d2c
[    0.934452] taskcred: ***OKOKOK3.10*** in UPDATE_CAP_INHERITABLE_MACRO, current->pid=348, task->pid=348, task->comm=(mount)
[    0.934453] taskcred: ***OKOKOK3.11*** in UPDATE_CAP_PERMITTED_MACRO, current->pid=348, task->pid=348, task->comm=(mount), cred=f46f000, old sac=7afe1d2c, computed sac=7afe1d2c, new sac=7afe1d2c
[    0.934454] taskcred: ***OKOKOK3.14*** in UPDATE_CAP_AMBIENT_MACRO, current->pid=348, task->pid=348, task->comm=(mount), cred=f46f000, old sac=7afe1d2c, computed sac=7afe1d2c, new sac=7afe1d2c
[    0.934485] taskcred: ***OKOKOK1*** pid=348
[    0.934486] taskcred: ***OKOKOK4*** pid=348
[    0.934615] taskcred: ***OKOKOK1*** pid=1
[    0.934829] systemd[1]: Mounting Kernel Configuration File System...
[    0.935006] taskcred: ***OKOKOK1*** pid=349
[    0.935044] taskcred: ***OKOKOK1*** pid=349
[    0.935045] Before callin security_capset_1, pid=349
[    0.935046] cap_capset_1, pid=349
[    0.935047] taskcred: ***OKOKOK3.12*** in UPDATE_CAP_EFFECTIVE_MACRO, current->pid=349, task->pid=349, task->comm=(mount), cred=11d39440, old sac=708e33fa, computed sac=708e33fa, new sac=708e33fa
[    0.935049] taskcred: ***OKOKOK3.10*** in UPDATE_CAP_INHERITABLE_MACRO, current->pid=349, task->pid=349, task->comm=(mount)
[    0.935050] taskcred: ***OKOKOK3.11*** in UPDATE_CAP_PERMITTED_MACRO, current->pid=349, task->pid=349, task->comm=(mount), cred=11d39440, old sac=708e33fa, computed sac=708e33fa, new sac=708e33fa
[    0.935052] taskcred: ***OKOKOK3.14*** in UPDATE_CAP_AMBIENT_MACRO, current->pid=349, task->pid=349, task->comm=(mount), cred=11d39440, old sac=708e33fa, computed sac=708e33fa, new sac=708e33fa
[    0.935083] taskcred: ***OKOKOK1*** pid=349
[    0.935084] taskcred: ***OKOKOK4*** pid=349
[    0.935271] systemd[1]: Rebuild Hardware Database was skipped because no trigger condition checks were met.
[    0.935334] systemd[1]: Platform Persistent Storage Archival was skipped because of an unmet condition check (ConditionDirectoryNotEmpty=/sys/fs/pstore).
[    0.935647] systemd-journald[342]: Collecting audit messages is enabled.
[    0.935866] taskcred: ***OKOKOK1*** pid=1
[    0.936139] systemd[1]: Starting Load/Save OS Random Seed...
[    0.936195] systemd[1]: Repartition Root Disk was skipped because no trigger condition checks were met.
[    0.936285] taskcred: ***OKOKOK1*** pid=350
